Component: ARM Compiler 5.06 update 7 (build 960) Tool: armlink [4d3601]

==============================================================================

Section Cross References

    startup_tm4c123.o(STACK) refers (Special) to heapauxi.o(.text) for __use_two_region_memory
    startup_tm4c123.o(HEAP) refers (Special) to heapauxi.o(.text) for __use_two_region_memory
    startup_tm4c123.o(RESET) refers (Special) to heapauxi.o(.text) for __use_two_region_memory
    startup_tm4c123.o(RESET) refers to startup_tm4c123.o(STACK) for __initial_sp
    startup_tm4c123.o(RESET) refers to startup_tm4c123.o(.text) for Reset_Handler
    startup_tm4c123.o(RESET) refers to uart.o(.text) for UART1_Handler
    startup_tm4c123.o(RESET) refers to timer0.o(.text) for TIMER0A_Handler
    startup_tm4c123.o(RESET) refers to timer1.o(.text) for TIMER1A_Handler
    startup_tm4c123.o(RESET) refers to texas.o(.text) for TIMER5A_Handler
    startup_tm4c123.o(.text) refers (Special) to heapauxi.o(.text) for __use_two_region_memory
    startup_tm4c123.o(.text) refers to __main.o(!!!main) for __main
    startup_tm4c123.o(.text) refers to startup_tm4c123.o(HEAP) for Heap_Mem
    startup_tm4c123.o(.text) refers to startup_tm4c123.o(STACK) for Stack_Mem
    main.o(.text) refers to slidepot.o(.text) for ADC_Init()
    main.o(.text) refers to st7735.o(.text) for ST7735_DrawPixel(short, short, unsigned short)
    main.o(.text) refers to main.o(i._ZN4Tile4fallEv) for Tile::fall()
    main.o(.text) refers to main.o(i._ZN4Tile9offScreenEv) for Tile::offScreen()
    main.o(.text) refers to timer0.o(.text) for Timer0_Stop()
    main.o(.text) refers to dflt_clz.o(x$fpl$dflt) for __aeabi_i2d
    main.o(.text) refers to pow.o(i.pow) for pow
    main.o(.text) refers to dfix.o(x$fpl$dfix) for __aeabi_d2iz
    main.o(.text) refers to main.o(i._ZN5ImageC1EiiPKt) for Image::Image(int, int, const unsigned short*)
    main.o(.text) refers to main.o(i._ZN5Image4drawEii) for Image::draw(int, int)
    main.o(.text) refers to random.o(.text) for Random()
    main.o(.text) refers to new.o(i._Znwj) for operator new(unsigned)
    main.o(.text) refers to main.o(i._ZN6SpriteC1EiiP5Image) for Sprite::Sprite(int, int, Image*)
    main.o(.text) refers to main.o(i._ZN6Sprite4drawEv) for Sprite::draw()
    main.o(.text) refers to delete.o(i._ZdlPv) for operator delete (void*)
    main.o(.text) refers to main.o(.data) for fallTileCount
    main.o(.text) refers to main.o(.bss) for BlockBlank
    main.o(.text) refers to main.o(.constdata) for EasyLevelBackgroundSrc
    main.o(.text) refers to images.o(.data) for currentBackground
    main.o(.text) refers to main.o(i._ZN5Image5eraseEii) for Image::erase(int, int)
    main.o(.text) refers to sound.o(.text) for Sound_Play(int)
    main.o(.text) refers to pll.o(.text) for PLL_Init(unsigned)
    main.o(.text) refers to texas.o(.text) for TExaS_Init()
    main.o(.text) refers to startup_tm4c123.o(.text) for EnableInterrupts
    main.o(.text) refers to sprite.o(.data) for spriteToAnimate
    main.o(.text) refers to sprite.o(.text) for floatAnimation()
    main.o(.ARM.exidx) refers to main.o(.text) for .text
    main.o(.init_array) refers to main.o(.text) for __sti___8_main_cpp_my
    main.o(.init_array) refers to init_aeabi.o(.text) for __cpp_initialize__aeabi_
    dac.o(.ARM.exidx) refers to dac.o(.text) for .text
    pll.o(.ARM.exidx) refers to pll.o(.text) for .text
    random.o(.text) refers to random.o(.data) for M
    random.o(.ARM.exidx) refers to random.o(.text) for .text
    st7735.o(.text) refers to images.o(.text) for backgroundPixel(int, int)
    st7735.o(.text) refers to st7735.o(.data) for RowStart
    st7735.o(.text) refers to st7735.o(.constdata) for Bcmd
    st7735.o(.text) refers to st7735.o(.bss) for Message
    st7735.o(.ARM.exidx) refers to st7735.o(.text) for .text
    slidepot.o(.ARM.exidx) refers to slidepot.o(.text) for .text
    sound.o(.text) refers to dac.o(.text) for DAC_Out(unsigned char)
    sound.o(.text) refers to timer1.o(.text) for Timer1A_Stop()
    sound.o(.text) refers to sound.o(.data) for soundToPlay
    sound.o(.text) refers to sound.o(.bss) for soundList
    sound.o(.text) refers to sound.o(.constdata) for TitleTheme_Intro
    sound.o(.ARM.exidx) refers to sound.o(.text) for .text
    sound.o(.init_array) refers to sound.o(.text) for __sti___9_Sound_cpp_c0efdbab
    sound.o(.init_array) refers to init_aeabi.o(.text) for __cpp_initialize__aeabi_
    timer0.o(.text) refers to timer0.o(.data) for PeriodicTask0
    timer0.o(.ARM.exidx) refers to timer0.o(.text) for .text
    timer1.o(.text) refers to timer1.o(.data) for PeriodicTask1
    timer1.o(.ARM.exidx) refers to timer1.o(.text) for .text
    uart.o(.text) refers to fifo.o(.text) for Queue::Queue()
    uart.o(.text) refers to uart.o(.bss) for RxFifo
    uart.o(.ARM.exidx) refers to uart.o(.text) for .text
    uart.o(.init_array) refers to uart.o(.text) for __sti___8_UART_cpp_RxFifo
[...]
    ../mathlib/fpclassify.c                  0x00000000   Number         0  fpclassify.o ABSOLUTE
    ../mathlib/poly.c                        0x00000000   Number         0  poly.o ABSOLUTE
    ../mathlib/pow.c                         0x00000000   Number         0  pow_x.o ABSOLUTE
    ../mathlib/pow.c                         0x00000000   Number         0  pow.o ABSOLUTE
    ../mathlib/qnan.c                        0x00000000   Number         0  qnan.o ABSOLUTE
    ../mathlib/sqrt.c                        0x00000000   Number         0  sqrt_x.o ABSOLUTE
    ../mathlib/sqrt.c                        0x00000000   Number         0  sqrt.o ABSOLUTE
    DAC.cpp                                  0x00000000   Number         0  dac.o ABSOLUTE
    FIFO.cpp                                 0x00000000   Number         0  fifo.o ABSOLUTE
    Images.cpp                               0x00000000   Number         0  images.o ABSOLUTE
    PLL.cpp                                  0x00000000   Number         0  pll.o ABSOLUTE
    ST7735.cpp                               0x00000000   Number         0  st7735.o ABSOLUTE
    SlidePot.cpp                             0x00000000   Number         0  slidepot.o ABSOLUTE
    Sound.cpp                                0x00000000   Number         0  sound.o ABSOLUTE
    Sprite.cpp                               0x00000000   Number         0  sprite.o ABSOLUTE
    TExaS.cpp                                0x00000000   Number         0  texas.o ABSOLUTE
    Timer0.cpp                               0x00000000   Number         0  timer0.o ABSOLUTE
    Timer1.cpp                               0x00000000   Number         0  timer1.o ABSOLUTE
    UART.cpp                                 0x00000000   Number         0  uart.o ABSOLUTE
    dc.s                                     0x00000000   Number         0  dc.o ABSOLUTE
    main.cpp                                 0x00000000   Number         0  main.o ABSOLUTE
    random.cpp                               0x00000000   Number         0  random.o ABSOLUTE
    startup_TM4C123.s                        0x00000000   Number         0  startup_tm4c123.o ABSOLUTE
    !!!main                                  0x0000026c   Section        8  __main.o(!!!main)
    !!!scatter                               0x00000274   Section       52  __scatter.o(!!!scatter)
    !!handler_copy                           0x000002a8   Section       26  __scatter_copy.o(!!handler_copy)
    !!handler_zi                             0x000002c4   Section       28  __scatter_zi.o(!!handler_zi)
    .ARM.Collect$$libinit$$00000000          0x000002e0   Section        2  libinit.o(.ARM.Collect$$libinit$$00000000)
    .ARM.Collect$$libinit$$00000002          0x000002e2   Section        0  libinit2.o(.ARM.Collect$$libinit$$00000002)
    .ARM.Collect$$libinit$$00000004          0x000002e2   Section        0  libinit2.o(.ARM.Collect$$libinit$$00000004)
    .ARM.Collect$$libinit$$00000005          0x000002e2   Section        8  libinit2.o(.ARM.Collect$$libinit$$00000005)
    .ARM.Collect$$libinit$$0000000A          0x000002ea   Section        0  libinit2.o(.ARM.Collect$$libinit$$0000000A)
    .ARM.Collect$$libinit$$0000000C          0x000002ea   Section        0  libinit2.o(.ARM.Collect$$libinit$$0000000C)
    .ARM.Collect$$libinit$$0000000E          0x000002ea   Section        0  libinit2.o(.ARM.Collect$$libinit$$0000000E)
    .ARM.Collect$$libinit$$00000011          0x000002ea   Section        0  libinit2.o(.ARM.Collect$$libinit$$00000011)
    .ARM.Collect$$libinit$$00000013          0x000002ea   Section        0  libinit2.o(.ARM.Collect$$libinit$$00000013)
    .ARM.Collect$$libinit$$00000015          0x000002ea   Section        0  libinit2.o(.ARM.Collect$$libinit$$00000015)
    .ARM.Collect$$libinit$$00000017          0x000002ea   Section        0  libinit2.o(.ARM.Collect$$libinit$$00000017)
    .ARM.Collect$$libinit$$00000019          0x000002ea   Section        0  libinit2.o(.ARM.Collect$$libinit$$00000019)
    .ARM.Collect$$libinit$$0000001B          0x000002ea   Section        0  libinit2.o(.ARM.Collect$$libinit$$0000001B)
    .ARM.Collect$$libinit$$0000001D          0x000002ea   Section        0  libinit2.o(.ARM.Collect$$libinit$$0000001D)
    .ARM.Collect$$libinit$$0000001F          0x000002ea   Section        0  libinit2.o(.ARM.Collect$$libinit$$0000001F)
    .ARM.Collect$$libinit$$00000021          0x000002ea   Section        0  libinit2.o(.ARM.Collect$$libinit$$00000021)
    .ARM.Collect$$libinit$$00000023          0x000002ea   Section        0  libinit2.o(.ARM.Collect$$libinit$$00000023)
    .ARM.Collect$$libinit$$00000025          0x000002ea   Section        0  libinit2.o(.ARM.Collect$$libinit$$00000025)
    .ARM.Collect$$libinit$$0000002C          0x000002ea   Section        0  libinit2.o(.ARM.Collect$$libinit$$0000002C)
    .ARM.Collect$$libinit$$0000002E          0x000002ea   Section        0  libinit2.o(.ARM.Collect$$libinit$$0000002E)
    .ARM.Collect$$libinit$$00000030          0x000002ea   Section        0  libinit2.o(.ARM.Collect$$libinit$$00000030)
    .ARM.Collect$$libinit$$00000031          0x000002ea   Section        4  libinit2.o(.ARM.Collect$$libinit$$00000031)
    .ARM.Collect$$libinit$$00000032          0x000002ee   Section        0  libinit2.o(.ARM.Collect$$libinit$$00000032)
    .ARM.Collect$$libinit$$00000033          0x000002ee   Section        2  libinit2.o(.ARM.Collect$$libinit$$00000033)
    .ARM.Collect$$libshutdown$$00000000      0x000002f0   Section        2  libshutdown.o(.ARM.Collect$$libshutdown$$00000000)
    .ARM.Collect$$libshutdown$$00000002      0x000002f2   Section        0  libshutdown2.o(.ARM.Collect$$libshutdown$$00000002)
    .ARM.Collect$$libshutdown$$00000004      0x000002f2   Section        0  libshutdown2.o(.ARM.Collect$$libshutdown$$00000004)
    .ARM.Collect$$libshutdown$$00000006      0x000002f2   Section        0  libshutdown2.o(.ARM.Collect$$libshutdown$$00000006)
    .ARM.Collect$$libshutdown$$00000009      0x000002f2   Section        0  libshutdown2.o(.ARM.Collect$$libshutdown$$00000009)
    .ARM.Collect$$libshutdown$$0000000C      0x000002f2   Section        0  libshutdown2.o(.ARM.Collect$$libshutdown$$0000000C)
    .ARM.Collect$$libshutdown$$0000000E      0x000002f2   Section        0  libshutdown2.o(.ARM.Collect$$libshutdown$$0000000E)
    .ARM.Collect$$libshutdown$$00000011      0x000002f2   Section        0  libshutdown2.o(.ARM.Collect$$libshutdown$$00000011)
    .ARM.Collect$$libshutdown$$00000012      0x000002f2   Section        2  libshutdown2.o(.ARM.Collect$$libshutdown$$00000012)
    .ARM.Collect$$rtentry$$00000000          0x000002f4   Section        0  __rtentry.o(.ARM.Collect$$rtentry$$00000000)
    .ARM.Collect$$rtentry$$00000002          0x000002f4   Section        0  __rtentry2.o(.ARM.Collect$$rtentry$$00000002)
    .ARM.Collect$$rtentry$$00000004          0x000002f4   Section        6  __rtentry4.o(.ARM.Collect$$rtentry$$00000004)
    .ARM.Collect$$rtentry$$00000009          0x000002fa   Section        0  __rtentry2.o(.ARM.Collect$$rtentry$$00000009)
    .ARM.Collect$$rtentry$$0000000A          0x000002fa   Section        4  __rtentry2.o(.ARM.Collect$$rtentry$$0000000A)
    .ARM.Collect$$rtentry$$0000000C          0x000002fe   Section        0  __rtentry2.o(.ARM.Collect$$rtentry$$0000000C)
    .ARM.Collect$$rtentry$$0000000D          0x000002fe   Section        8  __rtentry2.o(.ARM.Collect$$rtentry$$0000000D)
    .ARM.Collect$$rtexit$$00000000           0x00000306   Section        2  rtexit.o(.ARM.Collect$$rtexit$$00000000)
    .ARM.Collect$$rtexit$$00000002           0x00000308   Section        0  rtexit2.o(.ARM.Collect$$rtexit$$00000002)
    .ARM.Collect$$rtexit$$00000003           0x00000308   Section        4  rtexit2.o(.ARM.Collect$$rtexit$$00000003)
    .ARM.Collect$$rtexit$$00000004           0x0000030c   Section        6  rtexit2.o(.ARM.Collect$$rtexit$$00000004)
    .emb_text                                0x00000314   Section        0  maybetermalloc1.o(.emb_text)
    .text                                    0x00000314   Section      296  startup_tm4c123.o(.text)
    .text                                    0x0000043c   Section        0  main.o(.text)
    __sti___8_main_cpp_my                    0x00000ceb   Thumb Code    52  main.o(.text)
    .text                                    0x00000d3c   Section        0  dac.o(.text)
    .text                                    0x00000d98   Section        0  pll.o(.text)
    .text                                    0x00000e14   Section        0  random.o(.text)
    .text                                    0x00000e54   Section        0  st7735.o(.text)
    writecommand(unsigned char)              0x00000e55   Thumb Code    46  st7735.o(.text)
    writedata(unsigned char)                 0x00000e83   Thumb Code    26  st7735.o(.text)
    deselect()                               0x00000e9d   Thumb Code    24  st7735.o(.text)
    commandList(const unsigned char*)        0x00000ed5   Thumb Code    86  st7735.o(.text)
    commonInit(const unsigned char*)         0x00000f2b   Thumb Code   342  st7735.o(.text)
    setAddrWindow(unsigned char, unsigned char, unsigned char, unsigned char) 0x00001081   Thumb Code   106  st7735.o(.text)
    pushColor(unsigned short)                0x000012d7   Thumb Code    18  st7735.o(.text)
    .text                                    0x00001f80   Section        0  slidepot.o(.text)
    .text                                    0x000020f4   Section        0  sound.o(.text)
    __sti___9_Sound_cpp_c0efdbab             0x0000215f   Thumb Code    20  sound.o(.text)
    .text                                    0x00002180   Section        0  timer0.o(.text)
    .text                                    0x000021f8   Section        0  timer1.o(.text)
    .text                                    0x00002270   Section        0  uart.o(.text)
    __sti___8_UART_cpp_RxFifo                0x000022bf   Thumb Code    10  uart.o(.text)
    .text                                    0x000022cc   Section        0  fifo.o(.text)
    .text                                    0x000022e8   Section        0  texas.o(.text)
    .text                                    0x000024e8   Section        0  sprite.o(.text)
    .text                                    0x000025c8   Section        0  images.o(.text)
    .text                                    0x000025e8   Section        0  heapauxi.o(.text)
    .text                                    0x000025f0   Section        0  init_aeabi.o(.text)
    .text                                    0x00002614   Section        8  rt_new_handler_addr_intlibspace.o(.text)
    .text                                    0x0000261c   Section        0  h1_alloc.o(.text)
    .text                                    0x0000267a   Section        0  h1_free.o(.text)
    .text                                    0x000026c8   Section        0  _rserrno.o(.text)
    .text                                    0x000026de   Section        0  arm_newhandler_noexceptions.o(.text)
    .text                                    0x000026e4   Section        8  libspace.o(.text)
    .text                                    0x000026ec   Section        8  rt_heap_descriptor_intlibspace.o(.text)
    .text                                    0x000026f4   Section        8  rt_errno_addr_intlibspace.o(.text)
    .text                                    0x000026fc   Section        0  hguard.o(.text)
    .text                                    0x00002700   Section        0  init_alloc.o(.text)
    .text                                    0x0000278a   Section        0  h1_init.o(.text)
    .text                                    0x00002798   Section        0  arm_exceptions_terminate.o(.text)
    .text                                    0x000027b2   Section       74  sys_stackheap_outer.o(.text)
    .text                                    0x000027fc   Section        0  h1_extend.o(.text)
    .text                                    0x00002830   Section        0  exit.o(.text)
    .text                                    0x00002842   Section        0  abort.o(.text)
    .text                                    0x00002858   Section        0  defsig_rtmem_outer.o(.text)
    .text                                    0x00002868   Section        0  arm_exceptions_globs.o(.text)
    [local to arm_exceptions_c]::__default_terminate_handler() 0x00002869   Thumb Code     6  arm_exceptions_globs.o(.text)
    .text                                    0x000028b8   Section        0  sys_exit.o(.text)
    .text                                    0x000028c4   Section        2  use_no_semi.o(.text)
    .text                                    0x000028c6   Section        0  indicate_semi.o(.text)
    .text                                    0x000028c8   Section        8  rt_eh_globals_addr_intlibspace.o(.text)
    .text                                    0x000028d0   Section        0  defsig_exit.o(.text)
    .text                                    0x000028da   Section        0  defsig_abrt_outer.o(.text)
    .text                                    0x000028e8   Section        0  defsig_rtmem_inner.o(.text)
    .text                                    0x00002938   Section        0  arm_exceptions_mem.o(.text)
    .text                                    0x00002974   Section        0  defsig_general.o(.text)
    .text                                    0x000029a8   Section        0  defsig_abrt_inner.o(.text)
    .text                                    0x000029d8   Section        0  sys_wrch.o(.text)
    i._ZN4Tile4fallEv                        0x000029e8   Section        0  main.o(i._ZN4Tile4fallEv)
    i._ZN4Tile9offScreenEv                   0x00002a94   Section        0  main.o(i._ZN4Tile9offScreenEv)
    i._ZN5Image4drawEii                      0x00002af8   Section        0  main.o(i._ZN5Image4drawEii)
    i._ZN5Image5eraseEii                     0x00002b16   Section        0  main.o(i._ZN5Image5eraseEii)
    i._ZN5ImageC1EiiPKt                      0x00002b3c   Section        0  main.o(i._ZN5ImageC1EiiPKt)
    i._ZN6Sprite4drawEv                      0x00002b44   Section        0  main.o(i._ZN6Sprite4drawEv)
    i._ZN6SpriteC1EiiP5Image                 0x00002b54   Section        0  main.o(i._ZN6SpriteC1EiiP5Image)
    i._ZdlPv                                 0x00002b5c   Section        0  delete.o(i._ZdlPv)
    i._Znwj                                  0x00002b64   Section        0  new.o(i._Znwj)
    i.__ARM_fpclassify                       0x00002b8c   Section        0  fpclassify.o(i.__ARM_fpclassify)
    i.__kernel_poly                          0x00002bb4   Section        0  poly.o(i.__kernel_poly)
    i.__mathlib_dbl_divzero                  0x00002c60   Section        0  dunder.o(i.__mathlib_dbl_divzero)
    i.__mathlib_dbl_infnan2                  0x00002c70   Section        0  dunder.o(i.__mathlib_dbl_infnan2)
    i.__mathlib_dbl_invalid                  0x00002c74   Section        0  dunder.o(i.__mathlib_dbl_invalid)
    i.__mathlib_dbl_overflow                 0x00002c80   Section        0  dunder.o(i.__mathlib_dbl_overflow)
    i.__mathlib_dbl_underflow                0x00002c90   Section        0  dunder.o(i.__mathlib_dbl_underflow)
    i.pow                                    0x00002ca0   Section        0  pow.o(i.pow)
    i.sqrt                                   0x00003678   Section        0  sqrt.o(i.sqrt)
    x$fpl$dadd                               0x000036c4   Section      336  daddsub_clz.o(x$fpl$dadd)
    _dadd1                                   0x000036d5   Thumb Code     0  daddsub_clz.o(x$fpl$dadd)
    x$fpl$dcheck1                            0x00003814   Section       16  dcheck1.o(x$fpl$dcheck1)
    x$fpl$dcmpinf                            0x00003824   Section       24  dcmpi.o(x$fpl$dcmpinf)
    x$fpl$ddiv                               0x0000383c   Section      688  ddiv.o(x$fpl$ddiv)
    ddiv_entry                               0x00003843   Thumb Code     0  ddiv.o(x$fpl$ddiv)
    x$fpl$dfix                               0x00003aec   Section       94  dfix.o(x$fpl$dfix)
    x$fpl$dflt                               0x00003b4a   Section       46  dflt_clz.o(x$fpl$dflt)
    x$fpl$dleqf                              0x00003b78   Section      120  dleqf.o(x$fpl$dleqf)
    x$fpl$dmul                               0x00003bf0   Section      340  dmul.o(x$fpl$dmul)
    x$fpl$dnaninf                            0x00003d44   Section      156  dnaninf.o(x$fpl$dnaninf)
    x$fpl$dretinf                            0x00003de0   Section       12  dretinf.o(x$fpl$dretinf)
    x$fpl$drleqf                             0x00003dec   Section      108  drleqf.o(x$fpl$drleqf)
    x$fpl$drsb                               0x00003e58   Section       22  daddsub_clz.o(x$fpl$drsb)
    x$fpl$dsqrt                              0x00003e70   Section      408  dsqrt_umaal.o(x$fpl$dsqrt)
    x$fpl$dsub                               0x00004008   Section      468  daddsub_clz.o(x$fpl$dsub)
    _dsub1                                   0x00004019   Thumb Code     0  daddsub_clz.o(x$fpl$dsub)
    x$fpl$retnan                             0x000041dc   Section      100  retnan.o(x$fpl$retnan)
    x$fpl$scalbn                             0x00004240   Section       92  scalbn.o(x$fpl$scalbn)
    x$fpl$trapveneer                         0x0000429c   Section       48  trapv.o(x$fpl$trapveneer)
    .constdata                               0x000042cc   Section    163908  main.o(.constdata)
    x$fpl$usenofp                            0x000042cc   Section        0  usenofp.o(x$fpl$usenofp)
    GoldCoinBigSrc                           0x000042cc   Data        1276  main.o(.constdata)
    BlockBrickSrc                            0x000047c8   Data        2048  main.o(.constdata)
    BlockBlankSrc                            0x00004fc8   Data        2048  main.o(.constdata)
    BlockQuestionSrc                         0x000057c8   Data        2048  main.o(.constdata)
    ButtonHighlightedSrc                     0x00005fc8   Data        9800  main.o(.constdata)
    LanguageEnglishSrc                       0x00008610   Data        8096  main.o(.constdata)
    LanguageItalianoSrc                      0x0000a5b0   Data        8096  main.o(.constdata)
    DifficultyEasy_ENSrc                     0x0000c550   Data        8096  main.o(.constdata)
    DifficultyEasy_ITSrc                     0x0000e4f0   Data        8096  main.o(.constdata)
    DifficultyNormal_ENSrc                   0x00010490   Data        8096  main.o(.constdata)
    DifficultyNormal_ITSrc                   0x00012430   Data        8096  main.o(.constdata)
    DifficultyHard_ENSrc                     0x000143d0   Data        8096  main.o(.constdata)
    DifficultyHard_ITSrc                     0x00016370   Data        8096  main.o(.constdata)
    MainMenuBackgroundSrc                    0x00018310   Data       40960  main.o(.constdata)
    EasyLevelBackgroundSrc                   0x00022310   Data       40960  main.o(.constdata)
    .constdata                               0x0002c310   Section     2114  st7735.o(.constdata)
    Font                                     0x0002c310   Data        1275  st7735.o(.constdata)
    Bcmd                                     0x0002c80b   Data         103  st7735.o(.constdata)
    Rcmd1                                    0x0002c872   Data          59  st7735.o(.constdata)
    Rcmd2green                               0x0002c8ad   Data          13  st7735.o(.constdata)
    Rcmd2red                                 0x0002c8ba   Data          13  st7735.o(.constdata)
    Rcmd3                                    0x0002c8c7   Data          43  st7735.o(.constdata)
    smallCircle                              0x0002c8f2   Data          36  st7735.o(.constdata)
    circle                                   0x0002c916   Data          60  st7735.o(.constdata)
    dBfs                                     0x0002c952   Data         512  st7735.o(.constdata)
    .constdata                               0x0002cb52   Section    30253  sound.o(.constdata)
    TitleTheme_Intro                         0x0002cb52   Data       30253  sound.o(.constdata)
    .constdata                               0x00034180   Section      136  pow.o(.constdata)
    bp                                       0x00034180   Data          16  pow.o(.constdata)
    dp_h                                     0x00034190   Data          16  pow.o(.constdata)
    dp_l                                     0x000341a0   Data          16  pow.o(.constdata)
    L                                        0x000341b0   Data          48  pow.o(.constdata)
    P                                        0x000341e0   Data          40  pow.o(.constdata)
    .constdata                               0x00034208   Section        8  qnan.o(.constdata)
    .init_array                              0x00034230   Section        4  main.o(.init_array)
    .init_array                              0x00034234   Section        4  sound.o(.init_array)
    .init_array                              0x00034238   Section        4  uart.o(.init_array)
    .init_array                              0x0003423c   Section        0  init_aeabi.o(.init_array)
    .data                                    0x20000000   Section       28  main.o(.data)
    .data                                    0x2000001c   Section        4  random.o(.data)
    M                                        0x2000001c   Data           4  random.o(.data)
    .data                                    0x20000020   Section       44  st7735.o(.data)
    ColStart                                 0x2000002a   Data           1  st7735.o(.data)
    RowStart                                 0x2000002b   Data           1  st7735.o(.data)
    Rotation                                 0x2000002c   Data           1  st7735.o(.data)
    TabColor                                 0x2000002d   Data           1  st7735.o(.data)
    _width                                   0x2000002e   Data           2  st7735.o(.data)
    _height                                  0x20000030   Data           2  st7735.o(.data)
    .data                                    0x2000004c   Section        4  sound.o(.data)
    .data                                    0x20000050   Section        4  timer0.o(.data)
    .data                                    0x20000054   Section        4  timer1.o(.data)
    .data                                    0x20000058   Section       12  sprite.o(.data)
    floatOffset                              0x2000005c   Data           4  sprite.o(.data)
    floatDirection                           0x20000060   Data           4  sprite.o(.data)
    .data                                    0x20000064   Section        4  images.o(.data)
    .bss                                     0x20000068   Section       80  main.o(.bss)
    .bss                                     0x200000b8   Section       12  st7735.o(.bss)
    .bss                                     0x200000c4   Section       12  sound.o(.bss)
    .bss                                     0x200000d0   Section       40  uart.o(.bss)
    .bss                                     0x200000f8   Section       96  libspace.o(.bss)
    HEAP                                     0x20000158   Section     1024  startup_tm4c123.o(HEAP)
    Heap_Mem                                 0x20000158   Data        1024  startup_tm4c123.o(HEAP)
    STACK                                    0x20000558   Section     1024  startup_tm4c123.o(STACK)
    Stack_Mem                                0x20000558   Data        1024  startup_tm4c123.o(STACK)
    __initial_sp                             0x20000958   Data           0  startup_tm4c123.o(STACK)

    Global Symbols

    Symbol Name                              Value     Ov Type        Size  Object(Section)

    BuildAttributes$$THM_ISAv4$E$P$D$K$B$S$7EM$PE$A:L22UL41UL21$X:L11$S22US41US21$IEEE1$IW$USESV6$~STKCKD$USESV7$~SHL$OTIME$ROPI$IEEEX$EBA8$UX$STANDARDLIB$REQ8$PRES8$EABIv2 0x00000000   Number         0  anon$$obj.o ABSOLUTE
    __ARM_use_no_argv                        0x00000000   Number         0  main.o ABSOLUTE
    __Vectors                                0x00000000   Data           4  startup_tm4c123.o(RESET)
    SHT$$ARM_EXIDX$$Base                      - Undefined Reference
    SHT$$ARM_EXIDX$$Limit                     - Undefined Reference
    __ARM::default_unexpected_handler()       - Undefined Weak Reference
    __ARM_exceptions_buffer_required          - Undefined Weak Reference
    __ARM_exceptions_init                     - Undefined Weak Reference
    __aeabi_unwind_cpp_pr1                    - Undefined Weak Reference
    __aeabi_unwind_cpp_pr2                    - Undefined Weak Reference
    __alloca_initialize                       - Undefined Weak Reference
    __arm_fini_                               - Undefined Weak Reference
    __arm_preinit_                            - Undefined Weak Reference
    __cxa_begin_cleanup                       - Undefined Weak Reference
    __cxa_finalize                            - Undefined Weak Reference
    __cxa_type_match                          - Undefined Weak Reference
    __rt_locale                               - Undefined Weak Reference
    __sigvec_lookup                           - Undefined Weak Reference
    __user_heap_extent                        - Undefined Weak Reference
    _atexit_init                              - Undefined Weak Reference
    _call_atexit_fns                          - Undefined Weak Reference
    _clock_init                               - Undefined Weak Reference
    _fp_trap_init                             - Undefined Weak Reference
    _fp_trap_shutdown                         - Undefined Weak Reference
    _get_lc_collate                           - Undefined Weak Reference
    _get_lc_ctype                             - Undefined Weak Reference
    _get_lc_monetary                          - Undefined Weak Reference
    _get_lc_numeric                           - Undefined Weak Reference
    _get_lc_time                              - Undefined Weak Reference
    _getenv_init                              - Undefined Weak Reference
    _handle_redirection                       - Undefined Weak Reference
    _initio                                   - Undefined Weak Reference
    _mutex_acquire                            - Undefined Weak Reference
    _mutex_free                               - Undefined Weak Reference
    _mutex_release                            - Undefined Weak Reference
    _rand_init                                - Undefined Weak Reference
    _signal_finish                            - Undefined Weak Reference
    _signal_init                              - Undefined Weak Reference
    _terminateio                              - Undefined Weak Reference
    __Vectors_End                            0x0000026c   Data           0  startup_tm4c123.o(RESET)
    __Vectors_Size                           0x0000026c   Number         0  startup_tm4c123.o ABSOLUTE
    __main                                   0x0000026d   Thumb Code     8  __main.o(!!!main)
    __scatterload                            0x00000275   Thumb Code     0  __scatter.o(!!!scatter)
    __scatterload_rt2                        0x00000275   Thumb Code    44  __scatter.o(!!!scatter)
    __scatterload_rt2_thumb_only             0x00000275   Thumb Code     0  __scatter.o(!!!scatter)
    __scatterload_null                       0x00000283   Thumb Code     0  __scatter.o(!!!scatter)
    __scatterload_copy                       0x000002a9   Thumb Code    26  __scatter_copy.o(!!handler_copy)
    __scatterload_zeroinit                   0x000002c5   Thumb Code    28  __scatter_zi.o(!!handler_zi)
    __rt_lib_init                            0x000002e1   Thumb Code     0  libinit.o(.ARM.Collect$$libinit$$00000000)
    __rt_lib_init_fp_1                       0x000002e3   Thumb Code     0  libinit2.o(.ARM.Collect$$libinit$$00000002)
    __rt_lib_init_heap_2                     0x000002e3   Thumb Code     0  libinit2.o(.ARM.Collect$$libinit$$00000005)
    __rt_lib_init_preinit_1                  0x000002e3   Thumb Code     0  libinit2.o(.ARM.Collect$$libinit$$00000004)
    __rt_lib_init_alloca_1                   0x000002eb   Thumb Code     0  libinit2.o(.ARM.Collect$$libinit$$0000002E)
    __rt_lib_init_argv_1                     0x000002eb   Thumb Code     0  libinit2.o(.ARM.Collect$$libinit$$0000002C)
    __rt_lib_init_atexit_1                   0x000002eb   Thumb Code     0  libinit2.o(.ARM.Collect$$libinit$$0000001B)
    __rt_lib_init_clock_1                    0x000002eb   Thumb Code     0  libinit2.o(.ARM.Collect$$libinit$$00000021)
    __rt_lib_init_cpp_2                      0x000002eb   Thumb Code     0  libinit2.o(.ARM.Collect$$libinit$$00000031)
    __rt_lib_init_exceptions_1               0x000002eb   Thumb Code     0  libinit2.o(.ARM.Collect$$libinit$$00000030)
    __rt_lib_init_fp_trap_1                  0x000002eb   Thumb Code     0  libinit2.o(.ARM.Collect$$libinit$$0000001F)
    __rt_lib_init_getenv_1                   0x000002eb   Thumb Code     0  libinit2.o(.ARM.Collect$$libinit$$00000023)
    __rt_lib_init_heap_1                     0x000002eb   Thumb Code     0  libinit2.o(.ARM.Collect$$libinit$$0000000A)
    __rt_lib_init_lc_collate_1               0x000002eb   Thumb Code     0  libinit2.o(.ARM.Collect$$libinit$$00000011)
    __rt_lib_init_lc_ctype_1                 0x000002eb   Thumb Code     0  libinit2.o(.ARM.Collect$$libinit$$00000013)
    __rt_lib_init_lc_monetary_1              0x000002eb   Thumb Code     0  libinit2.o(.ARM.Collect$$libinit$$00000015)
    __rt_lib_init_lc_numeric_1               0x000002eb   Thumb Code     0  libinit2.o(.ARM.Collect$$libinit$$00000017)
    __rt_lib_init_lc_time_1                  0x000002eb   Thumb Code     0  libinit2.o(.ARM.Collect$$libinit$$00000019)
    __rt_lib_init_rand_1                     0x000002eb   Thumb Code     0  libinit2.o(.ARM.Collect$$libinit$$0000000E)
    __rt_lib_init_signal_1                   0x000002eb   Thumb Code     0  libinit2.o(.ARM.Collect$$libinit$$0000001D)
    __rt_lib_init_stdio_1                    0x000002eb   Thumb Code     0  libinit2.o(.ARM.Collect$$libinit$$00000025)
    __rt_lib_init_user_alloc_1               0x000002eb   Thumb Code     0  libinit2.o(.ARM.Collect$$libinit$$0000000C)
    __rt_lib_init_cpp_1                      0x000002ef   Thumb Code     0  libinit2.o(.ARM.Collect$$libinit$$00000032)
    __rt_lib_init_return                     0x000002ef   Thumb Code     0  libinit2.o(.ARM.Collect$$libinit$$00000033)
    __rt_lib_shutdown                        0x000002f1   Thumb Code     0  libshutdown.o(.ARM.Collect$$libshutdown$$00000000)
    __rt_lib_shutdown_cpp_1                  0x000002f3   Thumb Code     0  libshutdown2.o(.ARM.Collect$$libshutdown$$00000004)
    __rt_lib_shutdown_fini_1                 0x000002f3   Thumb Code     0  libshutdown2.o(.ARM.Collect$$libshutdown$$00000002)
    __rt_lib_shutdown_fp_trap_1              0x000002f3   Thumb Code     0  libshutdown2.o(.ARM.Collect$$libshutdown$$00000009)
    __rt_lib_shutdown_heap_1                 0x000002f3   Thumb Code     0  libshutdown2.o(.ARM.Collect$$libshutdown$$00000011)
    __rt_lib_shutdown_return                 0x000002f3   Thumb Code     0  libshutdown2.o(.ARM.Collect$$libshutdown$$00000012)
    __rt_lib_shutdown_signal_1               0x000002f3   Thumb Code     0  libshutdown2.o(.ARM.Collect$$libshutdown$$0000000C)
    __rt_lib_shutdown_stdio_1                0x000002f3   Thumb Code     0  libshutdown2.o(.ARM.Collect$$libshutdown$$00000006)
    __rt_lib_shutdown_user_alloc_1           0x000002f3   Thumb Code     0  libshutdown2.o(.ARM.Collect$$libshutdown$$0000000E)
    __rt_entry                               0x000002f5   Thumb Code     0  __rtentry.o(.ARM.Collect$$rtentry$$00000000)
    __rt_entry_presh_1                       0x000002f5   Thumb Code     0  __rtentry2.o(.ARM.Collect$$rtentry$$00000002)
    __rt_entry_sh                            0x000002f5   Thumb Code     0  __rtentry4.o(.ARM.Collect$$rtentry$$00000004)
    __rt_entry_li                            0x000002fb   Thumb Code     0  __rtentry2.o(.ARM.Collect$$rtentry$$0000000A)
    __rt_entry_postsh_1                      0x000002fb   Thumb Code     0  __rtentry2.o(.ARM.Collect$$rtentry$$00000009)
    __rt_entry_main                          0x000002ff   Thumb Code     0  __rtentry2.o(.ARM.Collect$$rtentry$$0000000D)
    __rt_entry_postli_1                      0x000002ff   Thumb Code     0  __rtentry2.o(.ARM.Collect$$rtentry$$0000000C)
    __rt_exit                                0x00000307   Thumb Code     0  rtexit.o(.ARM.Collect$$rtexit$$00000000)
    __rt_exit_ls                             0x00000309   Thumb Code     0  rtexit2.o(.ARM.Collect$$rtexit$$00000003)
    __rt_exit_prels_1                        0x00000309   Thumb Code     0  rtexit2.o(.ARM.Collect$$rtexit$$00000002)
    __rt_exit_exit                           0x0000030d   Thumb Code     0  rtexit2.o(.ARM.Collect$$rtexit$$00000004)
    Reset_Handler                            0x00000315   Thumb Code     4  startup_tm4c123.o(.text)
    _maybe_terminate_alloc                   0x00000315   Thumb Code     0  maybetermalloc1.o(.emb_text)
    DisableInterrupts                        0x00000319   Thumb Code     4  startup_tm4c123.o(.text)
    EnableInterrupts                         0x0000031d   Thumb Code     4  startup_tm4c123.o(.text)
    StartCritical                            0x00000321   Thumb Code     8  startup_tm4c123.o(.text)
    EndCritical                              0x00000329   Thumb Code     6  startup_tm4c123.o(.text)
    WaitForInterrupt                         0x0000032f   Thumb Code     4  startup_tm4c123.o(.text)
    NMI_Handler                              0x00000333   Thumb Code     2  startup_tm4c123.o(.text)
    HardFault_Handler                        0x00000335   Thumb Code     2  startup_tm4c123.o(.text)
    MemManage_Handler                        0x00000337   Thumb Code     2  startup_tm4c123.o(.text)
    BusFault_Handler                         0x00000339   Thumb Code     2  startup_tm4c123.o(.text)
    UsageFault_Handler                       0x0000033b   Thumb Code     2  startup_tm4c123.o(.text)
    SVC_Handler                              0x0000033d   Thumb Code     2  startup_tm4c123.o(.text)
    DebugMon_Handler                         0x0000033f   Thumb Code     2  startup_tm4c123.o(.text)
    PendSV_Handler                           0x00000341   Thumb Code     2  startup_tm4c123.o(.text)
    SysTick_Handler                          0x00000343   Thumb Code     2  startup_tm4c123.o(.text)
    GPIOA_Handler                            0x00000345   Thumb Code     2  startup_tm4c123.o(.text)
    GPIOB_Handler                            0x00000347   Thumb Code     2  startup_tm4c123.o(.text)
    GPIOC_Handler                            0x00000349   Thumb Code     2  startup_tm4c123.o(.text)
    GPIOD_Handler                            0x0000034b   Thumb Code     2  startup_tm4c123.o(.text)
    GPIOE_Handler                            0x0000034d   Thumb Code     2  startup_tm4c123.o(.text)
    UART0_Handler                            0x0000034f   Thumb Code     2  startup_tm4c123.o(.text)
    SSI0_Handler                             0x00000353   Thumb Code     2  startup_tm4c123.o(.text)
    I2C0_Handler                             0x00000355   Thumb Code     2  startup_tm4c123.o(.text)
    PMW0_FAULT_Handler                       0x00000357   Thumb Code     2  startup_tm4c123.o(.text)
    PWM0_0_Handler                           0x00000359   Thumb Code     2  startup_tm4c123.o(.text)
    PWM0_1_Handler                           0x0000035b   Thumb Code     2  startup_tm4c123.o(.text)
    PWM0_2_Handler                           0x0000035d   Thumb Code     2  startup_tm4c123.o(.text)
    QEI0_Handler                             0x0000035f   Thumb Code     2  startup_tm4c123.o(.text)
    ADC0SS0_Handler                          0x00000361   Thumb Code     2  startup_tm4c123.o(.text)
    ADC0SS1_Handler                          0x00000363   Thumb Code     2  startup_tm4c123.o(.text)
    ADC0SS2_Handler                          0x00000365   Thumb Code     2  startup_tm4c123.o(.text)
    ADC0SS3_Handler                          0x00000367   Thumb Code     2  startup_tm4c123.o(.text)
    WDT0_Handler                             0x00000369   Thumb Code     2  startup_tm4c123.o(.text)
    TIMER0B_Handler                          0x0000036d   Thumb Code     2  startup_tm4c123.o(.text)
    TIMER1B_Handler                          0x00000371   Thumb Code     2  startup_tm4c123.o(.text)
    TIMER2A_Handler                          0x00000373   Thumb Code     2  startup_tm4c123.o(.text)
    TIMER2B_Handler                          0x00000375   Thumb Code     2  startup_tm4c123.o(.text)
    COMP0_Handler                            0x00000377   Thumb Code     2  startup_tm4c123.o(.text)
    COMP1_Handler                            0x00000379   Thumb Code     2  startup_tm4c123.o(.text)
    COMP2_Handler                            0x0000037b   Thumb Code     2  startup_tm4c123.o(.text)
    SYSCTL_Handler                           0x0000037d   Thumb Code     2  startup_tm4c123.o(.text)
    FLASH_Handler                            0x0000037f   Thumb Code     2  startup_tm4c123.o(.text)
    GPIOF_Handler                            0x00000381   Thumb Code     2  startup_tm4c123.o(.text)
    GPIOG_Handler                            0x00000383   Thumb Code     2  startup_tm4c123.o(.text)
    GPIOH_Handler                            0x00000385   Thumb Code     2  startup_tm4c123.o(.text)
    UART2_Handler                            0x00000387   Thumb Code     2  startup_tm4c123.o(.text)
    SSI1_Handler                             0x00000389   Thumb Code     2  startup_tm4c123.o(.text)
    TIMER3A_Handler                          0x0000038b   Thumb Code     2  startup_tm4c123.o(.text)
    TIMER3B_Handler                          0x0000038d   Thumb Code     2  startup_tm4c123.o(.text)
    I2C1_Handler                             0x0000038f   Thumb Code     2  startup_tm4c123.o(.text)
    QEI1_Handler                             0x00000391   Thumb Code     2  startup_tm4c123.o(.text)
    CAN0_Handler                             0x00000393   Thumb Code     2  startup_tm4c123.o(.text)
    CAN1_Handler                             0x00000395   Thumb Code     2  startup_tm4c123.o(.text)
    CAN2_Handler                             0x00000397   Thumb Code     2  startup_tm4c123.o(.text)
    HIB_Handler                              0x00000399   Thumb Code     2  startup_tm4c123.o(.text)
    USB0_Handler                             0x0000039b   Thumb Code     2  startup_tm4c123.o(.text)
    PWM0_3_Handler                           0x0000039d   Thumb Code     2  startup_tm4c123.o(.text)
    UDMA_Handler                             0x0000039f   Thumb Code     2  startup_tm4c123.o(.text)
    UDMAERR_Handler                          0x000003a1   Thumb Code     2  startup_tm4c123.o(.text)
    ADC1SS0_Handler                          0x000003a3   Thumb Code     2  startup_tm4c123.o(.text)
    ADC1SS1_Handler                          0x000003a5   Thumb Code     2  startup_tm4c123.o(.text)
    ADC1SS2_Handler                          0x000003a7   Thumb Code     2  startup_tm4c123.o(.text)
    ADC1SS3_Handler                          0x000003a9   Thumb Code     2  startup_tm4c123.o(.text)
    GPIOJ_Handler                            0x000003ab   Thumb Code     2  startup_tm4c123.o(.text)
    GPIOK_Handler                            0x000003ad   Thumb Code     2  startup_tm4c123.o(.text)
    GPIOL_Handler                            0x000003af   Thumb Code     2  startup_tm4c123.o(.text)
    SSI2_Handler                             0x000003b1   Thumb Code     2  startup_tm4c123.o(.text)
    SSI3_Handler                             0x000003b3   Thumb Code     2  startup_tm4c123.o(.text)
    UART3_Handler                            0x000003b5   Thumb Code     2  startup_tm4c123.o(.text)
    UART4_Handler                            0x000003b7   Thumb Code     2  startup_tm4c123.o(.text)
    UART5_Handler                            0x000003b9   Thumb Code     2  startup_tm4c123.o(.text)
    UART6_Handler                            0x000003bb   Thumb Code     2  startup_tm4c123.o(.text)
    UART7_Handler                            0x000003bd   Thumb Code     2  startup_tm4c123.o(.text)
    I2C2_Handler                             0x000003bf   Thumb Code     2  startup_tm4c123.o(.text)
    I2C3_Handler                             0x000003c1   Thumb Code     2  startup_tm4c123.o(.text)
    TIMER4A_Handler                          0x000003c3   Thumb Code     2  startup_tm4c123.o(.text)
    TIMER4B_Handler                          0x000003c5   Thumb Code     2  startup_tm4c123.o(.text)
    TIMER5B_Handler                          0x000003c9   Thumb Code     2  startup_tm4c123.o(.text)
    WTIMER0A_Handler                         0x000003cb   Thumb Code     2  startup_tm4c123.o(.text)
    WTIMER0B_Handler                         0x000003cd   Thumb Code     2  startup_tm4c123.o(.text)
    WTIMER1A_Handler                         0x000003cf   Thumb Code     2  startup_tm4c123.o(.text)
    WTIMER1B_Handler                         0x000003d1   Thumb Code     2  startup_tm4c123.o(.text)
    WTIMER2A_Handler                         0x000003d3   Thumb Code     2  startup_tm4c123.o(.text)
    WTIMER2B_Handler                         0x000003d5   Thumb Code     2  startup_tm4c123.o(.text)
    WTIMER3A_Handler                         0x000003d7   Thumb Code     2  startup_tm4c123.o(.text)
    WTIMER3B_Handler                         0x000003d9   Thumb Code     2  startup_tm4c123.o(.text)
    WTIMER4A_Handler                         0x000003db   Thumb Code     2  startup_tm4c123.o(.text)
    WTIMER4B_Handler                         0x000003dd   Thumb Code     2  startup_tm4c123.o(.text)
    WTIMER5A_Handler                         0x000003df   Thumb Code     2  startup_tm4c123.o(.text)
    WTIMER5B_Handler                         0x000003e1   Thumb Code     2  startup_tm4c123.o(.text)
    FPU_Handler                              0x000003e3   Thumb Code     2  startup_tm4c123.o(.text)
    I2C4_Handler                             0x000003e5   Thumb Code     2  startup_tm4c123.o(.text)
    I2C5_Handler                             0x000003e7   Thumb Code     2  startup_tm4c123.o(.text)
    GPIOM_Handler                            0x000003e9   Thumb Code     2  startup_tm4c123.o(.text)
    GPION_Handler                            0x000003eb   Thumb Code     2  startup_tm4c123.o(.text)
    QEI2_Handler                             0x000003ed   Thumb Code     2  startup_tm4c123.o(.text)
    GPIOP0_Handler                           0x000003ef   Thumb Code     2  startup_tm4c123.o(.text)
    GPIOP1_Handler                           0x000003f1   Thumb Code     2  startup_tm4c123.o(.text)
    GPIOP2_Handler                           0x000003f3   Thumb Code     2  startup_tm4c123.o(.text)
    GPIOP3_Handler                           0x000003f5   Thumb Code     2  startup_tm4c123.o(.text)
    GPIOP4_Handler                           0x000003f7   Thumb Code     2  startup_tm4c123.o(.text)
    GPIOP5_Handler                           0x000003f9   Thumb Code     2  startup_tm4c123.o(.text)
    GPIOP6_Handler                           0x000003fb   Thumb Code     2  startup_tm4c123.o(.text)
    GPIOP7_Handler                           0x000003fd   Thumb Code     2  startup_tm4c123.o(.text)
    GPIOQ0_Handler                           0x000003ff   Thumb Code     2  startup_tm4c123.o(.text)
    GPIOQ1_Handler                           0x00000401   Thumb Code     2  startup_tm4c123.o(.text)
    GPIOQ2_Handler                           0x00000403   Thumb Code     2  startup_tm4c123.o(.text)
    GPIOQ3_Handler                           0x00000405   Thumb Code     2  startup_tm4c123.o(.text)
    GPIOQ4_Handler                           0x00000407   Thumb Code     2  startup_tm4c123.o(.text)
    GPIOQ5_Handler                           0x00000409   Thumb Code     2  startup_tm4c123.o(.text)
    GPIOQ6_Handler                           0x0000040b   Thumb Code     2  startup_tm4c123.o(.text)
    GPIOQ7_Handler                           0x0000040d   Thumb Code     2  startup_tm4c123.o(.text)
    GPIOR_Handler                            0x0000040f   Thumb Code     2  startup_tm4c123.o(.text)
    GPIOS_Handler                            0x00000411   Thumb Code     2  startup_tm4c123.o(.text)
    PMW1_0_Handler                           0x00000413   Thumb Code     2  startup_tm4c123.o(.text)
    PWM1_1_Handler                           0x00000415   Thumb Code     2  startup_tm4c123.o(.text)
    PWM1_2_Handler                           0x00000417   Thumb Code     2  startup_tm4c123.o(.text)
    PWM1_3_Handler                           0x00000419   Thumb Code     2  startup_tm4c123.o(.text)
    PWM1_FAULT_Handler                       0x0000041b   Thumb Code     2  startup_tm4c123.o(.text)
    __user_initial_stackheap                 0x0000041d   Thumb Code     0  startup_tm4c123.o(.text)
    Input_Init()                             0x0000043d   Thumb Code    58  main.o(.text)
    transitionCollapse()                     0x00000477   Thumb Code    70  main.o(.text)
    gameUpdate()                             0x000004bd   Thumb Code   420  main.o(.text)
    gameScreen()                             0x00000661   Thumb Code   340  main.o(.text)
    IO_Touch(int, bool)                      0x000007b5   Thumb Code    84  main.o(.text)
    difficultySelectScreen()                 0x00000809   Thumb Code   686  main.o(.text)
    languageSelectScreen()                   0x00000ab7   Thumb Code   292  main.o(.text)
    menuScreen()                             0x00000bdb   Thumb Code   106  main.o(.text)
    main                                     0x00000c45   Thumb Code   166  main.o(.text)
    DAC_Init()                               0x00000d3d   Thumb Code    68  dac.o(.text)
    DAC_Out(unsigned char)                   0x00000d81   Thumb Code    10  dac.o(.text)
    PLL_Init(unsigned)                       0x00000d99   Thumb Code   120  pll.o(.text)
    Random_Init(unsigned)                    0x00000e15   Thumb Code     6  random.o(.text)
    Random32()                               0x00000e1b   Thumb Code    22  random.o(.text)
    Random()                                 0x00000e31   Thumb Code    24  random.o(.text)
    Delay1ms(unsigned)                       0x00000eb5   Thumb Code    32  st7735.o(.text)
    ST7735_FillRect(short, short, short, short, unsigned short) 0x000010eb   Thumb Code   244  st7735.o(.text)
    ST7735_FillScreen(unsigned short)        0x000011df   Thumb Code    28  st7735.o(.text)
    ST7735_SetCursor(unsigned, unsigned)     0x000011fb   Thumb Code    22  st7735.o(.text)
    ST7735_InitB()                           0x00001211   Thumb Code   108  st7735.o(.text)
    ST7735_InitR(initRFlags)                 0x0000127d   Thumb Code    90  st7735.o(.text)
    ST7735_DrawPixel(short, short, unsigned short) 0x000012e9   Thumb Code    68  st7735.o(.text)
    ST7735_DrawFastVLine(short, short, short, unsigned short) 0x0000132d   Thumb Code   120  st7735.o(.text)
    ST7735_DrawFastHLine(short, short, short, unsigned short) 0x000013a5   Thumb Code   120  st7735.o(.text)
    ST7735_DrawSmallCircle(short, short, unsigned short) 0x0000141d   Thumb Code   158  st7735.o(.text)
    ST7735_DrawCircle(short, short, unsigned short) 0x000014bb   Thumb Code   158  st7735.o(.text)
    ST7735_Color565(unsigned char, unsigned char, unsigned char) 0x00001559   Thumb Code    24  st7735.o(.text)
    ST7735_SwapColor(unsigned short)         0x00001571   Thumb Code    18  st7735.o(.text)
    ST7735_DrawBitmap(short, short, const unsigned short*, short, short) 0x00001583   Thumb Code   374  st7735.o(.text)
    ST7735_DrawCharS(short, short, char, short, short, unsigned char) 0x000016f9   Thumb Code   236  st7735.o(.text)
    ST7735_DrawChar(short, short, char, short, short, unsigned char) 0x000017e5   Thumb Code   264  st7735.o(.text)
    ST7735_DrawString(unsigned short, unsigned short, char*, short) 0x000018ed   Thumb Code    84  st7735.o(.text)
    fillmessage(unsigned)                    0x00001941   Thumb Code    64  st7735.o(.text)
    ST7735_OutUDec(unsigned)                 0x00001981   Thumb Code   118  st7735.o(.text)
    ST7735_SetRotation(unsigned char)        0x000019f7   Thumb Code   200  st7735.o(.text)
    ST7735_InvertDisplay(int)                0x00001abf   Thumb Code    26  st7735.o(.text)
    ST7735_PlotClear(int, int)               0x00001ad9   Thumb Code   124  st7735.o(.text)
    ST7735_PlotPoint(int)                    0x00001b55   Thumb Code   136  st7735.o(.text)
    ST7735_PlotLine(int)                     0x00001bdd   Thumb Code   242  st7735.o(.text)
    ST7735_PlotPoints(int, int)              0x00001ccf   Thumb Code   154  st7735.o(.text)
    ST7735_PlotBar(int)                      0x00001d69   Thumb Code    72  st7735.o(.text)
    ST7735_PlotdBfs(int)                     0x00001db1   Thumb Code    52  st7735.o(.text)
    ST7735_PlotNext()                        0x00001de5   Thumb Code    28  st7735.o(.text)
    ST7735_PlotNextErase()                   0x00001e01   Thumb Code    58  st7735.o(.text)
    ST7735_OutChar                           0x00001e3b   Thumb Code   176  st7735.o(.text)
    ST7735_OutString                         0x00001eeb   Thumb Code    22  st7735.o(.text)
    ST7735_SetTextColor(unsigned short)      0x00001f01   Thumb Code     6  st7735.o(.text)
    Output_Init()                            0x00001f07   Thumb Code    82  st7735.o(.text)
    Output_Clear()                           0x00001f59   Thumb Code    10  st7735.o(.text)
    Output_Off()                             0x00001f63   Thumb Code     8  st7735.o(.text)
    Output_On()                              0x00001f6b   Thumb Code     8  st7735.o(.text)
    Output_Color(unsigned)                   0x00001f73   Thumb Code    12  st7735.o(.text)
    ADC_Init()                               0x00001f81   Thumb Code   186  slidepot.o(.text)
    ADC_In()                                 0x0000203b   Thumb Code    36  slidepot.o(.text)
    SlidePot::SlidePot(unsigned, unsigned)   0x0000205f   Thumb Code    14  slidepot.o(.text)
    SlidePot::SlidePot__sub_object(unsigned, unsigned) 0x0000205f   Thumb Code     0  slidepot.o(.text)
    SlidePot::Convert(unsigned)              0x0000206d   Thumb Code    14  slidepot.o(.text)
    SlidePot::Save(unsigned)                 0x0000207b   Thumb Code    24  slidepot.o(.text)
    SlidePot::Sync()                         0x00002093   Thumb Code    14  slidepot.o(.text)
    SlidePot::ADCsample()                    0x000020a1   Thumb Code     6  slidepot.o(.text)
    SlidePot::Distance()                     0x000020a7   Thumb Code     6  slidepot.o(.text)
    SlidePot::PosSect(unsigned char)         0x000020ad   Thumb Code    46  slidepot.o(.text)
    playSample()                             0x000020f5   Thumb Code    64  sound.o(.text)
    Sound_Init()                             0x00002135   Thumb Code     8  sound.o(.text)
    Sound_Play(int)                          0x0000213d   Thumb Code    34  sound.o(.text)
    Timer0_Init(void(*)(), unsigned)         0x00002181   Thumb Code    74  timer0.o(.text)
    Timer0_Stop()                            0x000021cb   Thumb Code     8  timer0.o(.text)
    TIMER0A_Handler                          0x000021d3   Thumb Code    16  timer0.o(.text)
    Timer1_Init(void(*)(), unsigned)         0x000021f9   Thumb Code    74  timer1.o(.text)
    TIMER1A_Handler                          0x00002243   Thumb Code    16  timer1.o(.text)
    Timer1A_Stop()                           0x00002253   Thumb Code     8  timer1.o(.text)
    UART_Init()                              0x00002271   Thumb Code     2  uart.o(.text)
    UART_InChar()                            0x00002273   Thumb Code     2  uart.o(.text)
    UART_InStatus()                          0x00002275   Thumb Code     4  uart.o(.text)
    UART_OutChar(char)                       0x00002279   Thumb Code     2  uart.o(.text)
    UART1_Handler                            0x0000227b   Thumb Code     2  uart.o(.text)
    UART_OutString(char*)                    0x0000227d   Thumb Code    22  uart.o(.text)
    UART_OutUDec(unsigned)                   0x00002293   Thumb Code    42  uart.o(.text)
    UART_InMessage(char*)                    0x000022bd   Thumb Code     2  uart.o(.text)
    Queue::Queue()                           0x000022cd   Thumb Code     2  fifo.o(.text)
    Queue::Queue__sub_object()               0x000022cd   Thumb Code     0  fifo.o(.text)
    Queue::IsEmpty()                         0x000022cf   Thumb Code     6  fifo.o(.text)
    Queue::IsFull()                          0x000022d5   Thumb Code     6  fifo.o(.text)
    Queue::Put(char)                         0x000022db   Thumb Code     6  fifo.o(.text)
    Queue::Get(char*)                        0x000022e1   Thumb Code     6  fifo.o(.text)
    Queue::Print()                           0x000022e7   Thumb Code     2  fifo.o(.text)
    ADC1_Init()                              0x000022e9   Thumb Code   174  texas.o(.text)
    UART0_Init()                             0x00002397   Thumb Code   152  texas.o(.text)
    TExaS_Init()                             0x0000242f   Thumb Code    92  texas.o(.text)
    TIMER5A_Handler                          0x0000248b   Thumb Code    20  texas.o(.text)
    TExaS_Stop()                             0x0000249f   Thumb Code    18  texas.o(.text)
    floatAnimation()                         0x000024e9   Thumb Code   212  sprite.o(.text)
    backgroundPixel(int, int)                0x000025c9   Thumb Code    28  images.o(.text)
    __use_two_region_memory                  0x000025e9   Thumb Code     2  heapauxi.o(.text)
    __rt_heap_escrow                         0x000025eb   Thumb Code     2  heapauxi.o(.text)
    __rt_heap_expand                         0x000025ed   Thumb Code     2  heapauxi.o(.text)
    __cpp_initialize__aeabi_                 0x000025f1   Thumb Code    26  init_aeabi.o(.text)
    __rt_new_handler_addr                    0x00002615   Thumb Code     8  rt_new_handler_addr_intlibspace.o(.text)
    malloc                                   0x0000261d   Thumb Code    94  h1_alloc.o(.text)
    free                                     0x0000267b   Thumb Code    78  h1_free.o(.text)
    __read_errno                             0x000026c9   Thumb Code    10  _rserrno.o(.text)
    __set_errno                              0x000026d3   Thumb Code    12  _rserrno.o(.text)
    __default_new_handler()                  0x000026df   Thumb Code     4  arm_newhandler_noexceptions.o(.text)
    __user_libspace                          0x000026e5   Thumb Code     8  libspace.o(.text)
    __user_perproc_libspace                  0x000026e5   Thumb Code     0  libspace.o(.text)
    __user_perthread_libspace                0x000026e5   Thumb Code     0  libspace.o(.text)
    __rt_heap_descriptor                     0x000026ed   Thumb Code     8  rt_heap_descriptor_intlibspace.o(.text)
    __aeabi_errno_addr                       0x000026f5   Thumb Code     8  rt_errno_addr_intlibspace.o(.text)
    __errno$intlibspace                      0x000026f5   Thumb Code     0  rt_errno_addr_intlibspace.o(.text)
    __rt_errno_addr$intlibspace              0x000026f5   Thumb Code     0  rt_errno_addr_intlibspace.o(.text)
    __use_no_heap                            0x000026fd   Thumb Code     2  hguard.o(.text)
    __heap$guard                             0x000026ff   Thumb Code     2  hguard.o(.text)
    _terminate_user_alloc                    0x00002701   Thumb Code     2  init_alloc.o(.text)
    _init_user_alloc                         0x00002703   Thumb Code     2  init_alloc.o(.text)
    __Heap_Full                              0x00002705   Thumb Code    34  init_alloc.o(.text)
    __Heap_Broken                            0x00002727   Thumb Code     6  init_alloc.o(.text)
    _init_alloc                              0x0000272d   Thumb Code    94  init_alloc.o(.text)
    __Heap_Initialize                        0x0000278b   Thumb Code    10  h1_init.o(.text)
    __Heap_DescSize                          0x00002795   Thumb Code     4  h1_init.o(.text)
    std::terminate()                         0x00002799   Thumb Code    26  arm_exceptions_terminate.o(.text)
    __user_setup_stackheap                   0x000027b3   Thumb Code    74  sys_stackheap_outer.o(.text)
    __Heap_ProvideMemory                     0x000027fd   Thumb Code    52  h1_extend.o(.text)
    exit                                     0x00002831   Thumb Code    18  exit.o(.text)
    abort                                    0x00002843   Thumb Code    22  abort.o(.text)
    __rt_SIGRTMEM                            0x00002859   Thumb Code    14  defsig_rtmem_outer.o(.text)
    __cxa_get_globals                        0x0000286f   Thumb Code    62  arm_exceptions_globs.o(.text)
    _sys_exit                                0x000028b9   Thumb Code     8  sys_exit.o(.text)
    __I$use$semihosting                      0x000028c5   Thumb Code     0  use_no_semi.o(.text)
    __use_no_semihosting_swi                 0x000028c5   Thumb Code     2  use_no_semi.o(.text)
    __semihosting_library_function           0x000028c7   Thumb Code     0  indicate_semi.o(.text)
    __rt_eh_globals_addr                     0x000028c9   Thumb Code     8  rt_eh_globals_addr_intlibspace.o(.text)
    __sig_exit                               0x000028d1   Thumb Code    10  defsig_exit.o(.text)
    __rt_SIGABRT                             0x000028db   Thumb Code    14  defsig_abrt_outer.o(.text)
    __rt_SIGRTMEM_inner                      0x000028e9   Thumb Code    22  defsig_rtmem_inner.o(.text)
    __ARM_exceptions_buffer_init             0x00002939   Thumb Code    18  arm_exceptions_mem.o(.text)
    __ARM_exceptions_buffer_allocate         0x0000294b   Thumb Code    22  arm_exceptions_mem.o(.text)
    __ARM_exceptions_buffer_free             0x00002961   Thumb Code    20  arm_exceptions_mem.o(.text)
    __default_signal_display                 0x00002975   Thumb Code    50  defsig_general.o(.text)
    __rt_SIGABRT_inner                       0x000029a9   Thumb Code    14  defsig_abrt_inner.o(.text)
    _ttywrch                                 0x000029d9   Thumb Code    14  sys_wrch.o(.text)
    Tile::fall()                             0x000029e9   Thumb Code   166  main.o(i._ZN4Tile4fallEv)
    Tile::offScreen()                        0x00002a95   Thumb Code    88  main.o(i._ZN4Tile9offScreenEv)
    Image::draw(int, int)                    0x00002af9   Thumb Code    30  main.o(i._ZN5Image4drawEii)
    Image::erase(int, int)                   0x00002b17   Thumb Code    38  main.o(i._ZN5Image5eraseEii)
    Image::Image(int, int, const unsigned short*) 0x00002b3d   Thumb Code     8  main.o(i._ZN5ImageC1EiiPKt)
    Image::Image__sub_object(int, int, const unsigned short*) 0x00002b3d   Thumb Code     0  main.o(i._ZN5ImageC1EiiPKt)
    Sprite::draw()                           0x00002b45   Thumb Code    16  main.o(i._ZN6Sprite4drawEv)
    Sprite::Sprite(int, int, Image*)         0x00002b55   Thumb Code     8  main.o(i._ZN6SpriteC1EiiP5Image)
    Sprite::Sprite__sub_object(int, int, Image*) 0x00002b55   Thumb Code     0  main.o(i._ZN6SpriteC1EiiP5Image)
    operator delete (void*)                  0x00002b5d   Thumb Code     8  delete.o(i._ZdlPv)
    operator new(unsigned)                   0x00002b65   Thumb Code    34  new.o(i._Znwj)
    __ARM_fpclassify                         0x00002b8d   Thumb Code    40  fpclassify.o(i.__ARM_fpclassify)
    __kernel_poly                            0x00002bb5   Thumb Code   170  poly.o(i.__kernel_poly)
    __mathlib_dbl_divzero                    0x00002c61   Thumb Code    12  dunder.o(i.__mathlib_dbl_divzero)
    __mathlib_dbl_infnan2                    0x00002c71   Thumb Code     4  dunder.o(i.__mathlib_dbl_infnan2)
    __mathlib_dbl_invalid                    0x00002c75   Thumb Code    12  dunder.o(i.__mathlib_dbl_invalid)
    __mathlib_dbl_overflow                   0x00002c81   Thumb Code    14  dunder.o(i.__mathlib_dbl_overflow)
    __mathlib_dbl_underflow                  0x00002c91   Thumb Code    10  dunder.o(i.__mathlib_dbl_underflow)
    pow                                      0x00002ca1   Thumb Code  2512  pow.o(i.pow)
    sqrt                                     0x00003679   Thumb Code    76  sqrt.o(i.sqrt)
    __aeabi_dadd                             0x000036c5   Thumb Code     0  daddsub_clz.o(x$fpl$dadd)
    _dadd                                    0x000036c5   Thumb Code   332  daddsub_clz.o(x$fpl$dadd)
    __fpl_dcheck_NaN1                        0x00003815   Thumb Code    10  dcheck1.o(x$fpl$dcheck1)
    __fpl_dcmp_Inf                           0x00003825   Thumb Code    24  dcmpi.o(x$fpl$dcmpinf)
    __aeabi_ddiv                             0x0000383d   Thumb Code     0  ddiv.o(x$fpl$ddiv)
    _ddiv                                    0x0000383d   Thumb Code   552  ddiv.o(x$fpl$ddiv)
    __aeabi_d2iz                             0x00003aed   Thumb Code     0  dfix.o(x$fpl$dfix)
    _dfix                                    0x00003aed   Thumb Code    94  dfix.o(x$fpl$dfix)
    __aeabi_i2d                              0x00003b4b   Thumb Code     0  dflt_clz.o(x$fpl$dflt)
    _dflt                                    0x00003b4b   Thumb Code    46  dflt_clz.o(x$fpl$dflt)
    __aeabi_cdcmple                          0x00003b79   Thumb Code     0  dleqf.o(x$fpl$dleqf)
    _dcmple                                  0x00003b79   Thumb Code   120  dleqf.o(x$fpl$dleqf)
    __fpl_dcmple_InfNaN                      0x00003bdb   Thumb Code     0  dleqf.o(x$fpl$dleqf)
    __aeabi_dmul                             0x00003bf1   Thumb Code     0  dmul.o(x$fpl$dmul)
    _dmul                                    0x00003bf1   Thumb Code   332  dmul.o(x$fpl$dmul)
    __fpl_dnaninf                            0x00003d45   Thumb Code   156  dnaninf.o(x$fpl$dnaninf)
    __fpl_dretinf                            0x00003de1   Thumb Code    12  dretinf.o(x$fpl$dretinf)
    __aeabi_cdrcmple                         0x00003ded   Thumb Code     0  drleqf.o(x$fpl$drleqf)
    _drcmple                                 0x00003ded   Thumb Code   108  drleqf.o(x$fpl$drleqf)
    __aeabi_drsub                            0x00003e59   Thumb Code     0  daddsub_clz.o(x$fpl$drsb)
    _drsb                                    0x00003e59   Thumb Code    22  daddsub_clz.o(x$fpl$drsb)
    _dsqrt                                   0x00003e71   Thumb Code   404  dsqrt_umaal.o(x$fpl$dsqrt)
    __aeabi_dsub                             0x00004009   Thumb Code     0  daddsub_clz.o(x$fpl$dsub)
    _dsub                                    0x00004009   Thumb Code   464  daddsub_clz.o(x$fpl$dsub)
    __fpl_return_NaN                         0x000041dd   Thumb Code   100  retnan.o(x$fpl$retnan)
    __ARM_scalbn                             0x00004241   Thumb Code    92  scalbn.o(x$fpl$scalbn)
    __fpl_cmpreturn                          0x0000429d   Thumb Code    48  trapv.o(x$fpl$trapveneer)
    __I$use$fp                               0x000042cc   Number         0  usenofp.o(x$fpl$usenofp)
    __mathlib_zero                           0x00034208   Data           8  qnan.o(.constdata)
    Region$$Table$$Base                      0x00034210   Number         0  anon$$obj.o(Region$$Table)
    Region$$Table$$Limit                     0x00034230   Number         0  anon$$obj.o(Region$$Table)
    SHT$$INIT_ARRAY$$Base                    0x00034230   Number         0  main.o(.init_array)
    SHT$$INIT_ARRAY$$Limit                   0x0003423c   Number         0  init_aeabi.o(.init_array)
    ongoingGame                              0x20000000   Data           1  main.o(.data)
    playerScore                              0x20000004   Data           4  main.o(.data)
    playerLives                              0x20000008   Data           4  main.o(.data)
    fallTileCount                            0x2000000c   Data           4  main.o(.data)
    currentScreen                            0x20000010   Data           1  main.o(.data)
    language                                 0x20000011   Data           1  main.o(.data)
    difficulty                               0x20000012   Data           1  main.o(.data)
    targetTile                               0x20000014   Data           4  main.o(.data)
    tilesLength                              0x20000018   Data           4  main.o(.data)
    StX                                      0x20000020   Data           4  st7735.o(.data)
    StY                                      0x20000024   Data           4  st7735.o(.data)
    StTextColor                              0x20000028   Data           2  st7735.o(.data)
    Messageindex                             0x20000034   Data           4  st7735.o(.data)
    Ymax                                     0x20000038   Data           4  st7735.o(.data)
    Ymin                                     0x2000003c   Data           4  st7735.o(.data)
    X                                        0x20000040   Data           4  st7735.o(.data)
    Yrange                                   0x20000044   Data           4  st7735.o(.data)
    lastj                                    0x20000048   Data           4  st7735.o(.data)
    soundToPlay                              0x2000004c   Data           4  sound.o(.data)
    PeriodicTask0                            0x20000050   Data           4  timer0.o(.data)
    PeriodicTask1                            0x20000054   Data           4  timer1.o(.data)
    spriteToAnimate                          0x20000058   Data           4  sprite.o(.data)
    currentBackground                        0x20000064   Data           4  images.o(.data)
    my                                       0x20000068   Data          20  main.o(.bss)
    tiles                                    0x2000007c   Data          24  main.o(.bss)
    BlockBrick                               0x20000094   Data          12  main.o(.bss)
    BlockBlank                               0x200000a0   Data          12  main.o(.bss)
    BlockQuestion                            0x200000ac   Data          12  main.o(.bss)
    Message                                  0x200000b8   Data          12  st7735.o(.bss)
    soundList                                0x200000c4   Data          12  sound.o(.bss)
    RxFifo                                   0x200000d0   Data          40  uart.o(.bss)
    __libspace_start                         0x200000f8   Data          96  libspace.o(.bss)
    __temporary_stack_top$libspace           0x20000158   Data           0  libspace.o(.bss)



==============================================================================

Memory Map of the image

  Image Entry point : 0x0000026d

  Load Region LR_IROM1 (Base: 0x00000000, Size: 0x000342a4, Max: 0x00040000, ABSOLUTE)

    Execution Region ER_IROM1 (Exec base: 0x00000000, Load base: 0x00000000, Size: 0x0003423c, Max: 0x00040000, ABSOLUTE)

    Exec Addr    Load Addr    Size         Type   Attr      Idx    E Section Name        Object

    0x00000000   0x00000000   0x0000026c   Data   RO            3    RESET               startup_tm4c123.o
    0x0000026c   0x0000026c   0x00000008   Code   RO          547  * !!!main             c_w.l(__main.o)
    0x00000274   0x00000274   0x00000034   Code   RO         1112    !!!scatter          c_w.l(__scatter.o)
    0x000002a8   0x000002a8   0x0000001a   Code   RO         1114    !!handler_copy      c_w.l(__scatter_copy.o)
    0x000002c2   0x000002c2   0x00000002   PAD
    0x000002c4   0x000002c4   0x0000001c   Code   RO         1116    !!handler_zi        c_w.l(__scatter_zi.o)
    0x000002e0   0x000002e0   0x00000002   Code   RO          985    .ARM.Collect$$libinit$$00000000  c_w.l(libinit.o)
    0x000002e2   0x000002e2   0x00000000   Code   RO          653    .ARM.Collect$$libinit$$00000002  c_w.l(libinit2.o)
    0x000002e2   0x000002e2   0x00000000   Code   RO          655    .ARM.Collect$$libinit$$00000004  c_w.l(libinit2.o)
    0x000002e2   0x000002e2   0x00000008   Code   RO          656    .ARM.Collect$$libinit$$00000005  c_w.l(libinit2.o)
    0x000002ea   0x000002ea   0x00000000   Code   RO          658    .ARM.Collect$$libinit$$0000000A  c_w.l(libinit2.o)
    0x000002ea   0x000002ea   0x00000000   Code   RO          660    .ARM.Collect$$libinit$$0000000C  c_w.l(libinit2.o)
    0x000002ea   0x000002ea   0x00000000   Code   RO          662    .ARM.Collect$$libinit$$0000000E  c_w.l(libinit2.o)
    0x000002ea   0x000002ea   0x00000000   Code   RO          665    .ARM.Collect$$libinit$$00000011  c_w.l(libinit2.o)
    0x000002ea   0x000002ea   0x00000000   Code   RO          667    .ARM.Collect$$libinit$$00000013  c_w.l(libinit2.o)
    0x000002ea   0x000002ea   0x00000000   Code   RO          669    .ARM.Collect$$libinit$$00000015  c_w.l(libinit2.o)
    0x000002ea   0x000002ea   0x00000000   Code   RO          671    .ARM.Collect$$libinit$$00000017  c_w.l(libinit2.o)
    0x000002ea   0x000002ea   0x00000000   Code   RO          673    .ARM.Collect$$libinit$$00000019  c_w.l(libinit2.o)
    0x000002ea   0x000002ea   0x00000000   Code   RO          675    .ARM.Collect$$libinit$$0000001B  c_w.l(libinit2.o)
    0x000002ea   0x000002ea   0x00000000   Code   RO          677    .ARM.Collect$$libinit$$0000001D  c_w.l(libinit2.o)
    0x000002ea   0x000002ea   0x00000000   Code   RO          679    .ARM.Collect$$libinit$$0000001F  c_w.l(libinit2.o)
    0x000002ea   0x000002ea   0x00000000   Code   RO          681    .ARM.Collect$$libinit$$00000021  c_w.l(libinit2.o)
    0x000002ea   0x000002ea   0x00000000   Code   RO          683    .ARM.Collect$$libinit$$00000023  c_w.l(libinit2.o)
    0x000002ea   0x000002ea   0x00000000   Code   RO          685    .ARM.Collect$$libinit$$00000025  c_w.l(libinit2.o)
    0x000002ea   0x000002ea   0x00000000   Code   RO          689    .ARM.Collect$$libinit$$0000002C  c_w.l(libinit2.o)
    0x000002ea   0x000002ea   0x00000000   Code   RO          691    .ARM.Collect$$libinit$$0000002E  c_w.l(libinit2.o)
    0x000002ea   0x000002ea   0x00000000   Code   RO          693    .ARM.Collect$$libinit$$00000030  c_w.l(libinit2.o)
    0x000002ea   0x000002ea   0x00000004   Code   RO          694    .ARM.Collect$$libinit$$00000031  c_w.l(libinit2.o)
    0x000002ee   0x000002ee   0x00000000   Code   RO          695    .ARM.Collect$$libinit$$00000032  c_w.l(libinit2.o)
    0x000002ee   0x000002ee   0x00000002   Code   RO          696    .ARM.Collect$$libinit$$00000033  c_w.l(libinit2.o)
    0x000002f0   0x000002f0   0x00000002   Code   RO         1095    .ARM.Collect$$libshutdown$$00000000  c_w.l(libshutdown.o)
    0x000002f2   0x000002f2   0x00000000   Code   RO         1072    .ARM.Collect$$libshutdown$$00000002  c_w.l(libshutdown2.o)
    0x000002f2   0x000002f2   0x00000000   Code   RO         1074    .ARM.Collect$$libshutdown$$00000004  c_w.l(libshutdown2.o)
    0x000002f2   0x000002f2   0x00000000   Code   RO         1076    .ARM.Collect$$libshutdown$$00000006  c_w.l(libshutdown2.o)
    0x000002f2   0x000002f2   0x00000000   Code   RO         1079    .ARM.Collect$$libshutdown$$00000009  c_w.l(libshutdown2.o)
    0x000002f2   0x000002f2   0x00000000   Code   RO         1082    .ARM.Collect$$libshutdown$$0000000C  c_w.l(libshutdown2.o)
    0x000002f2   0x000002f2   0x00000000   Code   RO         1084    .ARM.Collect$$libshutdown$$0000000E  c_w.l(libshutdown2.o)
    0x000002f2   0x000002f2   0x00000000   Code   RO         1087    .ARM.Collect$$libshutdown$$00000011  c_w.l(libshutdown2.o)
    0x000002f2   0x000002f2   0x00000002   Code   RO         1088    .ARM.Collect$$libshutdown$$00000012  c_w.l(libshutdown2.o)
    0x000002f4   0x000002f4   0x00000000   Code   RO          582    .ARM.Collect$$rtentry$$00000000  c_w.l(__rtentry.o)
    0x000002f4   0x000002f4   0x00000000   Code   RO          768    .ARM.Collect$$rtentry$$00000002  c_w.l(__rtentry2.o)
    0x000002f4   0x000002f4   0x00000006   Code   RO          780    .ARM.Collect$$rtentry$$00000004  c_w.l(__rtentry4.o)
    0x000002fa   0x000002fa   0x00000000   Code   RO          770    .ARM.Collect$$rtentry$$00000009  c_w.l(__rtentry2.o)
    0x000002fa   0x000002fa   0x00000004   Code   RO          771    .ARM.Collect$$rtentry$$0000000A  c_w.l(__rtentry2.o)
    0x000002fe   0x000002fe   0x00000000   Code   RO          773    .ARM.Collect$$rtentry$$0000000C  c_w.l(__rtentry2.o)
    0x000002fe   0x000002fe   0x00000008   Code   RO          774    .ARM.Collect$$rtentry$$0000000D  c_w.l(__rtentry2.o)
    0x00000306   0x00000306   0x00000002   Code   RO         1021    .ARM.Collect$$rtexit$$00000000  c_w.l(rtexit.o)
    0x00000308   0x00000308   0x00000000   Code   RO         1055    .ARM.Collect$$rtexit$$00000002  c_w.l(rtexit2.o)
    0x00000308   0x00000308   0x00000004   Code   RO         1056    .ARM.Collect$$rtexit$$00000003  c_w.l(rtexit2.o)
    0x0000030c   0x0000030c   0x00000006   Code   RO         1057    .ARM.Collect$$rtexit$$00000004  c_w.l(rtexit2.o)
    0x00000312   0x00000312   0x00000002   PAD
    0x00000314   0x00000314   0x00000000   Code   RO          959    .emb_text           c_w.l(maybetermalloc1.o)
    0x00000314   0x00000314   0x00000128   Code   RO            4    .text               startup_tm4c123.o
    0x0000043c   0x0000043c   0x00000900   Code   RO           10    .text               main.o
    0x00000d3c   0x00000d3c   0x0000005c   Code   RO          308    .text               dac.o
    0x00000d98   0x00000d98   0x0000007c   Code   RO          327    .text               pll.o
    0x00000e14   0x00000e14   0x00000040   Code   RO          340    .text               random.o
    0x00000e54   0x00000e54   0x0000112a   Code   RO          355    .text               st7735.o
    0x00001f7e   0x00001f7e   0x00000002   PAD
    0x00001f80   0x00001f80   0x00000174   Code   RO          376    .text               slidepot.o
    0x000020f4   0x000020f4   0x0000008c   Code   RO          389    .text               sound.o
    0x00002180   0x00002180   0x00000078   Code   RO          421    .text               timer0.o
    0x000021f8   0x000021f8   0x00000078   Code   RO          437    .text               timer1.o
    0x00002270   0x00002270   0x0000005c   Code   RO          453    .text               uart.o
    0x000022cc   0x000022cc   0x0000001c   Code   RO          473    .text               fifo.o
    0x000022e8   0x000022e8   0x00000200   Code   RO          485    .text               texas.o
    0x000024e8   0x000024e8   0x000000e0   Code   RO          501    .text               sprite.o
    0x000025c8   0x000025c8   0x00000020   Code   RO          527    .text               images.o
    0x000025e8   0x000025e8   0x00000006   Code   RO          545    .text               c_w.l(heapauxi.o)
    0x000025ee   0x000025ee   0x00000002   PAD
    0x000025f0   0x000025f0   0x00000024   Code   RO          552    .text               c_w.l(init_aeabi.o)
    0x00002614   0x00002614   0x00000008   Code   RO          586    .text               c_w.l(rt_new_handler_addr_intlibspace.o)
    0x0000261c   0x0000261c   0x0000005e   Code   RO          592    .text               c_w.l(h1_alloc.o)
    0x0000267a   0x0000267a   0x0000004e   Code   RO          594    .text               c_w.l(h1_free.o)
    0x000026c8   0x000026c8   0x00000016   Code   RO          650    .text               c_w.l(_rserrno.o)
    0x000026de   0x000026de   0x00000004   Code   RO          700    .text               cpprt_w.l(arm_newhandler_noexceptions.o)
    0x000026e2   0x000026e2   0x00000002   PAD
    0x000026e4   0x000026e4   0x00000008   Code   RO          762    .text               c_w.l(libspace.o)
    0x000026ec   0x000026ec   0x00000008   Code   RO          785    .text               c_w.l(rt_heap_descriptor_intlibspace.o)
    0x000026f4   0x000026f4   0x00000008   Code   RO          790    .text               c_w.l(rt_errno_addr_intlibspace.o)
    0x000026fc   0x000026fc   0x00000004   Code   RO          792    .text               c_w.l(hguard.o)
    0x00002700   0x00002700   0x0000008a   Code   RO          794    .text               c_w.l(init_alloc.o)
    0x0000278a   0x0000278a   0x0000000e   Code   RO          798    .text               c_w.l(h1_init.o)
    0x00002798   0x00002798   0x0000001a   Code   RO          937    .text               cpprt_w.l(arm_exceptions_terminate.o)
    0x000027b2   0x000027b2   0x0000004a   Code   RO          955    .text               c_w.l(sys_stackheap_outer.o)
    0x000027fc   0x000027fc   0x00000034   Code   RO          961    .text               c_w.l(h1_extend.o)
    0x00002830   0x00002830   0x00000012   Code   RO          965    .text               c_w.l(exit.o)
    0x00002842   0x00002842   0x00000016   Code   RO          967    .text               c_w.l(abort.o)
    0x00002858   0x00002858   0x0000000e   Code   RO          969    .text               c_w.l(defsig_rtmem_outer.o)
    0x00002866   0x00002866   0x00000002   PAD
    0x00002868   0x00002868   0x00000050   Code   RO         1002    .text               cpprt_w.l(arm_exceptions_globs.o)
    0x000028b8   0x000028b8   0x0000000c   Code   RO         1016    .text               c_w.l(sys_exit.o)
    0x000028c4   0x000028c4   0x00000002   Code   RO         1018    .text               c_w.l(use_no_semi.o)
    0x000028c6   0x000028c6   0x00000000   Code   RO         1020    .text               c_w.l(indicate_semi.o)
    0x000028c6   0x000028c6   0x00000002   PAD
    0x000028c8   0x000028c8   0x00000008   Code   RO         1028    .text               c_w.l(rt_eh_globals_addr_intlibspace.o)
    0x000028d0   0x000028d0   0x0000000a   Code   RO         1034    .text               c_w.l(defsig_exit.o)
    0x000028da   0x000028da   0x0000000e   Code   RO         1036    .text               c_w.l(defsig_abrt_outer.o)
    0x000028e8   0x000028e8   0x00000050   Code   RO         1040    .text               c_w.l(defsig_rtmem_inner.o)
    0x00002938   0x00002938   0x0000003c   Code   RO         1049    .text               cpprt_w.l(arm_exceptions_mem.o)
    0x00002974   0x00002974   0x00000032   Code   RO         1067    .text               c_w.l(defsig_general.o)
    0x000029a6   0x000029a6   0x00000002   PAD
    0x000029a8   0x000029a8   0x00000030   Code   RO         1069    .text               c_w.l(defsig_abrt_inner.o)
    0x000029d8   0x000029d8   0x0000000e   Code   RO         1089    .text               c_w.l(sys_wrch.o)
    0x000029e6   0x000029e6   0x00000002   PAD
    0x000029e8   0x000029e8   0x000000ac   Code   RO           32    i._ZN4Tile4fallEv   main.o
    0x00002a94   0x00002a94   0x00000064   Code   RO           44    i._ZN4Tile9offScreenEv  main.o
    0x00002af8   0x00002af8   0x0000001e   Code   RO           26    i._ZN5Image4drawEii  main.o
    0x00002b16   0x00002b16   0x00000026   Code   RO           38    i._ZN5Image5eraseEii  main.o
    0x00002b3c   0x00002b3c   0x00000008   Code   RO           62    i._ZN5ImageC1EiiPKt  main.o
    0x00002b44   0x00002b44   0x00000010   Code   RO           50    i._ZN6Sprite4drawEv  main.o
    0x00002b54   0x00002b54   0x00000008   Code   RO           56    i._ZN6SpriteC1EiiP5Image  main.o
    0x00002b5c   0x00002b5c   0x00000008   Code   RO          555    i._ZdlPv            cpprt_w.l(delete.o)
    0x00002b64   0x00002b64   0x00000028   Code   RO          558    i._Znwj             cpprt_w.l(new.o)
    0x00002b8c   0x00002b8c   0x00000028   Code   RO          749    i.__ARM_fpclassify  m_ws.l(fpclassify.o)
    0x00002bb4   0x00002bb4   0x000000aa   Code   RO          751    i.__kernel_poly     m_ws.l(poly.o)
    0x00002c5e   0x00002c5e   0x00000002   PAD
    0x00002c60   0x00002c60   0x00000010   Code   RO          735    i.__mathlib_dbl_divzero  m_ws.l(dunder.o)
    0x00002c70   0x00002c70   0x00000004   Code   RO          737    i.__mathlib_dbl_infnan2  m_ws.l(dunder.o)
    0x00002c74   0x00002c74   0x0000000c   Code   RO          738    i.__mathlib_dbl_invalid  m_ws.l(dunder.o)
    0x00002c80   0x00002c80   0x0000000e   Code   RO          739    i.__mathlib_dbl_overflow  m_ws.l(dunder.o)
    0x00002c8e   0x00002c8e   0x00000002   PAD
    0x00002c90   0x00002c90   0x00000010   Code   RO          741    i.__mathlib_dbl_underflow  m_ws.l(dunder.o)
    0x00002ca0   0x00002ca0   0x000009d8   Code   RO          573    i.pow               m_ws.l(pow.o)
    0x00003678   0x00003678   0x0000004c   Code   RO          755    i.sqrt              m_ws.l(sqrt.o)
    0x000036c4   0x000036c4   0x00000150   Code   RO          716    x$fpl$dadd          fz_ws.l(daddsub_clz.o)
    0x00003814   0x00003814   0x00000010   Code   RO          943    x$fpl$dcheck1       fz_ws.l(dcheck1.o)
    0x00003824   0x00003824   0x00000018   Code   RO         1012    x$fpl$dcmpinf       fz_ws.l(dcmpi.o)
    0x0000383c   0x0000383c   0x000002b0   Code   RO          723    x$fpl$ddiv          fz_ws.l(ddiv.o)
    0x00003aec   0x00003aec   0x0000005e   Code   RO          562    x$fpl$dfix          fz_ws.l(dfix.o)
    0x00003b4a   0x00003b4a   0x0000002e   Code   RO          567    x$fpl$dflt          fz_ws.l(dflt_clz.o)
    0x00003b78   0x00003b78   0x00000078   Code   RO          945    x$fpl$dleqf         fz_ws.l(dleqf.o)
    0x00003bf0   0x00003bf0   0x00000154   Code   RO          726    x$fpl$dmul          fz_ws.l(dmul.o)
    0x00003d44   0x00003d44   0x0000009c   Code   RO          728    x$fpl$dnaninf       fz_ws.l(dnaninf.o)
    0x00003de0   0x00003de0   0x0000000c   Code   RO          947    x$fpl$dretinf       fz_ws.l(dretinf.o)
    0x00003dec   0x00003dec   0x0000006c   Code   RO          730    x$fpl$drleqf        fz_ws.l(drleqf.o)
    0x00003e58   0x00003e58   0x00000016   Code   RO          717    x$fpl$drsb          fz_ws.l(daddsub_clz.o)
    0x00003e6e   0x00003e6e   0x00000002   PAD
    0x00003e70   0x00003e70   0x00000198   Code   RO          949    x$fpl$dsqrt         fz_ws.l(dsqrt_umaal.o)
    0x00004008   0x00004008   0x000001d4   Code   RO          718    x$fpl$dsub          fz_ws.l(daddsub_clz.o)
    0x000041dc   0x000041dc   0x00000064   Code   RO         1014    x$fpl$retnan        fz_ws.l(retnan.o)
    0x00004240   0x00004240   0x0000005c   Code   RO          732    x$fpl$scalbn        fz_ws.l(scalbn.o)
    0x0000429c   0x0000429c   0x00000030   Code   RO         1052    x$fpl$trapveneer    fz_ws.l(trapv.o)
    0x000042cc   0x000042cc   0x00000000   Code   RO          734    x$fpl$usenofp       fz_ws.l(usenofp.o)
    0x000042cc   0x000042cc   0x00028044   Data   RO           13    .constdata          main.o
    0x0002c310   0x0002c310   0x00000842   Data   RO          358    .constdata          st7735.o
    0x0002cb52   0x0002cb52   0x0000762d   Data   RO          392    .constdata          sound.o
    0x0003417f   0x0003417f   0x00000001   PAD
    0x00034180   0x00034180   0x00000088   Data   RO          574    .constdata          m_ws.l(pow.o)
    0x00034208   0x00034208   0x00000008   Data   RO          753    .constdata          m_ws.l(qnan.o)
    0x00034210   0x00034210   0x00000020   Data   RO         1110    Region$$Table       anon$$obj.o
    0x00034230   0x00034230   0x00000004   Data   RO           15    .init_array         main.o
    0x00034234   0x00034230   0x00000004   Data   RO          394    .init_array         sound.o
    0x00034238   0x00034230   0x00000004   Data   RO          456    .init_array         uart.o
    0x0003423c   0x00034230   0x00000000   Data   RO          550    .init_array         c_w.l(init_aeabi.o)


    Execution Region RW_IRAM1 (Exec base: 0x20000000, Load base: 0x0003423c, Size: 0x00000958, Max: 0x00008000, ABSOLUTE)

    Exec Addr    Load Addr    Size         Type   Attr      Idx    E Section Name        Object

    0x20000000   0x0003423c   0x0000001c   Data   RW           14    .data               main.o
    0x2000001c   0x00034258   0x00000004   Data   RW          342    .data               random.o
    0x20000020   0x0003425c   0x0000002c   Data   RW          359    .data               st7735.o
    0x2000004c   0x00034288   0x00000004   Data   RW          393    .data               sound.o
    0x20000050   0x0003428c   0x00000004   Data   RW          423    .data               timer0.o
    0x20000054   0x00034290   0x00000004   Data   RW          439    .data               timer1.o
    0x20000058   0x00034294   0x0000000c   Data   RW          503    .data               sprite.o
    0x20000064   0x000342a0   0x00000004   Data   RW          529    .data               images.o
    0x20000068        -       0x00000050   Zero   RW           12    .bss                main.o
    0x200000b8        -       0x0000000c   Zero   RW          357    .bss                st7735.o
    0x200000c4        -       0x0000000c   Zero   RW          391    .bss                sound.o
    0x200000d0        -       0x00000028   Zero   RW          455    .bss                uart.o
    0x200000f8        -       0x00000060   Zero   RW          763    .bss                c_w.l(libspace.o)
    0x20000158        -       0x00000400   Zero   RW            2    HEAP                startup_tm4c123.o
    0x20000558        -       0x00000400   Zero   RW            1    STACK               startup_tm4c123.o


==============================================================================

Image component sizes


      Code (inc. data)   RO Data    RW Data    ZI Data      Debug   Object Name

        92         14          0          0          0       1851   dac.o
        28          0          0          0          0       1272   fifo.o
        32          4          0          4          0       1158   images.o
      2676        208     163912         28         80      21257   main.o
       124          4          0          0          0        503   pll.o
        64         12          0          4          0        966   random.o
       372         26          0          0          0       2066   slidepot.o
       140         14      30257          4         12       3735   sound.o
       224         12          0         12          0       3787   sprite.o
      4394        232       2114         44         12      18024   st7735.o
       296         22        620          0       2048       5648   startup_tm4c123.o
       512         56          0          0          0       1609   texas.o
       120         22          0          4          0       1482   timer0.o
       120         22          0          4          0       1483   timer1.o
        92          4          4          0         40       2385   uart.o

    ----------------------------------------------------------------------
      9288        652     196940        104       2192      67226   Object Totals
         0          0         32          0          0          0   (incl. Generated)
         2          0          1          0          0          0   (incl. Padding)

    ----------------------------------------------------------------------

      Code (inc. data)   RO Data    RW Data    ZI Data      Debug   Library Member Name

         8          0          0          0          0         68   __main.o
         0          0          0          0          0          0   __rtentry.o
        12          0          0          0          0          0   __rtentry2.o
         6          0          0          0          0          0   __rtentry4.o
        52          8          0          0          0          0   __scatter.o
        26          0          0          0          0          0   __scatter_copy.o
        28          0          0          0          0          0   __scatter_zi.o
        22          0          0          0          0        100   _rserrno.o
        22          0          0          0          0         80   abort.o
        48         34          0          0          0         76   defsig_abrt_inner.o
        14          0          0          0          0         80   defsig_abrt_outer.o
        10          0          0          0          0         68   defsig_exit.o
        50          0          0          0          0         88   defsig_general.o
        80         58          0          0          0         76   defsig_rtmem_inner.o
        14          0          0          0          0         80   defsig_rtmem_outer.o
        18          0          0          0          0         80   exit.o
        94          0          0          0          0         80   h1_alloc.o
        52          0          0          0          0         68   h1_extend.o
        78          0          0          0          0         80   h1_free.o
        14          0          0          0          0         84   h1_init.o
         6          0          0          0          0        152   heapauxi.o
         4          0          0          0          0        136   hguard.o
         0          0          0          0          0          0   indicate_semi.o
        36         10          0          0          0         80   init_aeabi.o
       138          0          0          0          0        168   init_alloc.o
         2          0          0          0          0          0   libinit.o
        14          0          0          0          0          0   libinit2.o
         2          0          0          0          0          0   libshutdown.o
         2          0          0          0          0          0   libshutdown2.o
         8          4          0          0         96         68   libspace.o
         0          0          0          0          0          0   maybetermalloc1.o
         8          4          0          0          0         68   rt_eh_globals_addr_intlibspace.o
         8          4          0          0          0         68   rt_errno_addr_intlibspace.o
         8          4          0          0          0         68   rt_heap_descriptor_intlibspace.o
         8          4          0          0          0         68   rt_new_handler_addr_intlibspace.o
         2          0          0          0          0          0   rtexit.o
        10          0          0          0          0          0   rtexit2.o
        12          4          0          0          0         68   sys_exit.o
        74          0          0          0          0         80   sys_stackheap_outer.o
        14          0          0          0          0         76   sys_wrch.o
         2          0          0          0          0         68   use_no_semi.o
        80         12          0          0          0        104   arm_exceptions_globs.o
        60          0          0          0          0        108   arm_exceptions_mem.o
        26          0          0          0          0         76   arm_exceptions_terminate.o
         4          0          0          0          0         68   arm_newhandler_noexceptions.o
         8          0          0          0          0         76   delete.o
        40          6          0          0          0         76   new.o
       826         16          0          0          0        348   daddsub_clz.o
        16          4          0          0          0         68   dcheck1.o
        24          0          0          0          0         68   dcmpi.o
       688        140          0          0          0        208   ddiv.o
        94          4          0          0          0         92   dfix.o
        46          0          0          0          0         68   dflt_clz.o
       120          4          0          0          0         92   dleqf.o
       340         12          0          0          0        104   dmul.o
       156          4          0          0          0         92   dnaninf.o
        12          0          0          0          0         68   dretinf.o
       108          0          0          0          0         80   drleqf.o
       408         56          0          0          0        120   dsqrt_umaal.o
       100          0          0          0          0         68   retnan.o
        92          0          0          0          0         68   scalbn.o
        48          0          0          0          0         68   trapv.o
         0          0          0          0          0          0   usenofp.o
        62         10          0          0          0        340   dunder.o
        40          0          0          0          0         68   fpclassify.o
       170          0          0          0          0         96   poly.o
      2520        190        136          0          0        324   pow.o
         0          0          8          0          0          0   qnan.o
        76          0          0          0          0         84   sqrt.o

    ----------------------------------------------------------------------
      7192        592        144          0         96       5308   Library Totals
        22          0          0          0          0          0   (incl. Padding)

    ----------------------------------------------------------------------

      Code (inc. data)   RO Data    RW Data    ZI Data      Debug   Library Name

      1006        134          0          0         96       2276   c_w.l
       218         18          0          0          0        508   cpprt_w.l
      3078        240          0          0          0       1612   fz_ws.l
      2868        200        144          0          0        912   m_ws.l

    ----------------------------------------------------------------------
      7192        592        144          0         96       5308   Library Totals

    ----------------------------------------------------------------------

==============================================================================


      Code (inc. data)   RO Data    RW Data    ZI Data      Debug   

     16480       1244     197084        104       2288      68006   Grand Totals
     16480       1244     197084        104       2288      68006   ELF Image Totals
     16480       1244     197084        104          0          0   ROM Totals

==============================================================================

    Total RO  Size (Code + RO Data)               213564 ( 208.56kB)
    Total RW  Size (RW Data + ZI Data)              2392 (   2.34kB)
    Total ROM Size (Code + RO Data + RW Data)     213668 ( 208.66kB)

==============================================================================

