<html>
<body>
<pre>
<h1>µVision Build Log</h1>
<h2>Tool Versions:</h2>
IDE-Version: µVision V5.36.0.0
Copyright (C) 2021 ARM Ltd and ARM Germany GmbH. All rights reserved.
License Information: Joaquin Escobar, UT, LIC=W961Z-3ZE8Q-E4EXS-43UL6-VUYX7-SQ4RH
 
Tool Versions:
Toolchain:       MDK-ARM Professional  Version: 5.36.0.0
Toolchain Path:  C:\Keil_v5\ARM\ARMCC\Bin
C Compiler:      Armcc.exe V5.06 update 7 (build 960)
Assembler:       Armasm.exe V5.06 update 7 (build 960)
Linker/Locator:  ArmLink.exe V5.06 update 7 (build 960)
Library Manager: ArmAr.exe V5.06 update 7 (build 960)
Hex Converter:   FromElf.exe V5.06 update 7 (build 960)
CPU DLL:         SARMCM3.DLL V5.36.0.0
Dialog DLL:      DCM.DLL V1.17.3.0
Target DLL:      lmidk-agdi.dll V???
Dialog DLL:      TCM.DLL V1.53.0.0
 
<h2>Project:</h2>
C:\Users\Joaquin\OneDrive - The University of Texas at Austin\Courses\EE 319H\Labs\Lab 10\Lab10_C++\Lab10_C++.uvprojx
Project File Date:  05/03/2022

<h2>Output:</h2>
*** Using Compiler 'V5.06 update 7 (build 960)', folder: 'C:\Keil_v5\ARM\ARMCC\Bin'
Build target 'Lab 10'
compiling Sound.cpp...
Sound.h(6): warning:  #68-D: integer conversion resulted in a change of sign
  const uint8_t	TitleTheme_Intro[TitleTheme_IntroLength] = {128,127,128,128,127,128,127,128,127,127,128,128,128,127,128,127,127,128,128,128,128,128,127,127,127,128,128,127,128,128,128,128,127,127,128,128,128,127,128,128,128,127,127,127,127,128,128,128,127,128,127,127,128,128,128,127,127,128,128,128,127,128,128,128,128,128,128,128,127,127,128,128,128,128,127,127,128,128,128,127,128,127,127,127,127,127,127,128,128,127,127,127,127,127,127,127,127,127,127,127,127,128,128,127,127,128,128,127,128,127,127,127,127,127,127,127,127,127,127,127,127,127,127,127,127,127,127,127,127,127,127,127,127,127,127,127,127,127,127,127,127,127,127,127,127,127,127,127,127,127,128,127,127,127,127,127,127,127,127,127,127,127,127,127,128,127,127,127,127,128,128,128,127,127,127,127,127,127,127,127,128,127,127,127,127,127,128,127,127,128,128,127,127,127,127,128,128,128,128,128,128,128,128,128,128,128,128,128,128,127,127,127,128,131,135,136,132,126,118,111,108,111,119,128,134,138,140,140,135,129,126,123,121,120,118,118,118,116,116,121,128,...
,135,137,136,131,132,134,132,132,135,138,139,136,136,139,139,137,139,142,143,139,136,137,138,136,136,140,142,140,138,140,141,140,139,141,143,142,138,136,137,135,133,135,138,138,136,135,137,137,135,135,137,138,135,131,131,131,128,128,130,133,131,129,130,132,130,128,129,132,131,126,124,126,124,121,123,126,127,124,123,126,126,124,123,125,127,125,121,121,122,119,117,120,123,122,119,120,123,121,120,121,123,124,120,118,119,118,115,116,119,121,120,119,121,122,121,120,122,125,124,120,120,121,119,117,120,123,124,122,123,126,125,124,125,127,129,126,124,126,125,122,122,126,129,127,126,129,131,129,128,130,133,132,129,128,130,128,126,127,131,132,130,131,134,134,132,132,134,136,134,130,132,132,129,128,130,133,133,132,133,135,134,133,133,135,136,133,131,133,131,128,128,131,133,131,131,133,134,132,131,132,134,133,129,130,130,127,125,126,129,130,128,130,132,131,129,129,131,131,128,126,128,127,124,122,125,127,127,126,128,130,128,126,127,129,129,126,125,126,124,121,121,124,126,125,125,127,127,125,125,126,128,126,124,124,124,122...
,127,128,130,131,131,129,128,126,126,126,127,127,127,126,126,125,126,127,129,131,131,130,129,127,126,126,126,127,127,127,126,125,125,126,128,130,131,131,130,128,126,126,126,126,127,127,127,126,125,125,127,129,130,131,131,129,127,126,126,126,127,127,127,127,126,125,126,127,129,131,131,130,129,127,126,126,126,127,127,127,126,126,125,126,128,130,131,131,130,128,126,126,126,127,127,127,127,126,126,126,127,129,130,131,130,129,127,126,126,126,127,127,127,127,126,125,126,128,130,131,131,130,129,127,125,126,127,127,127,127,127,126,126,127,129,130,131,130,130,128,126,125,126,127,127,127,127,127,126,126,127,129,130,130,130,129,127,126,125,126,127,127,127,127,127,126,126,128,130,131,130,130,128,126,125,126,127,127,127,127,127,126,126,127,129,130,131,130,129,128,126,125,126,127,127,127,127,127,126,126,127,129,130,130,130,129,127,125,125,126,127,127,127,127,127,126,126,128,130,130,130,130,128,126,125,126,127,127,127,127,127,126,126,127,129,130,130,130,129,127,126,125,126,127,127,127,127,127,126,126,127,129,130,130,130,129...
,131,133,142,136,131,142,138,123,122,126,132,137,134,139,138,124,117,116,121,125,118,123,130,118,112,117,121,127,128,129,135,129,119,116,117,122,121,121,129,127,115,115,121,127,133,137,142,142,132,126,126,126,127,124,127,132,121,114,119,123,128,134,141,148,141,130,129,128,128,126,125,131,127,115,114,119,122,124,128,137,138,128,122,124,121,117,115,120,125,117,108,112,116,118,122,133,145,142,132,132,133,130,126,126,133,132,118,113,116,117,116,121,133,139,129,120,122,122,120,121,129,138,131,120,122,127,128,129,135,145,141,126,121,122,118,113,111,121,125,111,104,109,110,110,112,123,133,124,112,112,114,110,104,107,119,114,101,102,107,108,107,112,128,134,122,117,119,119,115,111,122,134,124,117,123,128,133,137,149,168,168,158,159,164,165,160,160,176,177,163,160,163,165,167,171,188,200,191,183,184,188,188,181,187,199,187,173,173,173,175,174,178,193,195,182,176,177,179,173,165,178,182,167,159,159,160,160,156,164,175,166,153,147,147,145,131,130,142,136,122,118,116,117,113,113,126,131,118,107,100,99,92,78,83,88,73,60,53...
,132,132,135,139,144,146,145,141,136,133,135,141,150,157,159,158,157,157,159,163,168,170,169,164,159,153,150,150,155,161,163,162,159,156,153,154,157,162,164,161,157,152,148,146,149,155,158,157,154,151,147,145,145,148,150,149,144,140,134,128,126,131,137,140,139,136,134,131,130,132,136,137,132,127,122,115,109,109,114,118,118,116,113,109,105,103,107,113,112,108,104,100,95,92,96,104,106,104,102,100,98,95,95,100,104,101,98,95,91,85,84,91,99,101,102,101,101,99,99,104,111,112,109,106,104,99,95,98,106,111,112,113,112,111,108,110,117,124,124,122,122,120,116,115,122,131,134,134,134,134,133,131,134,142,145,143,142,142,139,134,135,144,151,153,153,154,154,152,152,158,165,165,161,159,157,152,147,150,158,161,160,160,159,157,153,153,160,164,161,158,157,153,147,145,151,157,156,155,154,151,147,144,146,151,151,147,145,141,135,129,129,136,139,138,138,136,133,128,127,132,136,133,129,126,122,115,110,114,119,119,118,117,115,111,106,108,113,114,112,109,107,103,96,96,102,106,105,105,104,102,98,95,99,104,104,102,100,97,92,88,90,96,99,...
,245,242,226,221,221,221,222,218,215,217,225,230,218,206,200,195,195,193,185,179,183,192,186,170,163,159,156,154,147,143,147,155,158,146,134,127,124,126,123,113,107,113,122,115,101,94,89,88,89,85,83,86,96,99,88,78,70,63,63,59,49,44,51,61,54,43,40,38,41,44,42,40,44,55,58,51,44,37,35,39,40,36,36,47,58,55,50,50,49,54,59,60,64,72,85,89,84,80,76,75,81,83,80,82,95,108,105,102,103,102,106,111,114,119,129,142,146,143,141,137,137,141,141,137,139,151,159,154,150,149,148,152,155,157,162,171,183,187,185,184,180,180,184,183,180,181,190,193,186,182,178,173,174,175,176,179,186,193,193,189,183,175,172,173,172,168,170,178,181,175,171,165,159,157,156,156,157,160,163,161,156,149,141,136,133,130,127,128,133,133,127,123,117,111,108,108,109,111,116,120,118,115,110,101,95,92,90,87,88,92,89,83,80,76,71,69,71,76,82,90,95,95,93,89,83,78,75,75,76,80,86,86,84,84,81,77,75,78,85,92,100,106,107,107,105,100,96,94,94,96,101,106,105,103,104,101,99,99,103,111,118,127,134,135,138,137,133,130,129,132,137,142,146,145,144,145,141,136,136,141,150,1...
,165,156,147,147,158,165,166,166,160,153,149,150,156,164,166,167,164,156,144,134,138,147,147,144,142,136,130,126,129,137,145,148,147,139,129,122,122,130,136,133,130,127,122,116,113,118,128,135,136,132,122,113,107,107,113,117,118,120,119,116,113,116,128,137,138,135,127,118,110,102,101,104,105,105,101,93,87,85,92,104,112,114,111,106,100,93,89,94,101,104,103,98,92,90,92,99,108,116,119,117,110,104,98,100,110,119,121,118,114,112,114,120,128,136,142,142,134,125,119,117,122,132,138,138,135,132,129,127,132,142,152,156,152,142,135,132,132,137,142,143,140,138,135,132,131,139,152,160,161,153,145,142,140,143,151,158,160,156,150,146,144,148,158,167,170,164,154,148,143,138,138,144,149,148,143,136,132,133,139,148,155,156,149,141,138,134,132,136,141,142,136,128,122,118,119,124,131,136,134,125,115,108,103,105,113,121,123,118,114,112,113,117,124,131,134,129,118,108,101,98,100,104,106,102,96,92,90,91,98,109,118,119,112,103,99,98,101,106,110,112,109,104,100,97,99,106,115,123,121,113,107,104,104,106,112,119,122,120,115,113,113,11...
,123,113,111,112,114,118,120,121,124,128,132,136,139,137,126,121,121,120,123,126,127,128,130,132,136,142,144,138,130,125,122,125,127,125,124,127,128,130,135,140,142,138,132,126,127,131,130,129,129,127,126,129,134,136,137,133,122,115,115,116,116,118,120,118,119,126,132,138,141,134,120,115,117,119,121,123,122,120,122,127,132,139,141,132,121,116,116,119,123,122,119,119,120,124,134,142,143,135,127,124,126,130,131,129,129,128,128,133,141,146,147,140,128,122,124,128,129,129,130,128,130,138,146,151,151,143,128,122,123,122,122,124,123,117,117,122,127,136,139,128,116,113,116,118,123,123,119,117,119,123,132,143,144,134,126,122,122,126,129,129,126,123,121,125,136,145,143,133,123,118,120,123,123,123,123,122,123,129,139,146,147,138,125,119,120,120,119,122,120,114,113,119,127,136,139,129,119,119,122,122,126,132,129,127,130,134,143,156,157,146,136,132,130,131,134,134,130,126,123,126,136,146,143,130,122,117,116,118,120,121,121,120,120,125,138,146,142,133,124,117,116,116,116,119,119,113,110,117,126,135,136,127,118,117,119,117...
,118,114,110,107,110,115,120,125,127,128,126,124,123,121,119,118,119,121,127,134,139,144,147,144,139,132,125,119,116,114,110,111,116,121,128,135,138,137,137,134,129,127,126,125,124,127,130,134,142,148,149,147,141,134,126,121,118,113,111,110,112,116,122,128,131,132,129,126,124,122,121,122,122,123,128,134,140,144,147,145,138,132,125,119,116,115,112,112,116,121,127,133,137,137,136,133,128,126,125,124,124,126,131,135,140,145,148,146,141,134,125,120,117,113,111,111,113,117,123,129,132,133,131,127,124,122,120,120,120,124,129,134,139,144,147,144,138,130,123,119,116,115,113,113,118,123,128,134,137,136,134,131,127,125,123,122,123,126,130,135,141,146,148,146,141,134,126,121,118,114,112,114,117,120,125,129,132,131,129,125,120,119,119,119,121,124,130,136,140,147,148,145,141,132,128,121,120,127,130,134,132,135,140,131,115,111,120,111,112,120,117,125,131,137,138,136,144,147,146,153,150,144,133,114,128,127,108,111,115,117,122,126,134,137,132,128,119,111,111,105,102,111,112,115,129,136,126,123,138,137,121,118,126,127,126,131...
,127,138,141,144,140,135,136,133,133,131,125,120,116,118,120,123,127,124,124,126,126,126,126,125,123,123,122,124,127,131,136,138,140,138,135,136,133,130,128,120,119,116,118,125,126,131,129,129,128,126,129,125,124,125,118,121,127,131,138,137,136,131,130,130,130,132,125,119,116,117,121,125,131,127,127,129,131,132,129,130,125,124,126,125,129,132,133,137,134,133,133,128,129,126,123,119,114,116,117,123,126,126,131,131,131,133,131,131,129,128,126,124,128,131,134,135,133,131,129,129,127,124,120,115,114,117,121,123,127,129,128,131,133,132,133,130,128,126,125,129,131,136,139,135,132,129,129,127,124,123,118,116,118,118,121,123,125,128,128,133,134,133,134,129,128,127,124,124,129,132,132,134,135,133,132,130,127,124,121,117,114,116,120,124,128,129,128,126,129,131,127,126,123,122,122,124,131,133,134,136,134,132,131,130,128,126,121,117,121,125,127,131,131,129,130,131,130,130,128,125,121,121,121,121,124,125,127,128,131,131,129,133,130,129,127,122,122,123,127,129,129,130,132,133,133,134,133,130,128,126,123,124,126,127,127,128...
,125,127,128,131,129,125,125,127,128,129,129,126,125,127,128,130,133,131,129,127,125,127,127,129,126,123,122,124,127,128,130,128,126,127,126,127,129,129,128,128,130,129,127,131,130,129,130,127,124,125,127,124,125,125,121,122,124,125,128,129,128,127,127,130,129,131,132,129,128,128,132,133,135,136,132,127,124,122,123,124,122,119,119,123,126,129,130,129,126,127,130,128,132,135,131,131,129,131,131,131,131,128,128,126,124,125,127,126,122,122,122,120,123,123,123,126,126,128,127,128,129,130,132,130,128,129,129,130,130,134,132,126,126,126,125,126,125,121,117,120,124,127,132,135,132,129,133,133,132,132,128,124,123,124,124,124,127,124,122,124,122,126,128,127,127,125,129,127,129,135,132,131,131,131,127,129,131,128,128,129,129,126,127,128,126,127,126,122,122,124,126,125,126,128,125,126,128,127,129,133,131,129,129,129,129,130,131,128,127,129,126,125,131,129,124,126,127,127,128,131,129,124,127,126,125,129,128,125,123,126,125,126,130,128,125,127,128,127,129,132,130,129,132,130,128,131,131,129,128,128,124,122,123,125,124,126...
,127,125,122,125,128,128,129,128,126,122,127,132,126,125,128,127,129,131,131,132,132,131,127,125,125,121,118,121,120,119,124,126,122,122,125,126,124,125,128,129,129,129,131,136,135,132,133,133,131,128,126,122,118,124,128,128,131,131,130,130,132,130,124,124,123,119,121,124,120,121,124,123,124,128,132,130,130,135,132,133,135,130,130,129,128,126,127,128,127,127,128,127,128,129,127,126,126,127,125,124,127,127,126,131,131,129,130,130,128,126,126,126,127,129,128,126,126,130,128,128,131,128,126,128,126,126,127,127,127,128,131,131,131,133,131,128,127,128,126,126,126,122,124,127,127,127,127,126,124,126,129,126,127,128,127,128,131,132,131,131,134,132,129,129,126,124,127,126,125,126,129,129,127,130,128,125,127,125,121,121,122,122,124,129,129,128,134,134,130,134,133,128,129,130,128,127,127,126,125,128,130,127,127,128,125,123,125,124,122,125,126,125,130,131,130,131,131,131,129,128,129,126,127,128,126,128,131,130,128,130,129,125,126,126,123,124,127,125,125,128,129,128,131,131,129,131,132,128,126,128,127,127,129,128,126,127...
,137,135,133,133,127,122,122,120,117,120,120,117,121,121,120,122,126,128,126,133,137,136,137,135,134,133,132,131,127,129,127,128,129,128,130,130,130,129,126,126,124,121,121,124,124,124,128,127,126,130,128,128,129,126,129,131,132,133,128,130,131,128,132,133,131,128,125,126,127,127,128,126,126,129,128,129,130,128,126,124,125,124,124,124,124,126,129,128,129,130,131,131,130,130,129,129,131,127,128,130,128,128,130,131,125,125,127,123,125,126,125,127,131,132,129,131,131,128,129,128,125,124,124,123,123,126,129,129,129,130,127,128,131,130,128,128,128,125,125,128,128,128,131,131,128,132,133,128,128,128,122,123,127,125,125,129,128,128,129,130,126,125,126,123,125,128,127,129,132,133,131,131,133,128,127,129,126,125,127,127,127,127,130,129,129,131,127,125,127,127,126,127,128,125,124,129,128,126,131,131,129,130,132,129,127,129,127,126,128,128,126,126,129,128,128,132,130,127,128,127,125,127,128,127,129,131,129,129,129,129,126,126,127,125,125,126,125,125,128,129,128,130,131,128,128,130,128,127,128,128,127,127,128,128,128,130...
,128,128,127,127,126,124,126,127,126,129,129,128,129,129,129,129,129,126,126,127,126,125,125,127,126,127,129,129,129,129,129,127,128,129,127,126,129,128,126,129,129,128,129,129,128,129,130,128,126,127,126,125,126,126,124,124,126,126,127,128,128,128,129,128,127,129,131,131,130,130,129,128,129,129,127,126,127,125,126,128,125,125,128,127,126,128,128,127,128,129,129,128,128,129,127,128,129,128,128,128,128,128,129,129,126,127,127,125,127,128,128,128,128,128,128,129,130,128,128,128,126,127,129,128,127,127,129,128,127,128,127,126,127,127,127,127,129,128,128,129,129,129,129,128,126,127,128,127,128,128};
               	                                                                                                                                                                                                                                                                                                                                                                                                                                                                                                                                                                                                                                                                                                                                                                                                                                                                                                                                                                                                                                                ...
                                                                                                                                                                                                                                                                                                                                                                                                                                                                                                                                                                                                                                                                                                                                                                                                                                                                                                                                                                                                                                                                ...
                                                                                                                                                                                                                                                                                                                                                                                                                                                                                                                                                                                                                                                                                                                                                                                                                                                                                                                                                                                                                                                                ...
                                                                                                                                                                                                                                                                                                                                                                                                                                                                                                                                                                                                                                                                                                                                                                                                                                                                                                                                                                                                                                                                ...
                                                                                                                                                                                                                                                                                                                                                                                                                                                                                                                                                                                                                                                                                                                                                                                                                                                                                                                                                                                                                                                                ...
                                                                                                                                                                                                                                                                                                                                                                                                                                                                                                                                                                                                                                                                                                                                                                                                                                                                                                                                                                                                                                                                ...
                                                                                                                                                                                                                                                                                                                                                                                                                                                                                                                                                                                                                                                                                                                                                                                                                                                                                                                                                                                                                                                                ...
                                                                                                                                                                                                                                                                                                                                                                                                                                                                                                                                                                                                                                                                                                                                                                                                                                                                                                                                                                                                                                                                ...
                                                                                                                                                                                                                                                                                                                                                                                                                                                                                                                                                                                                                                                                                                                                                                                                                                                                                                                                                                                                                                                                ...
                                                                                                                                                                                                                                                                                                                                                                                                                                                                                                                                                                                                                                                                                                                                                                                                                                                                                                                                                                                                                                                                ...
                                                                                                                                                                                                                                                                                                                                                                                                                                                                                                                                                                                                                                                                                                                                                                                                                                                                                                                                                                                                                                                                ...
                                                                                                                                                                                                                                                                                                                                                                                                                                                                                                                                                                                                                                                                                                                                                                                                                                                                                                                                                                                                                                                                ...
                                                                                                                                                                                                                                                                                                                                                                                                                                                                                                                                                                                                                                                                                                                                                                                                                                                                                                                                                                                                                                                                ...
                                                                                                                                                                                                                                                                                                                                                                                                                                                                                                                                                                                                                                                                                                                                                                                                                                                                                                                                                                                                                                                                ...
                                                                                                                                                                                                                                                                                                                                                                                                                                                                                                                                                                                                                                                                                                                                                                                                                                                                                                                                                                                                                                                                ...
Sound.cpp: 1 warning, 0 errors
compiling main.cpp...
linking...
Program Size: Code=16480 RO-data=197084 RW-data=104 ZI-data=2288  
".\Lab10_C++.axf" - 0 Error(s), 1 Warning(s).

<h2>Software Packages used:</h2>

Package Vendor: ARM
                http://www.keil.com/pack/ARM.CMSIS.5.8.0.pack
                ARM.CMSIS.5.8.0
                CMSIS (Common Microcontroller Software Interface Standard)
   * Component: CORE Version: 5.5.0

Package Vendor: Keil
                http://www.keil.com/pack/Keil.TM4C_DFP.1.1.0.pack
                Keil.TM4C_DFP.1.1.0
                Texas Instruments Tiva C Series Device Support and Examples

<h2>Collection of Component include folders:</h2>
  .\RTE\_Lab_10
  C:\Users\Joaquin\AppData\Local\Arm\Packs\ARM\CMSIS\5.8.0\CMSIS\Core\Include
  C:\Users\Joaquin\AppData\Local\Arm\Packs\Keil\TM4C_DFP\1.1.0\Device\Include\TM4C123

<h2>Collection of Component Files used:</h2>

   * Component: ARM::CMSIS:CORE:5.5.0
Build Time Elapsed:  00:00:01
</pre>
</body>
</html>
