<html>
<body>
<pre>
<h1>µVision Build Log</h1>
<h2>Tool Versions:</h2>
IDE-Version: µVision V5.36.0.0
Copyright (C) 2021 ARM Ltd and ARM Germany GmbH. All rights reserved.
License Information: Joaquin Escobar, UT, LIC=W961Z-3ZE8Q-E4EXS-43UL6-VUYX7-SQ4RH
 
Tool Versions:
Toolchain:       MDK-ARM Professional  Version: 5.36.0.0
Toolchain Path:  C:\Keil_v5\ARM\ARMCC\Bin
C Compiler:      Armcc.exe V5.06 update 7 (build 960)
Assembler:       Armasm.exe V5.06 update 7 (build 960)
Linker/Locator:  ArmLink.exe V5.06 update 7 (build 960)
Library Manager: ArmAr.exe V5.06 update 7 (build 960)
Hex Converter:   FromElf.exe V5.06 update 7 (build 960)
CPU DLL:         SARMCM3.DLL V5.36.0.0
Dialog DLL:      DCM.DLL V1.17.3.0
Target DLL:      lmidk-agdi.dll V???
Dialog DLL:      TCM.DLL V1.53.0.0
 
<h2>Project:</h2>
C:\Users\Joaquin\OneDrive - The University of Texas at Austin\Courses\EE 319H\Labs\Lab 10\Lab10_C++\Lab10_C++.uvprojx
Project File Date:  05/05/2022

<h2>Output:</h2>
*** Using Compiler 'V5.06 update 7 (build 960)', folder: 'C:\Keil_v5\ARM\ARMCC\Bin'
Build target 'Lab 10'
compiling Sound.cpp...
Sound.h(6): warning:  #68-D: integer conversion resulted in a change of sign
  const uint8_t TitleTheme_Speed[TitleTheme_SpeedLength] = {128,127,127,127,127,127,127,127,127,128,128,128,128,127,127,128,128,128,128,128,128,127,128,128,128,128,128,127,128,128,128,127,127,127,127,128,127,127,127,127,127,127,128,127,126,127,128,128,128,129,128,128,130,129,128,129,128,127,127,127,127,127,128,127,127,128,128,128,128,128,128,128,127,127,127,127,126,127,127,127,127,127,128,128,128,128,127,127,127,127,127,126,127,127,128,128,127,128,128,128,128,128,128,128,128,127,127,127,127,127,127,128,127,127,127,127,127,127,128,128,127,128,127,127,128,128,128,128,127,127,127,127,127,127,127,127,127,127,128,127,128,127,127,128,128,128,127,127,128,128,129,128,128,127,128,128,127,127,127,127,128,127,127,127,128,128,128,128,127,127,128,128,128,127,127,127,127,127,127,127,128,128,128,128,128,127,127,127,127,127,127,127,127,127,127,127,128,128,127,127,128,128,128,128,128,128,128,127,127,127,127,127,127,129,129,129,129,129,129,129,129,128,128,132,134,134,133,131,130,128,127,126,127,130,131,130,130,130,128,128,127,...
,124,125,124,125,129,131,134,130,126,129,128,126,126,124,125,127,125,127,128,126,127,127,129,130,129,129,129,128,128,127,126,128,127,125,126,127,128,130,129,130,131,130,129,128,129,128,128,130,128,126,126,125,126,124,126,129,128,126,125,128,130,128,126,127,127,128,127,127,128,126,125,125,126,127,126,128,129,128,129,128,128,128,127,127,127,128,130,129,128,128,128,127,126,124,123,125,126,128,130,129,129,130,130,130,129,128,129,130,128,129,131,128,128,128,127,128,126,126,127,127,128,128,129,128,127,126,126,126,128,127,126,127,129,131,128,127,128,127,129,128,128,129,129,129,127,129,128,128,127,126,127,127,126,125,126,127,126,127,126,126,128,127,127,126,126,129,127,127,126,126,128,129,128,127,128,130,129,129,127,128,130,128,128,129,129,127,126,129,128,127,129,130,130,129,127,128,128,126,125,124,123,124,125,127,129,129,127,129,128,127,127,126,128,128,129,131,129,128,128,126,125,126,126,126,128,127,126,127,126,127,126,124,127,126,128,130,130,131,129,129,128,126,129,127,127,130,129,129,129,129,129,128,128,127,127,128...
,130,129,134,136,134,135,142,154,154,148,144,140,138,140,143,146,150,157,166,170,165,160,154,151,153,154,152,152,155,162,162,156,152,147,142,142,142,143,147,153,159,161,158,155,148,140,136,133,132,132,134,139,140,137,135,129,124,121,119,120,125,130,135,138,137,136,131,124,115,109,110,110,115,115,109,109,107,104,99,94,95,101,112,123,128,128,125,123,114,99,89,82,82,91,98,103,105,103,102,101,98,96,98,106,117,128,133,135,133,130,122,111,104,97,96,104,112,115,115,115,118,120,120,122,120,121,132,143,150,154,159,163,163,157,148,139,135,137,142,146,147,147,147,144,141,142,146,151,153,162,174,177,173,171,167,159,151,143,140,142,148,154,154,152,150,143,136,129,124,127,133,143,152,152,148,144,140,135,127,118,111,109,113,115,112,110,109,107,101,92,87,84,88,95,104,112,115,114,107,98,93,90,86,86,90,95,100,100,100,98,93,90,87,87,95,103,112,120,126,128,123,118,116,113,108,108,114,122,129,131,129,127,124,124,122,121,128,139,150,159,166,169,168,163,155,149,143,140,141,144,154,159,158,157,153,146,143,138,136,142,152,159,163,162...
,164,157,146,149,160,164,153,133,124,126,128,133,144,149,141,134,136,140,136,121,105,100,101,108,124,129,120,109,113,128,129,116,101,94,98,106,114,124,122,110,106,109,113,106,89,76,70,76,86,94,97,86,79,87,99,100,85,75,78,90,101,112,122,123,117,114,120,125,115,105,102,106,113,120,129,130,117,110,117,124,119,108,104,110,118,125,132,139,138,129,128,132,132,128,124,124,127,131,138,145,145,137,135,141,147,148,142,140,147,152,158,169,176,175,169,167,172,174,170,163,160,158,159,165,169,164,152,147,153,159,155,146,143,144,147,151,153,154,148,141,144,152,156,151,145,142,142,142,144,143,138,129,130,140,143,134,123,117,115,116,114,113,110,104,103,107,111,107,97,94,92,91,91,91,89,86,84,88,96,95,87,80,77,79,80,78,79,82,86,91,97,103,101,98,97,97,98,100,105,112,116,118,123,129,128,121,115,114,114,115,118,123,130,133,134,138,140,138,136,135,135,136,140,146,152,154,157,163,169,169,163,158,155,155,159,163,167,171,175,180,183,183,174,164,158,156,155,157,159,158,158,160,162,163,154,139,132,131,137,142,143,145,147,149,151,152,146...
,129,137,145,147,137,123,108,99,100,102,104,101,93,88,83,89,107,119,117,109,100,100,105,113,121,118,110,110,115,126,140,143,140,137,133,133,136,145,153,149,145,141,143,152,164,173,163,149,136,127,134,145,149,140,133,129,127,134,141,143,138,127,120,116,118,123,127,127,122,118,112,117,127,130,122,106,97,95,95,104,110,106,100,102,111,123,134,138,133,122,115,113,114,122,128,128,122,115,117,126,139,148,144,132,121,119,126,132,141,143,139,137,142,150,157,158,153,145,135,130,130,133,137,135,131,128,131,141,150,155,149,136,129,128,133,139,140,132,119,111,109,113,117,118,113,99,93,92,94,102,110,111,106,101,105,114,120,126,124,112,105,109,114,118,125,124,121,123,132,142,147,150,149,137,131,138,143,150,161,159,152,147,148,155,157,158,151,134,125,126,128,133,139,138,129,126,132,136,138,139,137,128,118,117,116,117,121,117,109,103,105,112,113,115,112,100,97,100,107,114,117,117,113,113,119,128,133,134,132,121,114,115,114,120,130,131,127,123,129,138,144,150,150,140,135,140,142,145,149,146,138,137,143,146,148,150,145,138,133,...
,149,149,145,153,166,157,150,153,152,152,165,178,170,157,156,154,142,148,157,144,133,133,133,127,133,143,133,120,118,118,109,113,121,108,99,99,97,94,100,107,96,82,80,81,73,79,87,73,65,71,74,78,92,103,97,86,90,93,84,94,102,90,85,90,95,98,112,128,125,115,117,120,117,128,140,134,134,141,148,156,169,182,178,170,173,173,164,167,172,164,160,162,166,169,179,190,189,179,177,178,171,175,176,162,152,149,152,154,158,163,154,138,132,129,118,115,113,103,93,89,92,100,114,126,126,116,110,109,105,111,114,104,94,91,94,102,114,122,125,119,118,121,120,127,132,130,124,120,120,127,137,142,143,135,129,129,129,134,132,122,111,103,102,110,118,120,119,112,109,110,113,120,120,114,106,96,98,106,112,113,110,101,91,89,98,108,109,110,106,101,106,118,132,134,130,124,115,114,123,133,138,141,137,134,140,151,161,162,164,160,148,148,157,165,168,170,166,160,165,176,184,183,178,170,158,154,159,160,156,154,147,144,152,162,167,164,156,144,128,123,127,126,121,117,106,99,105,116,123,119,111,99,85,82,90,92,89,86,77,73,80,92,103,106,102,95,85,85,94,99...
,133,139,148,139,131,125,121,123,118,120,133,131,124,118,112,116,110,104,116,115,107,101,95,94,91,90,93,101,104,95,93,97,96,91,94,108,113,111,106,103,106,106,111,124,131,125,116,114,119,117,115,127,137,132,126,126,131,136,139,145,156,156,150,147,146,149,148,146,154,156,151,148,149,152,151,153,162,166,164,157,150,147,144,136,138,144,140,136,130,125,131,133,138,146,147,145,137,131,128,122,122,124,123,116,107,101,98,97,99,105,109,103,99,97,89,90,91,91,95,92,90,90,88,92,98,105,112,118,121,120,120,117,113,115,122,125,127,128,126,123,126,133,141,151,157,156,156,154,151,153,160,166,166,164,162,155,150,155,161,165,168,165,161,155,146,141,141,143,143,139,137,133,126,124,126,131,136,137,135,134,127,115,112,114,117,117,114,114,106,95,93,99,109,113,108,106,102,89,84,89,96,100,98,100,101,98,100,108,118,128,132,131,134,132,122,117,120,125,128,127,128,127,120,123,132,141,148,148,152,150,141,134,134,142,149,147,148,148,142,139,144,152,162,165,164,163,155,142,136,139,141,142,139,138,136,129,128,135,146,154,154,154,152,141,132...
,107,109,110,107,107,112,118,120,122,124,125,123,120,122,127,128,125,125,126,125,122,121,124,123,122,123,124,127,125,125,130,132,134,140,145,148,147,145,147,149,148,148,151,147,142,136,129,131,133,131,131,135,138,137,138,134,135,132,115,105,104,104,99,111,128,132,142,148,147,138,124,127,130,126,131,131,131,124,107,120,126,108,106,112,115,118,119,123,131,132,135,136,134,135,125,116,117,117,118,122,122,113,113,126,126,121,129,135,137,135,139,140,137,134,130,129,122,120,120,111,106,114,131,143,156,159,155,151,136,135,129,111,108,110,106,111,109,102,110,110,110,115,123,136,131,137,152,155,163,157,155,156,147,145,137,131,129,129,132,130,135,135,127,129,124,113,113,107,102,100,97,105,110,108,114,122,125,125,127,126,132,135,133,140,131,128,131,126,130,132,131,129,121,121,123,115,118,123,118,127,133,137,141,138,145,144,139,141,139,137,132,129,130,129,128,128,133,138,136,130,131,130,125,124,121,120,121,118,118,123,123,120,122,124,125,129,130,131,131,133,134,131,132,128,125,125,119,120,120,118,123,121,121,126,125,128,1...
,93,97,102,106,106,102,100,103,108,114,119,122,120,115,109,108,112,116,119,125,128,125,120,120,126,134,138,141,144,141,132,127,129,134,138,143,149,150,147,143,146,152,157,160,161,160,154,144,138,141,144,146,152,155,152,147,144,146,149,152,155,156,152,143,136,132,133,136,138,143,142,137,133,130,133,137,137,139,138,132,124,117,116,118,121,125,127,124,119,115,114,118,121,122,123,121,113,104,98,97,98,102,105,105,103,99,96,96,100,104,108,109,106,101,95,92,94,99,106,111,111,109,109,109,111,116,123,126,126,125,122,119,117,119,127,133,135,136,136,135,135,136,142,148,149,147,146,144,140,138,142,149,152,152,152,151,149,146,147,154,157,156,153,150,147,140,139,144,148,148,147,146,143,139,137,140,145,145,143,140,137,132,126,127,131,133,132,132,130,127,122,121,126,128,127,125,123,118,112,109,111,114,113,113,112,109,105,101,102,106,107,105,104,103,98,94,94,98,100,102,104,106,103,100,101,105,108,112,112,114,113,109,108,111,115,119,122,125,125,124,123,126,131,134,136,138,137,134,131,132,138,140,142,145,147,146,144,144,148,152...
,144,120,120,134,149,162,164,170,165,154,157,163,169,159,138,135,143,150,161,165,153,134,129,146,156,143,123,111,117,125,131,140,142,138,132,136,148,148,137,116,105,111,117,124,121,111,97,98,117,122,114,95,80,85,95,102,109,111,99,94,102,104,107,90,72,75,82,95,106,107,96,82,93,118,126,115,101,99,109,118,129,140,137,125,119,127,138,134,124,115,116,131,148,159,160,145,135,146,165,167,148,133,135,146,155,163,172,172,161,155,162,172,169,152,141,144,152,160,167,165,150,138,147,161,156,136,122,120,125,133,140,150,151,139,137,146,148,139,126,116,115,117,121,127,124,112,105,114,121,114,102,91,86,90,94,101,107,102,98,104,112,115,107,98,95,99,101,106,111,108,103,103,111,116,109,97,95,99,103,108,114,119,119,121,128,136,138,132,127,129,131,133,136,136,134,131,135,145,148,141,135,135,137,141,144,144,145,148,150,158,165,163,155,151,148,147,148,148,145,143,145,151,157,157,148,140,140,141,142,142,139,136,138,141,145,147,140,129,124,124,125,127,130,128,123,124,130,135,133,123,116,114,111,109,108,107,105,104,108,116,122,116,107...
,134,128,127,133,140,142,145,140,126,119,121,127,136,139,134,129,130,136,138,143,145,136,129,118,114,118,120,122,120,115,116,121,130,137,138,131,121,114,110,113,120,124,125,124,124,128,136,139,139,136,130,125,127,133,141,140,134,130,126,127,130,129,131,126,117,113,110,118,125,124,124,125,126,129,134,138,136,130,121,115,117,129,138,137,136,134,130,125,127,133,129,125,119,111,114,128,139,138,133,131,129,127,130,135,129,125,124,117,116,123,128,128,126,126,121,119,125,130,126,124,122,115,118,127,129,131,131,129,127,128,135,138,136,133,127,119,122,130,132,132,132,127,123,126,131,134,133,130,125,119,122,127,129,128,126,125,121,123,129,130,131,131,124,120,122,126,129,130,131,129,124,129,134,132,132,130,124,121,124,128,128,131,133,125,123,126,126,128,129,130,122,119,126,126,127,131,133,128,125,131,131,132,133,131,124,120,126,126,126,129,127,123,121,126,129,129,132,132,126,122,129,132,130,134,134,127,125,130,131,129,131,131,124,120,125,125,123,128,129,123,123,127,129,129,133,131,121,118,122,123,124,127,130,125,125,130...
,122,130,129,126,123,128,136,132,128,120,121,131,130,129,127,125,134,134,131,126,118,126,133,132,132,126,131,138,133,129,119,119,131,129,128,122,120,130,131,128,121,115,124,129,128,127,121,127,133,130,127,118,120,129,128,128,122,121,131,132,130,121,115,125,126,127,128,123,133,140,136,135,128,130,140,142,140,133,133,141,137,132,128,124,125,125,128,121,113,121,125,123,119,111,116,124,124,127,122,124,133,133,133,123,120,130,125,125,124,117,125,129,128,124,118,123,128,133,135,128,128,132,132,132,126,127,134,135,137,133,130,135,137,136,130,125,127,130,132,130,122,124,131,132,129,123,120,125,127,125,122,122,123,125,128,122,122,128,131,136,133,127,129,128,129,125,116,118,120,126,130,127,131,133,132,134,128,127,130,130,132,126,125,126,126,130,124,120,123,121,127,131,130,133,131,133,133,128,129,127,131,134,126,128,130,128,133,127,122,123,122,126,124,122,126,124,127,127,123,123,119,123,125,126,128,124,130,133,128,129,126,126,134,133,134,138,133,134,134,128,125,121,126,127,122,128,126,128,133,127,127,123,123,130,127,127...
,122,123,125,124,123,126,129,132,129,128,128,127,131,131,128,128,128,131,130,126,125,125,128,132,130,127,129,130,129,126,124,123,125,129,128,127,127,127,131,130,126,123,122,126,128,126,126,127,130,130,126,125,125,126,129,129,129,130,131,133,133,129,126,126,129,129,127,127,128,129,128,127,124,124,126,128,126,125,125,128,130,129,126,125,126,128,128,127,127,128,130,130,129,127,125,127,128,128,128,128,129,130,130,129,127,128,129,129,128,126,127,128,128,127,125,125,127,127,127,127,126,128,130,129,127,125,125,128,128,128,128,128,127,127,128,127,126,127,129,130,130,130,129,128,128,126,126,127,126,126,126,126,128,128,127,127,125,126,127,129,129,128,129,129,130,129,127,125,125,127,129,128,127,127,128,129,127,125,125,126,127,127,127,129,129,130,129,127,127,127,128,128,127,127,128,128,129,127,125,125,124,125,127,127,128,127,126,127,126,126,127,126,126,127,128,129,129,128,127,126,128,129,129,129,129,129,128,129,129,127,127,128,129,129,126,126,127,127,127,125,124,126,126,128,128,126,127,127,128,127,126,127,127,128,128,128...
,125,124,123,123,122,124,129,131,134,130,126,125,120,120,118,114,121,126,130,132,123,121,119,118,122,115,121,131,133,137,125,117,123,117,117,114,108,123,128,134,135,116,122,122,119,131,121,132,150,149,159,139,131,149,143,156,152,137,164,168,171,167,137,156,156,148,161,137,157,184,179,189,163,160,179,156,166,156,144,180,172,173,169,143,166,162,161,174,141,158,173,160,175,147,147,162,138,154,137,122,155,143,149,141,110,133,119,112,120,90,113,121,104,114,81,82,94,72,89,74,66,94,77,86,81,58,78,64,65,72,41,64,72,63,75,46,52,62,46,61,42,43,72,58,67,60,44,63,52,57,59,40,65,66,62,73,51,63,71,67,84,68,73,97,93,107,100,91,108,102,114,114,99,126,134,136,140,127,140,146,142,150,138,148,163,162,172,163,161,172,170,180,175,170,187,192,204,204,191,201,201,205,209,196,205,213,217,221,204,207,214,210,214,202,200,211,212,219,211,202,205,203,206,200,189,192,193,199,198,182,178,177,178,178,160,158,159,161,169,154,147,145,139,149,137,125,129,126,137,130,115,120,111,114,116,97,97,96,100,108,92,87,83,80,90,76,67,72,73,86,79,69,71,6...
,152,150,137,130,132,139,142,136,132,138,148,153,143,131,128,133,139,137,128,130,139,146,143,128,121,124,129,131,123,119,125,132,136,125,112,111,115,120,118,108,111,119,124,123,107,100,104,107,110,102,98,105,111,115,105,92,94,97,103,101,92,96,103,108,107,93,89,92,97,102,94,91,99,106,111,101,90,93,97,105,104,95,101,110,116,116,102,99,105,111,119,112,110,119,124,130,122,112,116,122,130,130,122,128,136,142,142,130,127,133,140,146,139,138,147,153,157,149,139,143,149,156,156,148,153,160,165,164,151,148,153,159,164,156,155,161,167,169,160,151,152,157,163,160,153,156,162,166,163,151,147,151,157,158,150,147,153,157,158,148,138,138,144,149,144,138,139,145,148,143,133,127,130,137,136,130,127,131,136,135,126,117,117,123,126,122,117,117,123,125,120,111,106,111,117,115,111,108,113,119,116,110,103,102,111,112,109,106,106,113,115,109,103,98,104,112,110,107,104,109,115,113,108,101,101,111,112,110,107,107,116,117,112,107,101,109,115,113,113,109,114,120,117,113,105,107,117,118,116,113,113,122,122,118,113,108,117,122,120,119,11...
,113,113,114,114,114,115,115,117,118,119,119,118,120,122,123,123,125,127,129,129,128,128,129,129,129,129,130,132,133,133,133,133,134,135,134,134,134,135,136,137,137,137,136,136,137,137,137,137,138,139,139,139,139,140,140,141,141,141,141,141,141,140,139,138,138,137,137,137,137,137,137,137,136,136,137,136,136,136,136,135,135,135,134,133,133,134,132,133,134,134,134,134,133,132,131,131,131,131,132,132,132,133,131,129,128,126,125,125,126,126,126,127,127,127,127,127,126,126,125,125,124,125,125,124,123,123,123,124,124,123,123,124,125,125,124,123,123,122,122,122,122,121,121,122,121,121,122,121,121,120,120,121,121,122,122,122,122,122,122,122,122,122,123,123,123,124,123,121,121,120,120,121,121,121,122,122,122,122,123,123,123,124,125,126,127,127,126,126,127,126,126,125,124,124,125,126,127,126,126,126,126,127,127,127,128,129,129,127,127,128,128,129,129,129,129,130,131,130,130,131,130,130,131,131,131,131,132,132,132,132,131,131,131,131,131,131,131,130,130,130,131,132,131,131,131,132,132,132,132,132,131,131,131,131,131,131...
,113,113,113,111,112,111,109,111,109,107,107,107,107,107,106,106,105,105,104,102,100,99,99,97,98,100,101,102,104,105,105,105,106,105,106,106,106,108,110,110,110,110,112,114,116,116,117,120,121,121,122,123,125,125,126,127,128,130,131,132,133,133,132,132,133,133,134,136,138,140,141,142,144,144,145,147,147,148,149,148,149,150,149,150,151,152,152,154,155,156,154,153,154,152,151,151,150,151,150,150,150,150,149,149,148,147,147,146,146,145,145,144,143,143,142,142,141,140,140,138,137,136,135,134,134,132,131,130,130,130,129,128,128,126,125,123,122,122,121,121,120,120,119,118,117,116,115,114,113,112,112,111,111,111,110,110,110,110,109,109,108,108,107,107,106,106,105,104,104,104,103,103,103,103,103,103,103,103,104,104,104,105,105,106,106,106,107,107,108,109,109,110,111,112,113,114,115,116,117,118,119,120,121,122,123,124,125,127,128,128,130,131,131,133,134,135,136,138,139,141,142,143,144,145,145,145,147,147,147,147,147,147,149,151,152,153,154,156,155,155,156,153,154,153,150,151,149,149,149,149,150,150,151,151,152,151,150...
,148,149,147,143,145,148,147,146,145,148,146,140,142,146,145,141,144,146,143,140,138,141,142,139,139,139,140,134,125,126,126,122,122,125,128,128,127,127,128,126,123,122,123,119,113,111,110,107,105,105,109,108,104,103,102,100,99,97,101,105,101,102,104,102,100,99,104,108,107,106,108,113,112,112,116,118,118,115,113,116,115,115,120,124,127,128,129,133,134,133,135,139,140,139,138,138,140,139,138,143,146,147,145,146,149,148,149,151,153,153,149,147,149,149,148,146,151,155,150,147,148,148,147,144,145,148,146,142,139,141,140,138,140,142,140,135,134,136,134,132,134,135,134,130,126,126,124,119,117,122,124,121,119,120,121,118,116,118,119,115,112,110,111,110,106,107,111,111,109,108,110,111,108,108,110,111,110,108,109,109,108,107,110,114,114,114,117,119,119,118,121,123,123,122,121,124,123,121,123,125,129,130,130,133,135,133,132,133,136,135,133,134,135,134,131,131,134,136,135,136,137,138,136,135,136,138,137,135,135,136,134,131,131,133,135,134,133,134,134,132,131,132,133,132,130,130,130,128,126,126,128,131,129,131,134,132,13...
,19,21,13,19,28,28,39,38,34,38,45,50,39,37,49,57,71,77,77,83,85,90,96,95,99,94,95,110,114,127,142,141,143,145,153,161,153,147,149,155,171,183,195,208,209,207,213,218,212,206,196,190,204,213,220,227,223,227,227,232,242,232,227,218,221,240,245,250,252,249,247,245,249,246,228,214,208,201,205,212,212,204,194,199,202,203,197,178,167,165,170,170,169,172,164,160,164,162,162,148,132,128,124,120,120,118,104,94,99,105,109,98,81,81,84,85,87,88,86,78,73,76,86,81,68,54,46,53,58,56,50,40,35,43,54,56,50,40,42,53,60,67,76,74,64,65,72,80,83,69,63,70,78,92,103,99,87,82,93,106,108,99,88,95,108,116,129,141,139,132,131,136,144,145,136,132,141,154,165,174,167,154,150,155,166,170,158,149,157,164,173,188,191,189,185,183,190,194,188,173,167,169,175,185,189,183,166,163,172,171,165,147,137,140,141,146,158,164,160,152,151,159,156,139,128,121,124,133,137,144,138,119,119,128,127,118,96,86,91,92,98,105,106,103,95,98,107,104,94,82,74,76,81,86,92,85,69,71,81,86,79,63,62,63,70,80,85,94,92,89,98,103,104,97,91,91,94,100,104,113,110,99,111,124,1...
,154,151,145,142,141,142,148,153,156,157,155,150,141,132,125,120,119,122,127,132,135,135,131,126,126,127,129,132,135,138,138,132,123,112,105,99,92,91,93,96,101,102,100,95,93,93,94,101,107,115,123,123,120,116,110,107,103,102,105,110,114,119,122,123,122,123,126,126,132,145,150,157,162,157,151,144,142,142,142,149,153,154,159,157,154,151,148,147,147,149,155,163,167,166,158,150,143,137,131,129,128,127,128,131,131,128,125,118,115,117,121,126,130,132,133,124,115,107,99,95,94,96,97,99,102,105,103,98,95,93,96,103,110,113,120,123,115,109,103,97,97,97,103,108,116,127,132,132,130,130,132,137,146,151,157,162,161,158,153,148,143,139,141,144,145,150,154,152,152,146,141,143,142,147,154,155,156,154,151,142,131,126,121,124,124,124,129,132,137,135,132,128,124,127,129,133,135,135,136,128,117,108,98,95,94,95,96,98,103,103,99,96,94,95,98,105,113,116,120,121,119,114,104,99,98,102,109,111,117,125,127,129,129,127,128,133,142,148,152,154,153,153,146,139,135,136,140,140,142,148,152,154,150,147,146,144,148,152,156,157,155,153,149,142,13...
,99,101,101,103,105,105,113,115,108,105,107,108,105,107,108,107,114,119,116,116,121,125,128,129,126,128,132,131,133,132,127,129,134,135,138,139,140,145,143,141,142,139,145,145,145,151,152,155,156,154,149,141,141,138,131,132,132,131,136,135,133,137,141,140,143,142,138,139,140,138,132,130,131,130,130,130,128,128,125,122,118,112,107,102,101,99,95,95,98,100,104,103,99,99,99,99,98,98,98,101,110,112,112,118,122,125,130,130,130,134,134,135,135,127,127,131,133,136,133,134,139,139,141,135,133,137,140,143,143,145,151,155,158,157,153,151,148,149,146,139,141,143,143,145,143,142,145,147,147,145,140,138,139,135,129,126,123,123,127,123,119,121,120,118,114,107,102,100,101,98,96,100,104,108,111,110,106,104,105,101,95,91,92,97,101,103,104,108,116,121,121,125,126,127,131,131,129,127,130,137,139,140,143,148,155,155,151,150,146,146,148,145,145,146,148,154,156,154,149,146,147,143,135,132,132,132,133,131,130,135,140,143,145,143,143,143,143,143,136,131,131,131,131,129,125,128,130,124,119,112,107,101,97,94,90,90,93,98,102,101,99,101,...
                                                                                                                                                                                                                                                                                                                                                                                                                                                                                                                                                                                                                                                                                                                                                                                                                                                                                                                                                                                                                                                                ...
                                                                                                                                                                                                                                                                                                                                                                                                                                                                                                                                                                                                                                                                                                                                                                                                                                                                                                                                                                                                                                                                ...
                                                                                                                                                                                                                                                                                                                                                                                                                                                                                                                                                                                                                                                                                                                                                                                                                                                                                                                                                                                                                                                                ...
                                                                                                                                                                                                                                                                                                                                                                                                                                                                                                                                                                                                                                                                                                                                                                                                                                                                                                                                                                                                                                                                ...
                                                                                                                                                                                                                                                                                                                                                                                                                                                                                                                                                                                                                                                                                                                                                                                                                                                                                                                                                                                                                                                                ...
                                                                                                                                                                                                                                                                                                                                                                                                                                                                                                                                                                                                                                                                                                                                                                                                                                                                                                                                                                                                                                                                ...
                                                                                                                                                                                                                                                                                                                                                                                                                                                                                                                                                                                                                                                                                                                                                                                                                                                                                                                                                                                                                                                                ...
                                                                                                                                                                                                                                                                                                                                                                                                                                                                                                                                                                                                                                                                                                                                                                                                                                                                                                                                                                                                                                                                ...
                                                                                                                                                                                                                                                                                                                                                                                                                                                                                                                                                                                                                                                                                                                                                                                                                                                                                                                                                                                                                                                                ...
                                                                                                                                                                                                                                                                                                                                                                                                                                                                                                                                                                                                                                                                                                                                                                                                                                                                                                                                                                                                                                                                ...
                                                                                                                                                                                                                                                                                                                                                                                                                                                                                                                                                                                                                                                                                                                                                                                                                                                                                                                                                                                                                                                                ...
                                                                                                                                                                                                                                                                                                                                                                                                                                                                                                                                                                                                                                                                                                                                                                                                                                                                                                                                                                                                                                                                ...
                                                                                                                                                                                                                                                                                                                                                                                                                                                                                                                                                                                                                                                                                                                                                                                                                                                                                                                                                                                                                                                                ...
Sound.cpp: 1 warning, 0 errors
compiling main.cpp...
linking...
Program Size: Code=16936 RO-data=229292 RW-data=108 ZI-data=2284  
".\Lab10_C++.axf" - 0 Error(s), 1 Warning(s).

<h2>Software Packages used:</h2>

Package Vendor: ARM
                http://www.keil.com/pack/ARM.CMSIS.5.8.0.pack
                ARM.CMSIS.5.8.0
                CMSIS (Common Microcontroller Software Interface Standard)
   * Component: CORE Version: 5.5.0

Package Vendor: Keil
                http://www.keil.com/pack/Keil.TM4C_DFP.1.1.0.pack
                Keil.TM4C_DFP.1.1.0
                Texas Instruments Tiva C Series Device Support and Examples

<h2>Collection of Component include folders:</h2>
  .\RTE\_Lab_10
  C:\Users\Joaquin\AppData\Local\Arm\Packs\ARM\CMSIS\5.8.0\CMSIS\Core\Include
  C:\Users\Joaquin\AppData\Local\Arm\Packs\Keil\TM4C_DFP\1.1.0\Device\Include\TM4C123

<h2>Collection of Component Files used:</h2>

   * Component: ARM::CMSIS:CORE:5.5.0
Build Time Elapsed:  00:00:01
</pre>
</body>
</html>
