Component: ARM Compiler 5.06 update 7 (build 960) Tool: armlink [4d3601]

==============================================================================

Section Cross References

    startup_tm4c123.o(STACK) refers (Special) to heapauxi.o(.text) for __use_two_region_memory
    startup_tm4c123.o(HEAP) refers (Special) to heapauxi.o(.text) for __use_two_region_memory
    startup_tm4c123.o(RESET) refers (Special) to heapauxi.o(.text) for __use_two_region_memory
    startup_tm4c123.o(RESET) refers to startup_tm4c123.o(STACK) for __initial_sp
    startup_tm4c123.o(RESET) refers to startup_tm4c123.o(.text) for Reset_Handler
    startup_tm4c123.o(RESET) refers to uart.o(.text) for UART1_Handler
    startup_tm4c123.o(RESET) refers to timer0.o(.text) for TIMER0A_Handler
    startup_tm4c123.o(RESET) refers to timer1.o(.text) for TIMER1A_Handler
    startup_tm4c123.o(RESET) refers to texas.o(.text) for TIMER5A_Handler
    startup_tm4c123.o(.text) refers (Special) to heapauxi.o(.text) for __use_two_region_memory
    startup_tm4c123.o(.text) refers to __main.o(!!!main) for __main
    startup_tm4c123.o(.text) refers to startup_tm4c123.o(HEAP) for Heap_Mem
    startup_tm4c123.o(.text) refers to startup_tm4c123.o(STACK) for Stack_Mem
    main.o(.text) refers to slidepot.o(.text) for ADC_Init()
    main.o(.text) refers to st7735.o(.text) for ST7735_DrawPixel(short, short, unsigned short)
    main.o(.text) refers to dflt_clz.o(x$fpl$dflt) for __aeabi_i2d
    main.o(.text) refers to pow.o(i.pow) for pow
    main.o(.text) refers to dfix.o(x$fpl$dfix) for __aeabi_d2iz
    main.o(.text) refers to timer0.o(.text) for Timer0_Stop()
    main.o(.text) refers to sound.o(.text) for Sound_Stop(int)
    main.o(.text) refers to main.o(i._ZN4Tile4fallEv) for Tile::fall()
    main.o(.text) refers to main.o(i._ZN4Tile9offScreenEv) for Tile::offScreen()
    main.o(.text) refers to main.o(.data) for language
    main.o(.text) refers to main.o(.bss) for BlockBlank
    main.o(.text) refers to main.o(i._ZN5ImageC1EiiPKt) for Image::Image(int, int, const unsigned short*)
    main.o(.text) refers to main.o(i._ZN5Image4drawEii) for Image::draw(int, int)
    main.o(.text) refers to random.o(.text) for Random()
    main.o(.text) refers to new.o(i._Znwj) for operator new(unsigned)
    main.o(.text) refers to main.o(i._ZN6SpriteC1EiiP5Image) for Sprite::Sprite(int, int, Image*)
    main.o(.text) refers to main.o(i._ZN6Sprite4drawEv) for Sprite::draw()
    main.o(.text) refers to delete.o(i._ZdlPv) for operator delete (void*)
    main.o(.text) refers to main.o(i._ZN5Image5eraseEii) for Image::erase(int, int)
    main.o(.text) refers to main.o(.constdata) for MainMenuBackgroundSrc
    main.o(.text) refers to images.o(.data) for currentBackground
    main.o(.text) refers to pll.o(.text) for PLL_Init(unsigned)
    main.o(.text) refers to texas.o(.text) for TExaS_Init()
    main.o(.text) refers to startup_tm4c123.o(.text) for EnableInterrupts
    main.o(.text) refers to sprite.o(.data) for spriteToAnimate
    main.o(.text) refers to sprite.o(.text) for floatAnimation()
    main.o(.ARM.exidx) refers to main.o(.text) for .text
    main.o(.init_array) refers to main.o(.text) for __sti___8_main_cpp_my
    main.o(.init_array) refers to init_aeabi.o(.text) for __cpp_initialize__aeabi_
    dac.o(.ARM.exidx) refers to dac.o(.text) for .text
    pll.o(.ARM.exidx) refers to pll.o(.text) for .text
    random.o(.text) refers to random.o(.data) for M
    random.o(.ARM.exidx) refers to random.o(.text) for .text
    st7735.o(.text) refers to images.o(.text) for backgroundPixel(int, int)
    st7735.o(.text) refers to st7735.o(.data) for RowStart
    st7735.o(.text) refers to st7735.o(.constdata) for Bcmd
    st7735.o(.text) refers to st7735.o(.bss) for Message
    st7735.o(.ARM.exidx) refers to st7735.o(.text) for .text
    slidepot.o(.ARM.exidx) refers to slidepot.o(.text) for .text
    sound.o(.text) refers to dac.o(.text) for DAC_Out(unsigned char)
    sound.o(.text) refers to sound.o(i._ZN5Sound4stopEv) for Sound::stop()
    sound.o(.text) refers to timer1.o(.text) for Timer1_Init(void(*)(), unsigned)
    sound.o(.text) refers to sound.o(i._ZN5SoundC1EPKhj) for Sound::Sound(const unsigned char*, unsigned)
    sound.o(.text) refers to sound.o(.data) for soundToPlay
    sound.o(.text) refers to sound.o(.bss) for soundList
    sound.o(.text) refers to sound.o(.constdata) for TitleTheme_Speed
    sound.o(.ARM.exidx) refers to sound.o(.text) for .text
    sound.o(.init_array) refers to sound.o(.text) for __sti___9_Sound_cpp_c0efdbab
    sound.o(.init_array) refers to init_aeabi.o(.text) for __cpp_initialize__aeabi_
    timer0.o(.text) refers to timer0.o(.data) for PeriodicTask0
    timer0.o(.ARM.exidx) refers to timer0.o(.text) for .text
    timer1.o(.text) refers to timer1.o(.data) for PeriodicTask1
    timer1.o(.ARM.exidx) refers to timer1.o(.text) for .text
    uart.o(.text) refers to fifo.o(.text) for Queue::Queue()
    uart.o(.text) refers to uart.o(.bss) for RxFifo
[...]
    Timer0.cpp                               0x00000000   Number         0  timer0.o ABSOLUTE
    Timer1.cpp                               0x00000000   Number         0  timer1.o ABSOLUTE
    Timer2.cpp                               0x00000000   Number         0  timer2.o ABSOLUTE
    UART.cpp                                 0x00000000   Number         0  uart.o ABSOLUTE
    dc.s                                     0x00000000   Number         0  dc.o ABSOLUTE
    main.cpp                                 0x00000000   Number         0  main.o ABSOLUTE
    random.cpp                               0x00000000   Number         0  random.o ABSOLUTE
    startup_TM4C123.s                        0x00000000   Number         0  startup_tm4c123.o ABSOLUTE
    !!!main                                  0x0000026c   Section        8  __main.o(!!!main)
    !!!scatter                               0x00000274   Section       52  __scatter.o(!!!scatter)
    !!handler_copy                           0x000002a8   Section       26  __scatter_copy.o(!!handler_copy)
    !!handler_zi                             0x000002c4   Section       28  __scatter_zi.o(!!handler_zi)
    .ARM.Collect$$libinit$$00000000          0x000002e0   Section        2  libinit.o(.ARM.Collect$$libinit$$00000000)
    .ARM.Collect$$libinit$$00000002          0x000002e2   Section        0  libinit2.o(.ARM.Collect$$libinit$$00000002)
    .ARM.Collect$$libinit$$00000004          0x000002e2   Section        0  libinit2.o(.ARM.Collect$$libinit$$00000004)
    .ARM.Collect$$libinit$$00000005          0x000002e2   Section        8  libinit2.o(.ARM.Collect$$libinit$$00000005)
    .ARM.Collect$$libinit$$0000000A          0x000002ea   Section        0  libinit2.o(.ARM.Collect$$libinit$$0000000A)
    .ARM.Collect$$libinit$$0000000C          0x000002ea   Section        0  libinit2.o(.ARM.Collect$$libinit$$0000000C)
    .ARM.Collect$$libinit$$0000000E          0x000002ea   Section        0  libinit2.o(.ARM.Collect$$libinit$$0000000E)
    .ARM.Collect$$libinit$$00000011          0x000002ea   Section        0  libinit2.o(.ARM.Collect$$libinit$$00000011)
    .ARM.Collect$$libinit$$00000013          0x000002ea   Section        0  libinit2.o(.ARM.Collect$$libinit$$00000013)
    .ARM.Collect$$libinit$$00000015          0x000002ea   Section        0  libinit2.o(.ARM.Collect$$libinit$$00000015)
    .ARM.Collect$$libinit$$00000017          0x000002ea   Section        0  libinit2.o(.ARM.Collect$$libinit$$00000017)
    .ARM.Collect$$libinit$$00000019          0x000002ea   Section        0  libinit2.o(.ARM.Collect$$libinit$$00000019)
    .ARM.Collect$$libinit$$0000001B          0x000002ea   Section        0  libinit2.o(.ARM.Collect$$libinit$$0000001B)
    .ARM.Collect$$libinit$$0000001D          0x000002ea   Section        0  libinit2.o(.ARM.Collect$$libinit$$0000001D)
    .ARM.Collect$$libinit$$0000001F          0x000002ea   Section        0  libinit2.o(.ARM.Collect$$libinit$$0000001F)
    .ARM.Collect$$libinit$$00000021          0x000002ea   Section        0  libinit2.o(.ARM.Collect$$libinit$$00000021)
    .ARM.Collect$$libinit$$00000023          0x000002ea   Section        0  libinit2.o(.ARM.Collect$$libinit$$00000023)
    .ARM.Collect$$libinit$$00000025          0x000002ea   Section        0  libinit2.o(.ARM.Collect$$libinit$$00000025)
    .ARM.Collect$$libinit$$0000002C          0x000002ea   Section        0  libinit2.o(.ARM.Collect$$libinit$$0000002C)
    .ARM.Collect$$libinit$$0000002E          0x000002ea   Section        0  libinit2.o(.ARM.Collect$$libinit$$0000002E)
    .ARM.Collect$$libinit$$00000030          0x000002ea   Section        0  libinit2.o(.ARM.Collect$$libinit$$00000030)
    .ARM.Collect$$libinit$$00000031          0x000002ea   Section        4  libinit2.o(.ARM.Collect$$libinit$$00000031)
    .ARM.Collect$$libinit$$00000032          0x000002ee   Section        0  libinit2.o(.ARM.Collect$$libinit$$00000032)
    .ARM.Collect$$libinit$$00000033          0x000002ee   Section        2  libinit2.o(.ARM.Collect$$libinit$$00000033)
    .ARM.Collect$$libshutdown$$00000000      0x000002f0   Section        2  libshutdown.o(.ARM.Collect$$libshutdown$$00000000)
    .ARM.Collect$$libshutdown$$00000002      0x000002f2   Section        0  libshutdown2.o(.ARM.Collect$$libshutdown$$00000002)
    .ARM.Collect$$libshutdown$$00000004      0x000002f2   Section        0  libshutdown2.o(.ARM.Collect$$libshutdown$$00000004)
    .ARM.Collect$$libshutdown$$00000006      0x000002f2   Section        0  libshutdown2.o(.ARM.Collect$$libshutdown$$00000006)
    .ARM.Collect$$libshutdown$$00000009      0x000002f2   Section        0  libshutdown2.o(.ARM.Collect$$libshutdown$$00000009)
    .ARM.Collect$$libshutdown$$0000000C      0x000002f2   Section        0  libshutdown2.o(.ARM.Collect$$libshutdown$$0000000C)
    .ARM.Collect$$libshutdown$$0000000E      0x000002f2   Section        0  libshutdown2.o(.ARM.Collect$$libshutdown$$0000000E)
    .ARM.Collect$$libshutdown$$00000011      0x000002f2   Section        0  libshutdown2.o(.ARM.Collect$$libshutdown$$00000011)
    .ARM.Collect$$libshutdown$$00000012      0x000002f2   Section        2  libshutdown2.o(.ARM.Collect$$libshutdown$$00000012)
    .ARM.Collect$$rtentry$$00000000          0x000002f4   Section        0  __rtentry.o(.ARM.Collect$$rtentry$$00000000)
    .ARM.Collect$$rtentry$$00000002          0x000002f4   Section        0  __rtentry2.o(.ARM.Collect$$rtentry$$00000002)
    .ARM.Collect$$rtentry$$00000004          0x000002f4   Section        6  __rtentry4.o(.ARM.Collect$$rtentry$$00000004)
    .ARM.Collect$$rtentry$$00000009          0x000002fa   Section        0  __rtentry2.o(.ARM.Collect$$rtentry$$00000009)
    .ARM.Collect$$rtentry$$0000000A          0x000002fa   Section        4  __rtentry2.o(.ARM.Collect$$rtentry$$0000000A)
    .ARM.Collect$$rtentry$$0000000C          0x000002fe   Section        0  __rtentry2.o(.ARM.Collect$$rtentry$$0000000C)
    .ARM.Collect$$rtentry$$0000000D          0x000002fe   Section        8  __rtentry2.o(.ARM.Collect$$rtentry$$0000000D)
    .ARM.Collect$$rtexit$$00000000           0x00000306   Section        2  rtexit.o(.ARM.Collect$$rtexit$$00000000)
    .ARM.Collect$$rtexit$$00000002           0x00000308   Section        0  rtexit2.o(.ARM.Collect$$rtexit$$00000002)
    .ARM.Collect$$rtexit$$00000003           0x00000308   Section        4  rtexit2.o(.ARM.Collect$$rtexit$$00000003)
    .ARM.Collect$$rtexit$$00000004           0x0000030c   Section        6  rtexit2.o(.ARM.Collect$$rtexit$$00000004)
    .emb_text                                0x00000314   Section        0  maybetermalloc1.o(.emb_text)
    .text                                    0x00000314   Section      296  startup_tm4c123.o(.text)
    .text                                    0x0000043c   Section        0  main.o(.text)
    __sti___8_main_cpp_my                    0x00001145   Thumb Code    40  main.o(.text)
    .text                                    0x000011bc   Section        0  dac.o(.text)
    .text                                    0x00001218   Section        0  pll.o(.text)
    .text                                    0x00001294   Section        0  random.o(.text)
    .text                                    0x000012d4   Section        0  st7735.o(.text)
    writecommand(unsigned char)              0x000012d5   Thumb Code    46  st7735.o(.text)
    writedata(unsigned char)                 0x00001303   Thumb Code    26  st7735.o(.text)
    deselect()                               0x0000131d   Thumb Code    24  st7735.o(.text)
    commandList(const unsigned char*)        0x00001355   Thumb Code    86  st7735.o(.text)
    commonInit(const unsigned char*)         0x000013ab   Thumb Code   342  st7735.o(.text)
    setAddrWindow(unsigned char, unsigned char, unsigned char, unsigned char) 0x00001501   Thumb Code   106  st7735.o(.text)
    pushColor(unsigned short)                0x00001757   Thumb Code    18  st7735.o(.text)
    .text                                    0x00002400   Section        0  slidepot.o(.text)
    .text                                    0x00002574   Section        0  sound.o(.text)
    __sti___9_Sound_cpp_c0efdbab             0x00002611   Thumb Code    28  sound.o(.text)
    .text                                    0x00002640   Section        0  timer0.o(.text)
    .text                                    0x000026b4   Section        0  timer1.o(.text)
    .text                                    0x00002740   Section        0  uart.o(.text)
    __sti___8_UART_cpp_RxFifo                0x0000278f   Thumb Code    10  uart.o(.text)
    .text                                    0x0000279c   Section        0  fifo.o(.text)
    .text                                    0x000027b8   Section        0  texas.o(.text)
    .text                                    0x000029b8   Section        0  sprite.o(.text)
    .text                                    0x00002a98   Section        0  images.o(.text)
    .text                                    0x00002ab8   Section        0  heapauxi.o(.text)
    .text                                    0x00002ac0   Section        0  init_aeabi.o(.text)
    .text                                    0x00002ae4   Section        8  rt_new_handler_addr_intlibspace.o(.text)
    .text                                    0x00002aec   Section        0  h1_alloc.o(.text)
    .text                                    0x00002b4a   Section        0  h1_free.o(.text)
    .text                                    0x00002b98   Section        0  _rserrno.o(.text)
    .text                                    0x00002bae   Section        0  arm_newhandler_noexceptions.o(.text)
    .text                                    0x00002bb4   Section        8  libspace.o(.text)
    .text                                    0x00002bbc   Section        8  rt_heap_descriptor_intlibspace.o(.text)
    .text                                    0x00002bc4   Section        8  rt_errno_addr_intlibspace.o(.text)
    .text                                    0x00002bcc   Section        0  hguard.o(.text)
    .text                                    0x00002bd0   Section        0  init_alloc.o(.text)
    .text                                    0x00002c5a   Section        0  h1_init.o(.text)
    .text                                    0x00002c68   Section        0  arm_exceptions_terminate.o(.text)
    .text                                    0x00002c82   Section       74  sys_stackheap_outer.o(.text)
    .text                                    0x00002ccc   Section        0  h1_extend.o(.text)
    .text                                    0x00002d00   Section        0  exit.o(.text)
    .text                                    0x00002d12   Section        0  abort.o(.text)
    .text                                    0x00002d28   Section        0  defsig_rtmem_outer.o(.text)
    .text                                    0x00002d38   Section        0  arm_exceptions_globs.o(.text)
    [local to arm_exceptions_c]::__default_terminate_handler() 0x00002d39   Thumb Code     6  arm_exceptions_globs.o(.text)
    .text                                    0x00002d88   Section        0  sys_exit.o(.text)
    .text                                    0x00002d94   Section        2  use_no_semi.o(.text)
    .text                                    0x00002d96   Section        0  indicate_semi.o(.text)
    .text                                    0x00002d98   Section        8  rt_eh_globals_addr_intlibspace.o(.text)
    .text                                    0x00002da0   Section        0  defsig_exit.o(.text)
    .text                                    0x00002daa   Section        0  defsig_abrt_outer.o(.text)
    .text                                    0x00002db8   Section        0  defsig_rtmem_inner.o(.text)
    .text                                    0x00002e08   Section        0  arm_exceptions_mem.o(.text)
    .text                                    0x00002e44   Section        0  defsig_general.o(.text)
    .text                                    0x00002e78   Section        0  defsig_abrt_inner.o(.text)
    .text                                    0x00002ea8   Section        0  sys_wrch.o(.text)
    i._ZN4Tile4fallEv                        0x00002eb8   Section        0  main.o(i._ZN4Tile4fallEv)
    i._ZN4Tile9offScreenEv                   0x00002f64   Section        0  main.o(i._ZN4Tile9offScreenEv)
    i._ZN5Image4drawEii                      0x00002fc8   Section        0  main.o(i._ZN5Image4drawEii)
    i._ZN5Image5eraseEii                     0x00002fe6   Section        0  main.o(i._ZN5Image5eraseEii)
    i._ZN5ImageC1EiiPKt                      0x0000300c   Section        0  main.o(i._ZN5ImageC1EiiPKt)
    i._ZN5Sound4stopEv                       0x00003014   Section        0  sound.o(i._ZN5Sound4stopEv)
    i._ZN5SoundC1EPKhj                       0x00003024   Section        0  sound.o(i._ZN5SoundC1EPKhj)
    i._ZN6Sprite4drawEv                      0x0000302e   Section        0  main.o(i._ZN6Sprite4drawEv)
    i._ZN6SpriteC1EiiP5Image                 0x0000303e   Section        0  main.o(i._ZN6SpriteC1EiiP5Image)
    i._ZdlPv                                 0x00003046   Section        0  delete.o(i._ZdlPv)
    i._Znwj                                  0x00003050   Section        0  new.o(i._Znwj)
    i.__ARM_fpclassify                       0x00003078   Section        0  fpclassify.o(i.__ARM_fpclassify)
    i.__kernel_poly                          0x000030a0   Section        0  poly.o(i.__kernel_poly)
    i.__mathlib_dbl_divzero                  0x0000314c   Section        0  dunder.o(i.__mathlib_dbl_divzero)
    i.__mathlib_dbl_infnan2                  0x0000315c   Section        0  dunder.o(i.__mathlib_dbl_infnan2)
    i.__mathlib_dbl_invalid                  0x00003160   Section        0  dunder.o(i.__mathlib_dbl_invalid)
    i.__mathlib_dbl_overflow                 0x0000316c   Section        0  dunder.o(i.__mathlib_dbl_overflow)
    i.__mathlib_dbl_underflow                0x0000317c   Section        0  dunder.o(i.__mathlib_dbl_underflow)
    i.pow                                    0x0000318c   Section        0  pow.o(i.pow)
    i.sqrt                                   0x00003b64   Section        0  sqrt.o(i.sqrt)
    x$fpl$dadd                               0x00003bb0   Section      336  daddsub_clz.o(x$fpl$dadd)
    _dadd1                                   0x00003bc1   Thumb Code     0  daddsub_clz.o(x$fpl$dadd)
    x$fpl$dcheck1                            0x00003d00   Section       16  dcheck1.o(x$fpl$dcheck1)
    x$fpl$dcmpinf                            0x00003d10   Section       24  dcmpi.o(x$fpl$dcmpinf)
    x$fpl$ddiv                               0x00003d28   Section      688  ddiv.o(x$fpl$ddiv)
    ddiv_entry                               0x00003d2f   Thumb Code     0  ddiv.o(x$fpl$ddiv)
    x$fpl$dfix                               0x00003fd8   Section       94  dfix.o(x$fpl$dfix)
    x$fpl$dflt                               0x00004036   Section       46  dflt_clz.o(x$fpl$dflt)
    x$fpl$dleqf                              0x00004064   Section      120  dleqf.o(x$fpl$dleqf)
    x$fpl$dmul                               0x000040dc   Section      340  dmul.o(x$fpl$dmul)
    x$fpl$dnaninf                            0x00004230   Section      156  dnaninf.o(x$fpl$dnaninf)
    x$fpl$dretinf                            0x000042cc   Section       12  dretinf.o(x$fpl$dretinf)
    x$fpl$drleqf                             0x000042d8   Section      108  drleqf.o(x$fpl$drleqf)
    x$fpl$drsb                               0x00004344   Section       22  daddsub_clz.o(x$fpl$drsb)
    x$fpl$dsqrt                              0x0000435c   Section      408  dsqrt_umaal.o(x$fpl$dsqrt)
    x$fpl$dsub                               0x000044f4   Section      468  daddsub_clz.o(x$fpl$dsub)
    _dsub1                                   0x00004505   Thumb Code     0  daddsub_clz.o(x$fpl$dsub)
    x$fpl$retnan                             0x000046c8   Section      100  retnan.o(x$fpl$retnan)
    x$fpl$scalbn                             0x0000472c   Section       92  scalbn.o(x$fpl$scalbn)
    x$fpl$trapveneer                         0x00004788   Section       48  trapv.o(x$fpl$trapveneer)
    .constdata                               0x000047b8   Section    78054  main.o(.constdata)
    x$fpl$usenofp                            0x000047b8   Section        0  usenofp.o(x$fpl$usenofp)
    GoldCoinBigSrc                           0x000047b8   Data        1276  main.o(.constdata)
    BlockBrickSrc                            0x00004cb4   Data        2048  main.o(.constdata)
    BlockBlankSrc                            0x000054b4   Data        2048  main.o(.constdata)
    ButtonHighlightedSrc                     0x00005cb4   Data        9800  main.o(.constdata)
    RedButtonSrc                             0x000082fc   Data        8096  main.o(.constdata)
    LanguageEnglishSrc                       0x0000a29c   Data         756  main.o(.constdata)
    LanguageItalianoSrc                      0x0000a590   Data         826  main.o(.constdata)
    DifficultyEasy_ENSrc                     0x0000a8ca   Data         860  main.o(.constdata)
    DifficultyEasy_ITSrc                     0x0000ac26   Data        1026  main.o(.constdata)
    DifficultyMedium_ENSrc                   0x0000b028   Data        1260  main.o(.constdata)
    DifficultyMedium_ITSrc                   0x0000b514   Data        1060  main.o(.constdata)
    DifficultyHard_ENSrc                     0x0000b938   Data         860  main.o(.constdata)
    DifficultyHard_ITSrc                     0x0000bc94   Data         938  main.o(.constdata)
    MainMenuBackgroundSrc                    0x0000c03e   Data       40960  main.o(.constdata)
    SuperMarioTilesSrc                       0x0001603e   Data        6240  main.o(.constdata)
    .constdata                               0x0001789e   Section     2114  st7735.o(.constdata)
    Font                                     0x0001789e   Data        1275  st7735.o(.constdata)
    Bcmd                                     0x00017d99   Data         103  st7735.o(.constdata)
    Rcmd1                                    0x00017e00   Data          59  st7735.o(.constdata)
    Rcmd2green                               0x00017e3b   Data          13  st7735.o(.constdata)
    Rcmd2red                                 0x00017e48   Data          13  st7735.o(.constdata)
    Rcmd3                                    0x00017e55   Data          43  st7735.o(.constdata)
    smallCircle                              0x00017e80   Data          36  st7735.o(.constdata)
    circle                                   0x00017ea4   Data          60  st7735.o(.constdata)
    dBfs                                     0x00017ee0   Data         512  st7735.o(.constdata)
    .constdata                               0x000180e0   Section    158553  sound.o(.constdata)
    TitleTheme_Speed                         0x000180e0   Data       148310  sound.o(.constdata)
    Coin                                     0x0003c436   Data       10243  sound.o(.constdata)
    .constdata                               0x0003ec40   Section      136  pow.o(.constdata)
    bp                                       0x0003ec40   Data          16  pow.o(.constdata)
    dp_h                                     0x0003ec50   Data          16  pow.o(.constdata)
    dp_l                                     0x0003ec60   Data          16  pow.o(.constdata)
    L                                        0x0003ec70   Data          48  pow.o(.constdata)
    P                                        0x0003eca0   Data          40  pow.o(.constdata)
    .constdata                               0x0003ecc8   Section        8  qnan.o(.constdata)
    .init_array                              0x0003ecf0   Section        4  main.o(.init_array)
    .init_array                              0x0003ecf4   Section        4  sound.o(.init_array)
    .init_array                              0x0003ecf8   Section        4  uart.o(.init_array)
    .init_array                              0x0003ecfc   Section        0  init_aeabi.o(.init_array)
    .data                                    0x20000000   Section       28  main.o(.data)
    .data                                    0x2000001c   Section        4  random.o(.data)
    M                                        0x2000001c   Data           4  random.o(.data)
    .data                                    0x20000020   Section       44  st7735.o(.data)
    ColStart                                 0x2000002a   Data           1  st7735.o(.data)
    RowStart                                 0x2000002b   Data           1  st7735.o(.data)
    Rotation                                 0x2000002c   Data           1  st7735.o(.data)
    TabColor                                 0x2000002d   Data           1  st7735.o(.data)
    _width                                   0x2000002e   Data           2  st7735.o(.data)
    _height                                  0x20000030   Data           2  st7735.o(.data)
    .data                                    0x2000004c   Section        4  sound.o(.data)
    .data                                    0x20000050   Section        4  timer0.o(.data)
    .data                                    0x20000054   Section        5  timer1.o(.data)
    .data                                    0x2000005c   Section       12  sprite.o(.data)
    floatOffset                              0x20000060   Data           4  sprite.o(.data)
    floatDirection                           0x20000064   Data           4  sprite.o(.data)
    .data                                    0x20000068   Section        4  images.o(.data)
    .bss                                     0x2000006c   Section       68  main.o(.bss)
    .bss                                     0x200000b0   Section       12  st7735.o(.bss)
    .bss                                     0x200000bc   Section       32  sound.o(.bss)
    .bss                                     0x200000dc   Section       40  uart.o(.bss)
    .bss                                     0x20000104   Section       96  libspace.o(.bss)
    HEAP                                     0x20000168   Section     1024  startup_tm4c123.o(HEAP)
    Heap_Mem                                 0x20000168   Data        1024  startup_tm4c123.o(HEAP)
    STACK                                    0x20000568   Section     1024  startup_tm4c123.o(STACK)
    Stack_Mem                                0x20000568   Data        1024  startup_tm4c123.o(STACK)
    __initial_sp                             0x20000968   Data           0  startup_tm4c123.o(STACK)

    Global Symbols

    Symbol Name                              Value     Ov Type        Size  Object(Section)

    BuildAttributes$$THM_ISAv4$E$P$D$K$B$S$7EM$PE$A:L22UL41UL21$X:L11$S22US41US21$IEEE1$IW$USESV6$~STKCKD$USESV7$~SHL$OTIME$ROPI$IEEEX$EBA8$UX$STANDARDLIB$REQ8$PRES8$EABIv2 0x00000000   Number         0  anon$$obj.o ABSOLUTE
    __ARM_use_no_argv                        0x00000000   Number         0  main.o ABSOLUTE
    __Vectors                                0x00000000   Data           4  startup_tm4c123.o(RESET)
    SHT$$ARM_EXIDX$$Base                      - Undefined Reference
    SHT$$ARM_EXIDX$$Limit                     - Undefined Reference
    __ARM::default_unexpected_handler()       - Undefined Weak Reference
    __ARM_exceptions_buffer_required          - Undefined Weak Reference
    __ARM_exceptions_init                     - Undefined Weak Reference
    __aeabi_unwind_cpp_pr1                    - Undefined Weak Reference
    __aeabi_unwind_cpp_pr2                    - Undefined Weak Reference
    __alloca_initialize                       - Undefined Weak Reference
    __arm_fini_                               - Undefined Weak Reference
    __arm_preinit_                            - Undefined Weak Reference
    __cxa_begin_cleanup                       - Undefined Weak Reference
    __cxa_finalize                            - Undefined Weak Reference
    __cxa_type_match                          - Undefined Weak Reference
    __rt_locale                               - Undefined Weak Reference
    __sigvec_lookup                           - Undefined Weak Reference
    __user_heap_extent                        - Undefined Weak Reference
    _atexit_init                              - Undefined Weak Reference
    _call_atexit_fns                          - Undefined Weak Reference
    _clock_init                               - Undefined Weak Reference
    _fp_trap_init                             - Undefined Weak Reference
    _fp_trap_shutdown                         - Undefined Weak Reference
    _get_lc_collate                           - Undefined Weak Reference
    _get_lc_ctype                             - Undefined Weak Reference
    _get_lc_monetary                          - Undefined Weak Reference
    _get_lc_numeric                           - Undefined Weak Reference
    _get_lc_time                              - Undefined Weak Reference
    _getenv_init                              - Undefined Weak Reference
    _handle_redirection                       - Undefined Weak Reference
    _initio                                   - Undefined Weak Reference
    _mutex_acquire                            - Undefined Weak Reference
    _mutex_free                               - Undefined Weak Reference
    _mutex_release                            - Undefined Weak Reference
    _rand_init                                - Undefined Weak Reference
    _signal_finish                            - Undefined Weak Reference
    _signal_init                              - Undefined Weak Reference
    _terminateio                              - Undefined Weak Reference
    __Vectors_End                            0x0000026c   Data           0  startup_tm4c123.o(RESET)
    __Vectors_Size                           0x0000026c   Number         0  startup_tm4c123.o ABSOLUTE
    __main                                   0x0000026d   Thumb Code     8  __main.o(!!!main)
    __scatterload                            0x00000275   Thumb Code     0  __scatter.o(!!!scatter)
    __scatterload_rt2                        0x00000275   Thumb Code    44  __scatter.o(!!!scatter)
    __scatterload_rt2_thumb_only             0x00000275   Thumb Code     0  __scatter.o(!!!scatter)
    __scatterload_null                       0x00000283   Thumb Code     0  __scatter.o(!!!scatter)
    __scatterload_copy                       0x000002a9   Thumb Code    26  __scatter_copy.o(!!handler_copy)
    __scatterload_zeroinit                   0x000002c5   Thumb Code    28  __scatter_zi.o(!!handler_zi)
    __rt_lib_init                            0x000002e1   Thumb Code     0  libinit.o(.ARM.Collect$$libinit$$00000000)
    __rt_lib_init_fp_1                       0x000002e3   Thumb Code     0  libinit2.o(.ARM.Collect$$libinit$$00000002)
    __rt_lib_init_heap_2                     0x000002e3   Thumb Code     0  libinit2.o(.ARM.Collect$$libinit$$00000005)
    __rt_lib_init_preinit_1                  0x000002e3   Thumb Code     0  libinit2.o(.ARM.Collect$$libinit$$00000004)
    __rt_lib_init_alloca_1                   0x000002eb   Thumb Code     0  libinit2.o(.ARM.Collect$$libinit$$0000002E)
    __rt_lib_init_argv_1                     0x000002eb   Thumb Code     0  libinit2.o(.ARM.Collect$$libinit$$0000002C)
    __rt_lib_init_atexit_1                   0x000002eb   Thumb Code     0  libinit2.o(.ARM.Collect$$libinit$$0000001B)
    __rt_lib_init_clock_1                    0x000002eb   Thumb Code     0  libinit2.o(.ARM.Collect$$libinit$$00000021)
    __rt_lib_init_cpp_2                      0x000002eb   Thumb Code     0  libinit2.o(.ARM.Collect$$libinit$$00000031)
    __rt_lib_init_exceptions_1               0x000002eb   Thumb Code     0  libinit2.o(.ARM.Collect$$libinit$$00000030)
    __rt_lib_init_fp_trap_1                  0x000002eb   Thumb Code     0  libinit2.o(.ARM.Collect$$libinit$$0000001F)
    __rt_lib_init_getenv_1                   0x000002eb   Thumb Code     0  libinit2.o(.ARM.Collect$$libinit$$00000023)
    __rt_lib_init_heap_1                     0x000002eb   Thumb Code     0  libinit2.o(.ARM.Collect$$libinit$$0000000A)
    __rt_lib_init_lc_collate_1               0x000002eb   Thumb Code     0  libinit2.o(.ARM.Collect$$libinit$$00000011)
    __rt_lib_init_lc_ctype_1                 0x000002eb   Thumb Code     0  libinit2.o(.ARM.Collect$$libinit$$00000013)
    __rt_lib_init_lc_monetary_1              0x000002eb   Thumb Code     0  libinit2.o(.ARM.Collect$$libinit$$00000015)
    __rt_lib_init_lc_numeric_1               0x000002eb   Thumb Code     0  libinit2.o(.ARM.Collect$$libinit$$00000017)
    __rt_lib_init_lc_time_1                  0x000002eb   Thumb Code     0  libinit2.o(.ARM.Collect$$libinit$$00000019)
    __rt_lib_init_rand_1                     0x000002eb   Thumb Code     0  libinit2.o(.ARM.Collect$$libinit$$0000000E)
    __rt_lib_init_signal_1                   0x000002eb   Thumb Code     0  libinit2.o(.ARM.Collect$$libinit$$0000001D)
    __rt_lib_init_stdio_1                    0x000002eb   Thumb Code     0  libinit2.o(.ARM.Collect$$libinit$$00000025)
    __rt_lib_init_user_alloc_1               0x000002eb   Thumb Code     0  libinit2.o(.ARM.Collect$$libinit$$0000000C)
    __rt_lib_init_cpp_1                      0x000002ef   Thumb Code     0  libinit2.o(.ARM.Collect$$libinit$$00000032)
    __rt_lib_init_return                     0x000002ef   Thumb Code     0  libinit2.o(.ARM.Collect$$libinit$$00000033)
    __rt_lib_shutdown                        0x000002f1   Thumb Code     0  libshutdown.o(.ARM.Collect$$libshutdown$$00000000)
    __rt_lib_shutdown_cpp_1                  0x000002f3   Thumb Code     0  libshutdown2.o(.ARM.Collect$$libshutdown$$00000004)
    __rt_lib_shutdown_fini_1                 0x000002f3   Thumb Code     0  libshutdown2.o(.ARM.Collect$$libshutdown$$00000002)
    __rt_lib_shutdown_fp_trap_1              0x000002f3   Thumb Code     0  libshutdown2.o(.ARM.Collect$$libshutdown$$00000009)
    __rt_lib_shutdown_heap_1                 0x000002f3   Thumb Code     0  libshutdown2.o(.ARM.Collect$$libshutdown$$00000011)
    __rt_lib_shutdown_return                 0x000002f3   Thumb Code     0  libshutdown2.o(.ARM.Collect$$libshutdown$$00000012)
    __rt_lib_shutdown_signal_1               0x000002f3   Thumb Code     0  libshutdown2.o(.ARM.Collect$$libshutdown$$0000000C)
    __rt_lib_shutdown_stdio_1                0x000002f3   Thumb Code     0  libshutdown2.o(.ARM.Collect$$libshutdown$$00000006)
    __rt_lib_shutdown_user_alloc_1           0x000002f3   Thumb Code     0  libshutdown2.o(.ARM.Collect$$libshutdown$$0000000E)
    __rt_entry                               0x000002f5   Thumb Code     0  __rtentry.o(.ARM.Collect$$rtentry$$00000000)
    __rt_entry_presh_1                       0x000002f5   Thumb Code     0  __rtentry2.o(.ARM.Collect$$rtentry$$00000002)
    __rt_entry_sh                            0x000002f5   Thumb Code     0  __rtentry4.o(.ARM.Collect$$rtentry$$00000004)
    __rt_entry_li                            0x000002fb   Thumb Code     0  __rtentry2.o(.ARM.Collect$$rtentry$$0000000A)
    __rt_entry_postsh_1                      0x000002fb   Thumb Code     0  __rtentry2.o(.ARM.Collect$$rtentry$$00000009)
    __rt_entry_main                          0x000002ff   Thumb Code     0  __rtentry2.o(.ARM.Collect$$rtentry$$0000000D)
    __rt_entry_postli_1                      0x000002ff   Thumb Code     0  __rtentry2.o(.ARM.Collect$$rtentry$$0000000C)
    __rt_exit                                0x00000307   Thumb Code     0  rtexit.o(.ARM.Collect$$rtexit$$00000000)
    __rt_exit_ls                             0x00000309   Thumb Code     0  rtexit2.o(.ARM.Collect$$rtexit$$00000003)
    __rt_exit_prels_1                        0x00000309   Thumb Code     0  rtexit2.o(.ARM.Collect$$rtexit$$00000002)
    __rt_exit_exit                           0x0000030d   Thumb Code     0  rtexit2.o(.ARM.Collect$$rtexit$$00000004)
    Reset_Handler                            0x00000315   Thumb Code     4  startup_tm4c123.o(.text)
    _maybe_terminate_alloc                   0x00000315   Thumb Code     0  maybetermalloc1.o(.emb_text)
    DisableInterrupts                        0x00000319   Thumb Code     4  startup_tm4c123.o(.text)
    EnableInterrupts                         0x0000031d   Thumb Code     4  startup_tm4c123.o(.text)
    StartCritical                            0x00000321   Thumb Code     8  startup_tm4c123.o(.text)
    EndCritical                              0x00000329   Thumb Code     6  startup_tm4c123.o(.text)
    WaitForInterrupt                         0x0000032f   Thumb Code     4  startup_tm4c123.o(.text)
    NMI_Handler                              0x00000333   Thumb Code     2  startup_tm4c123.o(.text)
    HardFault_Handler                        0x00000335   Thumb Code     2  startup_tm4c123.o(.text)
    MemManage_Handler                        0x00000337   Thumb Code     2  startup_tm4c123.o(.text)
    BusFault_Handler                         0x00000339   Thumb Code     2  startup_tm4c123.o(.text)
    UsageFault_Handler                       0x0000033b   Thumb Code     2  startup_tm4c123.o(.text)
    SVC_Handler                              0x0000033d   Thumb Code     2  startup_tm4c123.o(.text)
    DebugMon_Handler                         0x0000033f   Thumb Code     2  startup_tm4c123.o(.text)
    PendSV_Handler                           0x00000341   Thumb Code     2  startup_tm4c123.o(.text)
    SysTick_Handler                          0x00000343   Thumb Code     2  startup_tm4c123.o(.text)
    GPIOA_Handler                            0x00000345   Thumb Code     2  startup_tm4c123.o(.text)
    GPIOB_Handler                            0x00000347   Thumb Code     2  startup_tm4c123.o(.text)
    GPIOC_Handler                            0x00000349   Thumb Code     2  startup_tm4c123.o(.text)
    GPIOD_Handler                            0x0000034b   Thumb Code     2  startup_tm4c123.o(.text)
    GPIOE_Handler                            0x0000034d   Thumb Code     2  startup_tm4c123.o(.text)
    UART0_Handler                            0x0000034f   Thumb Code     2  startup_tm4c123.o(.text)
    SSI0_Handler                             0x00000353   Thumb Code     2  startup_tm4c123.o(.text)
    I2C0_Handler                             0x00000355   Thumb Code     2  startup_tm4c123.o(.text)
    PMW0_FAULT_Handler                       0x00000357   Thumb Code     2  startup_tm4c123.o(.text)
    PWM0_0_Handler                           0x00000359   Thumb Code     2  startup_tm4c123.o(.text)
    PWM0_1_Handler                           0x0000035b   Thumb Code     2  startup_tm4c123.o(.text)
    PWM0_2_Handler                           0x0000035d   Thumb Code     2  startup_tm4c123.o(.text)
    QEI0_Handler                             0x0000035f   Thumb Code     2  startup_tm4c123.o(.text)
    ADC0SS0_Handler                          0x00000361   Thumb Code     2  startup_tm4c123.o(.text)
    ADC0SS1_Handler                          0x00000363   Thumb Code     2  startup_tm4c123.o(.text)
    ADC0SS2_Handler                          0x00000365   Thumb Code     2  startup_tm4c123.o(.text)
    ADC0SS3_Handler                          0x00000367   Thumb Code     2  startup_tm4c123.o(.text)
    WDT0_Handler                             0x00000369   Thumb Code     2  startup_tm4c123.o(.text)
    TIMER0B_Handler                          0x0000036d   Thumb Code     2  startup_tm4c123.o(.text)
    TIMER1B_Handler                          0x00000371   Thumb Code     2  startup_tm4c123.o(.text)
    TIMER2A_Handler                          0x00000373   Thumb Code     2  startup_tm4c123.o(.text)
    TIMER2B_Handler                          0x00000375   Thumb Code     2  startup_tm4c123.o(.text)
    COMP0_Handler                            0x00000377   Thumb Code     2  startup_tm4c123.o(.text)
    COMP1_Handler                            0x00000379   Thumb Code     2  startup_tm4c123.o(.text)
    COMP2_Handler                            0x0000037b   Thumb Code     2  startup_tm4c123.o(.text)
    SYSCTL_Handler                           0x0000037d   Thumb Code     2  startup_tm4c123.o(.text)
    FLASH_Handler                            0x0000037f   Thumb Code     2  startup_tm4c123.o(.text)
    GPIOF_Handler                            0x00000381   Thumb Code     2  startup_tm4c123.o(.text)
    GPIOG_Handler                            0x00000383   Thumb Code     2  startup_tm4c123.o(.text)
    GPIOH_Handler                            0x00000385   Thumb Code     2  startup_tm4c123.o(.text)
    UART2_Handler                            0x00000387   Thumb Code     2  startup_tm4c123.o(.text)
    SSI1_Handler                             0x00000389   Thumb Code     2  startup_tm4c123.o(.text)
    TIMER3A_Handler                          0x0000038b   Thumb Code     2  startup_tm4c123.o(.text)
    TIMER3B_Handler                          0x0000038d   Thumb Code     2  startup_tm4c123.o(.text)
    I2C1_Handler                             0x0000038f   Thumb Code     2  startup_tm4c123.o(.text)
    QEI1_Handler                             0x00000391   Thumb Code     2  startup_tm4c123.o(.text)
    CAN0_Handler                             0x00000393   Thumb Code     2  startup_tm4c123.o(.text)
    CAN1_Handler                             0x00000395   Thumb Code     2  startup_tm4c123.o(.text)
    CAN2_Handler                             0x00000397   Thumb Code     2  startup_tm4c123.o(.text)
    HIB_Handler                              0x00000399   Thumb Code     2  startup_tm4c123.o(.text)
    USB0_Handler                             0x0000039b   Thumb Code     2  startup_tm4c123.o(.text)
    PWM0_3_Handler                           0x0000039d   Thumb Code     2  startup_tm4c123.o(.text)
    UDMA_Handler                             0x0000039f   Thumb Code     2  startup_tm4c123.o(.text)
    UDMAERR_Handler                          0x000003a1   Thumb Code     2  startup_tm4c123.o(.text)
    ADC1SS0_Handler                          0x000003a3   Thumb Code     2  startup_tm4c123.o(.text)
    ADC1SS1_Handler                          0x000003a5   Thumb Code     2  startup_tm4c123.o(.text)
    ADC1SS2_Handler                          0x000003a7   Thumb Code     2  startup_tm4c123.o(.text)
    ADC1SS3_Handler                          0x000003a9   Thumb Code     2  startup_tm4c123.o(.text)
    GPIOJ_Handler                            0x000003ab   Thumb Code     2  startup_tm4c123.o(.text)
    GPIOK_Handler                            0x000003ad   Thumb Code     2  startup_tm4c123.o(.text)
    GPIOL_Handler                            0x000003af   Thumb Code     2  startup_tm4c123.o(.text)
    SSI2_Handler                             0x000003b1   Thumb Code     2  startup_tm4c123.o(.text)
    SSI3_Handler                             0x000003b3   Thumb Code     2  startup_tm4c123.o(.text)
    UART3_Handler                            0x000003b5   Thumb Code     2  startup_tm4c123.o(.text)
    UART4_Handler                            0x000003b7   Thumb Code     2  startup_tm4c123.o(.text)
    UART5_Handler                            0x000003b9   Thumb Code     2  startup_tm4c123.o(.text)
    UART6_Handler                            0x000003bb   Thumb Code     2  startup_tm4c123.o(.text)
    UART7_Handler                            0x000003bd   Thumb Code     2  startup_tm4c123.o(.text)
    I2C2_Handler                             0x000003bf   Thumb Code     2  startup_tm4c123.o(.text)
    I2C3_Handler                             0x000003c1   Thumb Code     2  startup_tm4c123.o(.text)
    TIMER4A_Handler                          0x000003c3   Thumb Code     2  startup_tm4c123.o(.text)
    TIMER4B_Handler                          0x000003c5   Thumb Code     2  startup_tm4c123.o(.text)
    TIMER5B_Handler                          0x000003c9   Thumb Code     2  startup_tm4c123.o(.text)
    WTIMER0A_Handler                         0x000003cb   Thumb Code     2  startup_tm4c123.o(.text)
    WTIMER0B_Handler                         0x000003cd   Thumb Code     2  startup_tm4c123.o(.text)
    WTIMER1A_Handler                         0x000003cf   Thumb Code     2  startup_tm4c123.o(.text)
    WTIMER1B_Handler                         0x000003d1   Thumb Code     2  startup_tm4c123.o(.text)
    WTIMER2A_Handler                         0x000003d3   Thumb Code     2  startup_tm4c123.o(.text)
    WTIMER2B_Handler                         0x000003d5   Thumb Code     2  startup_tm4c123.o(.text)
    WTIMER3A_Handler                         0x000003d7   Thumb Code     2  startup_tm4c123.o(.text)
    WTIMER3B_Handler                         0x000003d9   Thumb Code     2  startup_tm4c123.o(.text)
    WTIMER4A_Handler                         0x000003db   Thumb Code     2  startup_tm4c123.o(.text)
    WTIMER4B_Handler                         0x000003dd   Thumb Code     2  startup_tm4c123.o(.text)
    WTIMER5A_Handler                         0x000003df   Thumb Code     2  startup_tm4c123.o(.text)
    WTIMER5B_Handler                         0x000003e1   Thumb Code     2  startup_tm4c123.o(.text)
    FPU_Handler                              0x000003e3   Thumb Code     2  startup_tm4c123.o(.text)
    I2C4_Handler                             0x000003e5   Thumb Code     2  startup_tm4c123.o(.text)
    I2C5_Handler                             0x000003e7   Thumb Code     2  startup_tm4c123.o(.text)
    GPIOM_Handler                            0x000003e9   Thumb Code     2  startup_tm4c123.o(.text)
    GPION_Handler                            0x000003eb   Thumb Code     2  startup_tm4c123.o(.text)
    QEI2_Handler                             0x000003ed   Thumb Code     2  startup_tm4c123.o(.text)
    GPIOP0_Handler                           0x000003ef   Thumb Code     2  startup_tm4c123.o(.text)
    GPIOP1_Handler                           0x000003f1   Thumb Code     2  startup_tm4c123.o(.text)
    GPIOP2_Handler                           0x000003f3   Thumb Code     2  startup_tm4c123.o(.text)
    GPIOP3_Handler                           0x000003f5   Thumb Code     2  startup_tm4c123.o(.text)
    GPIOP4_Handler                           0x000003f7   Thumb Code     2  startup_tm4c123.o(.text)
    GPIOP5_Handler                           0x000003f9   Thumb Code     2  startup_tm4c123.o(.text)
    GPIOP6_Handler                           0x000003fb   Thumb Code     2  startup_tm4c123.o(.text)
    GPIOP7_Handler                           0x000003fd   Thumb Code     2  startup_tm4c123.o(.text)
    GPIOQ0_Handler                           0x000003ff   Thumb Code     2  startup_tm4c123.o(.text)
    GPIOQ1_Handler                           0x00000401   Thumb Code     2  startup_tm4c123.o(.text)
    GPIOQ2_Handler                           0x00000403   Thumb Code     2  startup_tm4c123.o(.text)
    GPIOQ3_Handler                           0x00000405   Thumb Code     2  startup_tm4c123.o(.text)
    GPIOQ4_Handler                           0x00000407   Thumb Code     2  startup_tm4c123.o(.text)
    GPIOQ5_Handler                           0x00000409   Thumb Code     2  startup_tm4c123.o(.text)
    GPIOQ6_Handler                           0x0000040b   Thumb Code     2  startup_tm4c123.o(.text)
    GPIOQ7_Handler                           0x0000040d   Thumb Code     2  startup_tm4c123.o(.text)
    GPIOR_Handler                            0x0000040f   Thumb Code     2  startup_tm4c123.o(.text)
    GPIOS_Handler                            0x00000411   Thumb Code     2  startup_tm4c123.o(.text)
    PMW1_0_Handler                           0x00000413   Thumb Code     2  startup_tm4c123.o(.text)
    PWM1_1_Handler                           0x00000415   Thumb Code     2  startup_tm4c123.o(.text)
    PWM1_2_Handler                           0x00000417   Thumb Code     2  startup_tm4c123.o(.text)
    PWM1_3_Handler                           0x00000419   Thumb Code     2  startup_tm4c123.o(.text)
    PWM1_FAULT_Handler                       0x0000041b   Thumb Code     2  startup_tm4c123.o(.text)
    __user_initial_stackheap                 0x0000041d   Thumb Code     0  startup_tm4c123.o(.text)
    Input_Init()                             0x0000043d   Thumb Code    58  main.o(.text)
    transitionCollapse()                     0x00000477   Thumb Code    70  main.o(.text)
    printScore(int)                          0x000004bd   Thumb Code    86  main.o(.text)
    endScreen()                              0x00000513   Thumb Code   456  main.o(.text)
    gameUpdate()                             0x000006db   Thumb Code   684  main.o(.text)
    gameScreen()                             0x00000987   Thumb Code   346  main.o(.text)
    IO_Touch(int, bool)                      0x00000ae1   Thumb Code    76  main.o(.text)
    difficultySelectScreen()                 0x00000b2d   Thumb Code   992  main.o(.text)
    languageSelectScreen()                   0x00000f0d   Thumb Code   342  main.o(.text)
    menuScreen()                             0x00001063   Thumb Code   132  main.o(.text)
    main                                     0x000010e7   Thumb Code    94  main.o(.text)
    DAC_Init()                               0x000011bd   Thumb Code    68  dac.o(.text)
    DAC_Out(unsigned char)                   0x00001201   Thumb Code    10  dac.o(.text)
    PLL_Init(unsigned)                       0x00001219   Thumb Code   120  pll.o(.text)
    Random_Init(unsigned)                    0x00001295   Thumb Code     6  random.o(.text)
    Random32()                               0x0000129b   Thumb Code    22  random.o(.text)
    Random()                                 0x000012b1   Thumb Code    24  random.o(.text)
    Delay1ms(unsigned)                       0x00001335   Thumb Code    32  st7735.o(.text)
    ST7735_FillRect(short, short, short, short, unsigned short) 0x0000156b   Thumb Code   244  st7735.o(.text)
    ST7735_FillScreen(unsigned short)        0x0000165f   Thumb Code    28  st7735.o(.text)
    ST7735_SetCursor(unsigned, unsigned)     0x0000167b   Thumb Code    22  st7735.o(.text)
    ST7735_InitB()                           0x00001691   Thumb Code   108  st7735.o(.text)
    ST7735_InitR(initRFlags)                 0x000016fd   Thumb Code    90  st7735.o(.text)
    ST7735_DrawPixel(short, short, unsigned short) 0x00001769   Thumb Code    68  st7735.o(.text)
    ST7735_DrawFastVLine(short, short, short, unsigned short) 0x000017ad   Thumb Code   120  st7735.o(.text)
    ST7735_DrawFastHLine(short, short, short, unsigned short) 0x00001825   Thumb Code   120  st7735.o(.text)
    ST7735_DrawSmallCircle(short, short, unsigned short) 0x0000189d   Thumb Code   158  st7735.o(.text)
    ST7735_DrawCircle(short, short, unsigned short) 0x0000193b   Thumb Code   158  st7735.o(.text)
    ST7735_Color565(unsigned char, unsigned char, unsigned char) 0x000019d9   Thumb Code    24  st7735.o(.text)
    ST7735_SwapColor(unsigned short)         0x000019f1   Thumb Code    18  st7735.o(.text)
    ST7735_DrawBitmap(short, short, const unsigned short*, short, short) 0x00001a03   Thumb Code   374  st7735.o(.text)
    ST7735_DrawCharS(short, short, char, short, short, unsigned char) 0x00001b79   Thumb Code   236  st7735.o(.text)
    ST7735_DrawChar(short, short, char, short, short, unsigned char) 0x00001c65   Thumb Code   264  st7735.o(.text)
    ST7735_DrawString(unsigned short, unsigned short, char*, short) 0x00001d6d   Thumb Code    84  st7735.o(.text)
    fillmessage(unsigned)                    0x00001dc1   Thumb Code    64  st7735.o(.text)
    ST7735_OutUDec(unsigned)                 0x00001e01   Thumb Code   118  st7735.o(.text)
    ST7735_SetRotation(unsigned char)        0x00001e77   Thumb Code   200  st7735.o(.text)
    ST7735_InvertDisplay(int)                0x00001f3f   Thumb Code    26  st7735.o(.text)
    ST7735_PlotClear(int, int)               0x00001f59   Thumb Code   124  st7735.o(.text)
    ST7735_PlotPoint(int)                    0x00001fd5   Thumb Code   136  st7735.o(.text)
    ST7735_PlotLine(int)                     0x0000205d   Thumb Code   242  st7735.o(.text)
    ST7735_PlotPoints(int, int)              0x0000214f   Thumb Code   154  st7735.o(.text)
    ST7735_PlotBar(int)                      0x000021e9   Thumb Code    72  st7735.o(.text)
    ST7735_PlotdBfs(int)                     0x00002231   Thumb Code    52  st7735.o(.text)
    ST7735_PlotNext()                        0x00002265   Thumb Code    28  st7735.o(.text)
    ST7735_PlotNextErase()                   0x00002281   Thumb Code    58  st7735.o(.text)
    ST7735_OutChar                           0x000022bb   Thumb Code   176  st7735.o(.text)
    ST7735_OutString                         0x0000236b   Thumb Code    22  st7735.o(.text)
    ST7735_SetTextColor(unsigned short)      0x00002381   Thumb Code     6  st7735.o(.text)
    Output_Init()                            0x00002387   Thumb Code    82  st7735.o(.text)
    Output_Clear()                           0x000023d9   Thumb Code    10  st7735.o(.text)
    Output_Off()                             0x000023e3   Thumb Code     8  st7735.o(.text)
    Output_On()                              0x000023eb   Thumb Code     8  st7735.o(.text)
    Output_Color(unsigned)                   0x000023f3   Thumb Code    12  st7735.o(.text)
    ADC_Init()                               0x00002401   Thumb Code   186  slidepot.o(.text)
    ADC_In()                                 0x000024bb   Thumb Code    36  slidepot.o(.text)
    SlidePot::SlidePot(unsigned, unsigned)   0x000024df   Thumb Code    14  slidepot.o(.text)
    SlidePot::SlidePot__sub_object(unsigned, unsigned) 0x000024df   Thumb Code     0  slidepot.o(.text)
    SlidePot::Convert(unsigned)              0x000024ed   Thumb Code    14  slidepot.o(.text)
    SlidePot::Save(unsigned)                 0x000024fb   Thumb Code    24  slidepot.o(.text)
    SlidePot::Sync()                         0x00002513   Thumb Code    14  slidepot.o(.text)
    SlidePot::ADCsample()                    0x00002521   Thumb Code     6  slidepot.o(.text)
    SlidePot::Distance()                     0x00002527   Thumb Code     6  slidepot.o(.text)
    SlidePot::PosSect(unsigned char)         0x0000252d   Thumb Code    46  slidepot.o(.text)
    playSample()                             0x00002575   Thumb Code    76  sound.o(.text)
    Sound_Init()                             0x000025c1   Thumb Code     8  sound.o(.text)
    Sound_Play(int, bool)                    0x000025c9   Thumb Code    48  sound.o(.text)
    Sound_Stop(int)                          0x000025f9   Thumb Code    16  sound.o(.text)
    Sound_Stop()                             0x00002609   Thumb Code     8  sound.o(.text)
    Timer0_Init(void(*)(), unsigned)         0x00002641   Thumb Code    70  timer0.o(.text)
    Timer0_Stop()                            0x00002687   Thumb Code     8  timer0.o(.text)
    TIMER0A_Handler                          0x0000268f   Thumb Code    16  timer0.o(.text)
    Timer1_Init(void(*)(), unsigned)         0x000026b5   Thumb Code    74  timer1.o(.text)
    TIMER1A_Handler                          0x000026ff   Thumb Code    26  timer1.o(.text)
    Timer1_Stop()                            0x00002719   Thumb Code    14  timer1.o(.text)
    UART_Init()                              0x00002741   Thumb Code     2  uart.o(.text)
    UART_InChar()                            0x00002743   Thumb Code     2  uart.o(.text)
    UART_InStatus()                          0x00002745   Thumb Code     4  uart.o(.text)
    UART_OutChar(char)                       0x00002749   Thumb Code     2  uart.o(.text)
    UART1_Handler                            0x0000274b   Thumb Code     2  uart.o(.text)
    UART_OutString(char*)                    0x0000274d   Thumb Code    22  uart.o(.text)
    UART_OutUDec(unsigned)                   0x00002763   Thumb Code    42  uart.o(.text)
    UART_InMessage(char*)                    0x0000278d   Thumb Code     2  uart.o(.text)
    Queue::Queue()                           0x0000279d   Thumb Code     2  fifo.o(.text)
    Queue::Queue__sub_object()               0x0000279d   Thumb Code     0  fifo.o(.text)
    Queue::IsEmpty()                         0x0000279f   Thumb Code     6  fifo.o(.text)
    Queue::IsFull()                          0x000027a5   Thumb Code     6  fifo.o(.text)
    Queue::Put(char)                         0x000027ab   Thumb Code     6  fifo.o(.text)
    Queue::Get(char*)                        0x000027b1   Thumb Code     6  fifo.o(.text)
    Queue::Print()                           0x000027b7   Thumb Code     2  fifo.o(.text)
    ADC1_Init()                              0x000027b9   Thumb Code   174  texas.o(.text)
    UART0_Init()                             0x00002867   Thumb Code   152  texas.o(.text)
    TExaS_Init()                             0x000028ff   Thumb Code    92  texas.o(.text)
    TIMER5A_Handler                          0x0000295b   Thumb Code    20  texas.o(.text)
    TExaS_Stop()                             0x0000296f   Thumb Code    18  texas.o(.text)
    floatAnimation()                         0x000029b9   Thumb Code   212  sprite.o(.text)
    backgroundPixel(int, int)                0x00002a99   Thumb Code    28  images.o(.text)
    __use_two_region_memory                  0x00002ab9   Thumb Code     2  heapauxi.o(.text)
    __rt_heap_escrow                         0x00002abb   Thumb Code     2  heapauxi.o(.text)
    __rt_heap_expand                         0x00002abd   Thumb Code     2  heapauxi.o(.text)
    __cpp_initialize__aeabi_                 0x00002ac1   Thumb Code    26  init_aeabi.o(.text)
    __rt_new_handler_addr                    0x00002ae5   Thumb Code     8  rt_new_handler_addr_intlibspace.o(.text)
    malloc                                   0x00002aed   Thumb Code    94  h1_alloc.o(.text)
    free                                     0x00002b4b   Thumb Code    78  h1_free.o(.text)
    __read_errno                             0x00002b99   Thumb Code    10  _rserrno.o(.text)
    __set_errno                              0x00002ba3   Thumb Code    12  _rserrno.o(.text)
    __default_new_handler()                  0x00002baf   Thumb Code     4  arm_newhandler_noexceptions.o(.text)
    __user_libspace                          0x00002bb5   Thumb Code     8  libspace.o(.text)
    __user_perproc_libspace                  0x00002bb5   Thumb Code     0  libspace.o(.text)
    __user_perthread_libspace                0x00002bb5   Thumb Code     0  libspace.o(.text)
    __rt_heap_descriptor                     0x00002bbd   Thumb Code     8  rt_heap_descriptor_intlibspace.o(.text)
    __aeabi_errno_addr                       0x00002bc5   Thumb Code     8  rt_errno_addr_intlibspace.o(.text)
    __errno$intlibspace                      0x00002bc5   Thumb Code     0  rt_errno_addr_intlibspace.o(.text)
    __rt_errno_addr$intlibspace              0x00002bc5   Thumb Code     0  rt_errno_addr_intlibspace.o(.text)
    __use_no_heap                            0x00002bcd   Thumb Code     2  hguard.o(.text)
    __heap$guard                             0x00002bcf   Thumb Code     2  hguard.o(.text)
    _terminate_user_alloc                    0x00002bd1   Thumb Code     2  init_alloc.o(.text)
    _init_user_alloc                         0x00002bd3   Thumb Code     2  init_alloc.o(.text)
    __Heap_Full                              0x00002bd5   Thumb Code    34  init_alloc.o(.text)
    __Heap_Broken                            0x00002bf7   Thumb Code     6  init_alloc.o(.text)
    _init_alloc                              0x00002bfd   Thumb Code    94  init_alloc.o(.text)
    __Heap_Initialize                        0x00002c5b   Thumb Code    10  h1_init.o(.text)
    __Heap_DescSize                          0x00002c65   Thumb Code     4  h1_init.o(.text)
    std::terminate()                         0x00002c69   Thumb Code    26  arm_exceptions_terminate.o(.text)
    __user_setup_stackheap                   0x00002c83   Thumb Code    74  sys_stackheap_outer.o(.text)
    __Heap_ProvideMemory                     0x00002ccd   Thumb Code    52  h1_extend.o(.text)
    exit                                     0x00002d01   Thumb Code    18  exit.o(.text)
    abort                                    0x00002d13   Thumb Code    22  abort.o(.text)
    __rt_SIGRTMEM                            0x00002d29   Thumb Code    14  defsig_rtmem_outer.o(.text)
    __cxa_get_globals                        0x00002d3f   Thumb Code    62  arm_exceptions_globs.o(.text)
    _sys_exit                                0x00002d89   Thumb Code     8  sys_exit.o(.text)
    __I$use$semihosting                      0x00002d95   Thumb Code     0  use_no_semi.o(.text)
    __use_no_semihosting_swi                 0x00002d95   Thumb Code     2  use_no_semi.o(.text)
    __semihosting_library_function           0x00002d97   Thumb Code     0  indicate_semi.o(.text)
    __rt_eh_globals_addr                     0x00002d99   Thumb Code     8  rt_eh_globals_addr_intlibspace.o(.text)
    __sig_exit                               0x00002da1   Thumb Code    10  defsig_exit.o(.text)
    __rt_SIGABRT                             0x00002dab   Thumb Code    14  defsig_abrt_outer.o(.text)
    __rt_SIGRTMEM_inner                      0x00002db9   Thumb Code    22  defsig_rtmem_inner.o(.text)
    __ARM_exceptions_buffer_init             0x00002e09   Thumb Code    18  arm_exceptions_mem.o(.text)
    __ARM_exceptions_buffer_allocate         0x00002e1b   Thumb Code    22  arm_exceptions_mem.o(.text)
    __ARM_exceptions_buffer_free             0x00002e31   Thumb Code    20  arm_exceptions_mem.o(.text)
    __default_signal_display                 0x00002e45   Thumb Code    50  defsig_general.o(.text)
    __rt_SIGABRT_inner                       0x00002e79   Thumb Code    14  defsig_abrt_inner.o(.text)
    _ttywrch                                 0x00002ea9   Thumb Code    14  sys_wrch.o(.text)
    Tile::fall()                             0x00002eb9   Thumb Code   166  main.o(i._ZN4Tile4fallEv)
    Tile::offScreen()                        0x00002f65   Thumb Code    88  main.o(i._ZN4Tile9offScreenEv)
    Image::draw(int, int)                    0x00002fc9   Thumb Code    30  main.o(i._ZN5Image4drawEii)
    Image::erase(int, int)                   0x00002fe7   Thumb Code    38  main.o(i._ZN5Image5eraseEii)
    Image::Image(int, int, const unsigned short*) 0x0000300d   Thumb Code     8  main.o(i._ZN5ImageC1EiiPKt)
    Image::Image__sub_object(int, int, const unsigned short*) 0x0000300d   Thumb Code     0  main.o(i._ZN5ImageC1EiiPKt)
    Sound::stop()                            0x00003015   Thumb Code    16  sound.o(i._ZN5Sound4stopEv)
    Sound::Sound(const unsigned char*, unsigned) 0x00003025   Thumb Code    10  sound.o(i._ZN5SoundC1EPKhj)
    Sound::Sound__sub_object(const unsigned char*, unsigned) 0x00003025   Thumb Code     0  sound.o(i._ZN5SoundC1EPKhj)
    Sprite::draw()                           0x0000302f   Thumb Code    16  main.o(i._ZN6Sprite4drawEv)
    Sprite::Sprite(int, int, Image*)         0x0000303f   Thumb Code     8  main.o(i._ZN6SpriteC1EiiP5Image)
    Sprite::Sprite__sub_object(int, int, Image*) 0x0000303f   Thumb Code     0  main.o(i._ZN6SpriteC1EiiP5Image)
    operator delete (void*)                  0x00003047   Thumb Code     8  delete.o(i._ZdlPv)
    operator new(unsigned)                   0x00003051   Thumb Code    34  new.o(i._Znwj)
    __ARM_fpclassify                         0x00003079   Thumb Code    40  fpclassify.o(i.__ARM_fpclassify)
    __kernel_poly                            0x000030a1   Thumb Code   170  poly.o(i.__kernel_poly)
    __mathlib_dbl_divzero                    0x0000314d   Thumb Code    12  dunder.o(i.__mathlib_dbl_divzero)
    __mathlib_dbl_infnan2                    0x0000315d   Thumb Code     4  dunder.o(i.__mathlib_dbl_infnan2)
    __mathlib_dbl_invalid                    0x00003161   Thumb Code    12  dunder.o(i.__mathlib_dbl_invalid)
    __mathlib_dbl_overflow                   0x0000316d   Thumb Code    14  dunder.o(i.__mathlib_dbl_overflow)
    __mathlib_dbl_underflow                  0x0000317d   Thumb Code    10  dunder.o(i.__mathlib_dbl_underflow)
    pow                                      0x0000318d   Thumb Code  2512  pow.o(i.pow)
    sqrt                                     0x00003b65   Thumb Code    76  sqrt.o(i.sqrt)
    __aeabi_dadd                             0x00003bb1   Thumb Code     0  daddsub_clz.o(x$fpl$dadd)
    _dadd                                    0x00003bb1   Thumb Code   332  daddsub_clz.o(x$fpl$dadd)
    __fpl_dcheck_NaN1                        0x00003d01   Thumb Code    10  dcheck1.o(x$fpl$dcheck1)
    __fpl_dcmp_Inf                           0x00003d11   Thumb Code    24  dcmpi.o(x$fpl$dcmpinf)
    __aeabi_ddiv                             0x00003d29   Thumb Code     0  ddiv.o(x$fpl$ddiv)
    _ddiv                                    0x00003d29   Thumb Code   552  ddiv.o(x$fpl$ddiv)
    __aeabi_d2iz                             0x00003fd9   Thumb Code     0  dfix.o(x$fpl$dfix)
    _dfix                                    0x00003fd9   Thumb Code    94  dfix.o(x$fpl$dfix)
    __aeabi_i2d                              0x00004037   Thumb Code     0  dflt_clz.o(x$fpl$dflt)
    _dflt                                    0x00004037   Thumb Code    46  dflt_clz.o(x$fpl$dflt)
    __aeabi_cdcmple                          0x00004065   Thumb Code     0  dleqf.o(x$fpl$dleqf)
    _dcmple                                  0x00004065   Thumb Code   120  dleqf.o(x$fpl$dleqf)
    __fpl_dcmple_InfNaN                      0x000040c7   Thumb Code     0  dleqf.o(x$fpl$dleqf)
    __aeabi_dmul                             0x000040dd   Thumb Code     0  dmul.o(x$fpl$dmul)
    _dmul                                    0x000040dd   Thumb Code   332  dmul.o(x$fpl$dmul)
    __fpl_dnaninf                            0x00004231   Thumb Code   156  dnaninf.o(x$fpl$dnaninf)
    __fpl_dretinf                            0x000042cd   Thumb Code    12  dretinf.o(x$fpl$dretinf)
    __aeabi_cdrcmple                         0x000042d9   Thumb Code     0  drleqf.o(x$fpl$drleqf)
    _drcmple                                 0x000042d9   Thumb Code   108  drleqf.o(x$fpl$drleqf)
    __aeabi_drsub                            0x00004345   Thumb Code     0  daddsub_clz.o(x$fpl$drsb)
    _drsb                                    0x00004345   Thumb Code    22  daddsub_clz.o(x$fpl$drsb)
    _dsqrt                                   0x0000435d   Thumb Code   404  dsqrt_umaal.o(x$fpl$dsqrt)
    __aeabi_dsub                             0x000044f5   Thumb Code     0  daddsub_clz.o(x$fpl$dsub)
    _dsub                                    0x000044f5   Thumb Code   464  daddsub_clz.o(x$fpl$dsub)
    __fpl_return_NaN                         0x000046c9   Thumb Code   100  retnan.o(x$fpl$retnan)
    __ARM_scalbn                             0x0000472d   Thumb Code    92  scalbn.o(x$fpl$scalbn)
    __fpl_cmpreturn                          0x00004789   Thumb Code    48  trapv.o(x$fpl$trapveneer)
    __I$use$fp                               0x000047b8   Number         0  usenofp.o(x$fpl$usenofp)
    __mathlib_zero                           0x0003ecc8   Data           8  qnan.o(.constdata)
    Region$$Table$$Base                      0x0003ecd0   Number         0  anon$$obj.o(Region$$Table)
    Region$$Table$$Limit                     0x0003ecf0   Number         0  anon$$obj.o(Region$$Table)
    SHT$$INIT_ARRAY$$Base                    0x0003ecf0   Number         0  main.o(.init_array)
    SHT$$INIT_ARRAY$$Limit                   0x0003ecfc   Number         0  init_aeabi.o(.init_array)
    ongoingGame                              0x20000000   Data           1  main.o(.data)
    playerScore                              0x20000004   Data           4  main.o(.data)
    playerLives                              0x20000008   Data           4  main.o(.data)
    fallTileCount                            0x2000000c   Data           4  main.o(.data)
    currentScreen                            0x20000010   Data           1  main.o(.data)
    language                                 0x20000011   Data           1  main.o(.data)
    difficulty                               0x20000012   Data           1  main.o(.data)
    targetTile                               0x20000014   Data           4  main.o(.data)
    tilesLength                              0x20000018   Data           4  main.o(.data)
    StX                                      0x20000020   Data           4  st7735.o(.data)
    StY                                      0x20000024   Data           4  st7735.o(.data)
    StTextColor                              0x20000028   Data           2  st7735.o(.data)
    Messageindex                             0x20000034   Data           4  st7735.o(.data)
    Ymax                                     0x20000038   Data           4  st7735.o(.data)
    Ymin                                     0x2000003c   Data           4  st7735.o(.data)
    X                                        0x20000040   Data           4  st7735.o(.data)
    Yrange                                   0x20000044   Data           4  st7735.o(.data)
    lastj                                    0x20000048   Data           4  st7735.o(.data)
    soundToPlay                              0x2000004c   Data           4  sound.o(.data)
    PeriodicTask0                            0x20000050   Data           4  timer0.o(.data)
    PeriodicTask1                            0x20000054   Data           4  timer1.o(.data)
    stopped                                  0x20000058   Data           1  timer1.o(.data)
    spriteToAnimate                          0x2000005c   Data           4  sprite.o(.data)
    currentBackground                        0x20000068   Data           4  images.o(.data)
    my                                       0x2000006c   Data          20  main.o(.bss)
    tiles                                    0x20000080   Data          24  main.o(.bss)
    BlockBrick                               0x20000098   Data          12  main.o(.bss)
    BlockBlank                               0x200000a4   Data          12  main.o(.bss)
    Message                                  0x200000b0   Data          12  st7735.o(.bss)
    soundList                                0x200000bc   Data          32  sound.o(.bss)
    RxFifo                                   0x200000dc   Data          40  uart.o(.bss)
    __libspace_start                         0x20000104   Data          96  libspace.o(.bss)
    __temporary_stack_top$libspace           0x20000164   Data           0  libspace.o(.bss)



==============================================================================

Memory Map of the image

  Image Entry point : 0x0000026d

  Load Region LR_IROM1 (Base: 0x00000000, Size: 0x0003ed68, Max: 0x00040000, ABSOLUTE)

    Execution Region ER_IROM1 (Exec base: 0x00000000, Load base: 0x00000000, Size: 0x0003ecfc, Max: 0x00040000, ABSOLUTE)

    Exec Addr    Load Addr    Size         Type   Attr      Idx    E Section Name        Object

    0x00000000   0x00000000   0x0000026c   Data   RO            3    RESET               startup_tm4c123.o
    0x0000026c   0x0000026c   0x00000008   Code   RO          581  * !!!main             c_w.l(__main.o)
    0x00000274   0x00000274   0x00000034   Code   RO         1146    !!!scatter          c_w.l(__scatter.o)
    0x000002a8   0x000002a8   0x0000001a   Code   RO         1148    !!handler_copy      c_w.l(__scatter_copy.o)
    0x000002c2   0x000002c2   0x00000002   PAD
    0x000002c4   0x000002c4   0x0000001c   Code   RO         1150    !!handler_zi        c_w.l(__scatter_zi.o)
    0x000002e0   0x000002e0   0x00000002   Code   RO         1019    .ARM.Collect$$libinit$$00000000  c_w.l(libinit.o)
    0x000002e2   0x000002e2   0x00000000   Code   RO          687    .ARM.Collect$$libinit$$00000002  c_w.l(libinit2.o)
    0x000002e2   0x000002e2   0x00000000   Code   RO          689    .ARM.Collect$$libinit$$00000004  c_w.l(libinit2.o)
    0x000002e2   0x000002e2   0x00000008   Code   RO          690    .ARM.Collect$$libinit$$00000005  c_w.l(libinit2.o)
    0x000002ea   0x000002ea   0x00000000   Code   RO          692    .ARM.Collect$$libinit$$0000000A  c_w.l(libinit2.o)
    0x000002ea   0x000002ea   0x00000000   Code   RO          694    .ARM.Collect$$libinit$$0000000C  c_w.l(libinit2.o)
    0x000002ea   0x000002ea   0x00000000   Code   RO          696    .ARM.Collect$$libinit$$0000000E  c_w.l(libinit2.o)
    0x000002ea   0x000002ea   0x00000000   Code   RO          699    .ARM.Collect$$libinit$$00000011  c_w.l(libinit2.o)
    0x000002ea   0x000002ea   0x00000000   Code   RO          701    .ARM.Collect$$libinit$$00000013  c_w.l(libinit2.o)
    0x000002ea   0x000002ea   0x00000000   Code   RO          703    .ARM.Collect$$libinit$$00000015  c_w.l(libinit2.o)
    0x000002ea   0x000002ea   0x00000000   Code   RO          705    .ARM.Collect$$libinit$$00000017  c_w.l(libinit2.o)
    0x000002ea   0x000002ea   0x00000000   Code   RO          707    .ARM.Collect$$libinit$$00000019  c_w.l(libinit2.o)
    0x000002ea   0x000002ea   0x00000000   Code   RO          709    .ARM.Collect$$libinit$$0000001B  c_w.l(libinit2.o)
    0x000002ea   0x000002ea   0x00000000   Code   RO          711    .ARM.Collect$$libinit$$0000001D  c_w.l(libinit2.o)
    0x000002ea   0x000002ea   0x00000000   Code   RO          713    .ARM.Collect$$libinit$$0000001F  c_w.l(libinit2.o)
    0x000002ea   0x000002ea   0x00000000   Code   RO          715    .ARM.Collect$$libinit$$00000021  c_w.l(libinit2.o)
    0x000002ea   0x000002ea   0x00000000   Code   RO          717    .ARM.Collect$$libinit$$00000023  c_w.l(libinit2.o)
    0x000002ea   0x000002ea   0x00000000   Code   RO          719    .ARM.Collect$$libinit$$00000025  c_w.l(libinit2.o)
    0x000002ea   0x000002ea   0x00000000   Code   RO          723    .ARM.Collect$$libinit$$0000002C  c_w.l(libinit2.o)
    0x000002ea   0x000002ea   0x00000000   Code   RO          725    .ARM.Collect$$libinit$$0000002E  c_w.l(libinit2.o)
    0x000002ea   0x000002ea   0x00000000   Code   RO          727    .ARM.Collect$$libinit$$00000030  c_w.l(libinit2.o)
    0x000002ea   0x000002ea   0x00000004   Code   RO          728    .ARM.Collect$$libinit$$00000031  c_w.l(libinit2.o)
    0x000002ee   0x000002ee   0x00000000   Code   RO          729    .ARM.Collect$$libinit$$00000032  c_w.l(libinit2.o)
    0x000002ee   0x000002ee   0x00000002   Code   RO          730    .ARM.Collect$$libinit$$00000033  c_w.l(libinit2.o)
    0x000002f0   0x000002f0   0x00000002   Code   RO         1129    .ARM.Collect$$libshutdown$$00000000  c_w.l(libshutdown.o)
    0x000002f2   0x000002f2   0x00000000   Code   RO         1106    .ARM.Collect$$libshutdown$$00000002  c_w.l(libshutdown2.o)
    0x000002f2   0x000002f2   0x00000000   Code   RO         1108    .ARM.Collect$$libshutdown$$00000004  c_w.l(libshutdown2.o)
    0x000002f2   0x000002f2   0x00000000   Code   RO         1110    .ARM.Collect$$libshutdown$$00000006  c_w.l(libshutdown2.o)
    0x000002f2   0x000002f2   0x00000000   Code   RO         1113    .ARM.Collect$$libshutdown$$00000009  c_w.l(libshutdown2.o)
    0x000002f2   0x000002f2   0x00000000   Code   RO         1116    .ARM.Collect$$libshutdown$$0000000C  c_w.l(libshutdown2.o)
    0x000002f2   0x000002f2   0x00000000   Code   RO         1118    .ARM.Collect$$libshutdown$$0000000E  c_w.l(libshutdown2.o)
    0x000002f2   0x000002f2   0x00000000   Code   RO         1121    .ARM.Collect$$libshutdown$$00000011  c_w.l(libshutdown2.o)
    0x000002f2   0x000002f2   0x00000002   Code   RO         1122    .ARM.Collect$$libshutdown$$00000012  c_w.l(libshutdown2.o)
    0x000002f4   0x000002f4   0x00000000   Code   RO          616    .ARM.Collect$$rtentry$$00000000  c_w.l(__rtentry.o)
    0x000002f4   0x000002f4   0x00000000   Code   RO          802    .ARM.Collect$$rtentry$$00000002  c_w.l(__rtentry2.o)
    0x000002f4   0x000002f4   0x00000006   Code   RO          814    .ARM.Collect$$rtentry$$00000004  c_w.l(__rtentry4.o)
    0x000002fa   0x000002fa   0x00000000   Code   RO          804    .ARM.Collect$$rtentry$$00000009  c_w.l(__rtentry2.o)
    0x000002fa   0x000002fa   0x00000004   Code   RO          805    .ARM.Collect$$rtentry$$0000000A  c_w.l(__rtentry2.o)
    0x000002fe   0x000002fe   0x00000000   Code   RO          807    .ARM.Collect$$rtentry$$0000000C  c_w.l(__rtentry2.o)
    0x000002fe   0x000002fe   0x00000008   Code   RO          808    .ARM.Collect$$rtentry$$0000000D  c_w.l(__rtentry2.o)
    0x00000306   0x00000306   0x00000002   Code   RO         1055    .ARM.Collect$$rtexit$$00000000  c_w.l(rtexit.o)
    0x00000308   0x00000308   0x00000000   Code   RO         1089    .ARM.Collect$$rtexit$$00000002  c_w.l(rtexit2.o)
    0x00000308   0x00000308   0x00000004   Code   RO         1090    .ARM.Collect$$rtexit$$00000003  c_w.l(rtexit2.o)
    0x0000030c   0x0000030c   0x00000006   Code   RO         1091    .ARM.Collect$$rtexit$$00000004  c_w.l(rtexit2.o)
    0x00000312   0x00000312   0x00000002   PAD
    0x00000314   0x00000314   0x00000000   Code   RO          993    .emb_text           c_w.l(maybetermalloc1.o)
    0x00000314   0x00000314   0x00000128   Code   RO            4    .text               startup_tm4c123.o
    0x0000043c   0x0000043c   0x00000d80   Code   RO           10    .text               main.o
    0x000011bc   0x000011bc   0x0000005c   Code   RO          311    .text               dac.o
    0x00001218   0x00001218   0x0000007c   Code   RO          330    .text               pll.o
    0x00001294   0x00001294   0x00000040   Code   RO          343    .text               random.o
    0x000012d4   0x000012d4   0x0000112a   Code   RO          358    .text               st7735.o
    0x000023fe   0x000023fe   0x00000002   PAD
    0x00002400   0x00002400   0x00000174   Code   RO          379    .text               slidepot.o
    0x00002574   0x00002574   0x000000cc   Code   RO          392    .text               sound.o
    0x00002640   0x00002640   0x00000074   Code   RO          439    .text               timer0.o
    0x000026b4   0x000026b4   0x0000008c   Code   RO          455    .text               timer1.o
    0x00002740   0x00002740   0x0000005c   Code   RO          471    .text               uart.o
    0x0000279c   0x0000279c   0x0000001c   Code   RO          491    .text               fifo.o
    0x000027b8   0x000027b8   0x00000200   Code   RO          503    .text               texas.o
    0x000029b8   0x000029b8   0x000000e0   Code   RO          519    .text               sprite.o
    0x00002a98   0x00002a98   0x00000020   Code   RO          545    .text               images.o
    0x00002ab8   0x00002ab8   0x00000006   Code   RO          579    .text               c_w.l(heapauxi.o)
    0x00002abe   0x00002abe   0x00000002   PAD
    0x00002ac0   0x00002ac0   0x00000024   Code   RO          586    .text               c_w.l(init_aeabi.o)
    0x00002ae4   0x00002ae4   0x00000008   Code   RO          620    .text               c_w.l(rt_new_handler_addr_intlibspace.o)
    0x00002aec   0x00002aec   0x0000005e   Code   RO          626    .text               c_w.l(h1_alloc.o)
    0x00002b4a   0x00002b4a   0x0000004e   Code   RO          628    .text               c_w.l(h1_free.o)
    0x00002b98   0x00002b98   0x00000016   Code   RO          684    .text               c_w.l(_rserrno.o)
    0x00002bae   0x00002bae   0x00000004   Code   RO          734    .text               cpprt_w.l(arm_newhandler_noexceptions.o)
    0x00002bb2   0x00002bb2   0x00000002   PAD
    0x00002bb4   0x00002bb4   0x00000008   Code   RO          796    .text               c_w.l(libspace.o)
    0x00002bbc   0x00002bbc   0x00000008   Code   RO          819    .text               c_w.l(rt_heap_descriptor_intlibspace.o)
    0x00002bc4   0x00002bc4   0x00000008   Code   RO          824    .text               c_w.l(rt_errno_addr_intlibspace.o)
    0x00002bcc   0x00002bcc   0x00000004   Code   RO          826    .text               c_w.l(hguard.o)
    0x00002bd0   0x00002bd0   0x0000008a   Code   RO          828    .text               c_w.l(init_alloc.o)
    0x00002c5a   0x00002c5a   0x0000000e   Code   RO          832    .text               c_w.l(h1_init.o)
    0x00002c68   0x00002c68   0x0000001a   Code   RO          971    .text               cpprt_w.l(arm_exceptions_terminate.o)
    0x00002c82   0x00002c82   0x0000004a   Code   RO          989    .text               c_w.l(sys_stackheap_outer.o)
    0x00002ccc   0x00002ccc   0x00000034   Code   RO          995    .text               c_w.l(h1_extend.o)
    0x00002d00   0x00002d00   0x00000012   Code   RO          999    .text               c_w.l(exit.o)
    0x00002d12   0x00002d12   0x00000016   Code   RO         1001    .text               c_w.l(abort.o)
    0x00002d28   0x00002d28   0x0000000e   Code   RO         1003    .text               c_w.l(defsig_rtmem_outer.o)
    0x00002d36   0x00002d36   0x00000002   PAD
    0x00002d38   0x00002d38   0x00000050   Code   RO         1036    .text               cpprt_w.l(arm_exceptions_globs.o)
    0x00002d88   0x00002d88   0x0000000c   Code   RO         1050    .text               c_w.l(sys_exit.o)
    0x00002d94   0x00002d94   0x00000002   Code   RO         1052    .text               c_w.l(use_no_semi.o)
    0x00002d96   0x00002d96   0x00000000   Code   RO         1054    .text               c_w.l(indicate_semi.o)
    0x00002d96   0x00002d96   0x00000002   PAD
    0x00002d98   0x00002d98   0x00000008   Code   RO         1062    .text               c_w.l(rt_eh_globals_addr_intlibspace.o)
    0x00002da0   0x00002da0   0x0000000a   Code   RO         1068    .text               c_w.l(defsig_exit.o)
    0x00002daa   0x00002daa   0x0000000e   Code   RO         1070    .text               c_w.l(defsig_abrt_outer.o)
    0x00002db8   0x00002db8   0x00000050   Code   RO         1074    .text               c_w.l(defsig_rtmem_inner.o)
    0x00002e08   0x00002e08   0x0000003c   Code   RO         1083    .text               cpprt_w.l(arm_exceptions_mem.o)
    0x00002e44   0x00002e44   0x00000032   Code   RO         1101    .text               c_w.l(defsig_general.o)
    0x00002e76   0x00002e76   0x00000002   PAD
    0x00002e78   0x00002e78   0x00000030   Code   RO         1103    .text               c_w.l(defsig_abrt_inner.o)
    0x00002ea8   0x00002ea8   0x0000000e   Code   RO         1123    .text               c_w.l(sys_wrch.o)
    0x00002eb6   0x00002eb6   0x00000002   PAD
    0x00002eb8   0x00002eb8   0x000000ac   Code   RO           32    i._ZN4Tile4fallEv   main.o
    0x00002f64   0x00002f64   0x00000064   Code   RO           44    i._ZN4Tile9offScreenEv  main.o
    0x00002fc8   0x00002fc8   0x0000001e   Code   RO           26    i._ZN5Image4drawEii  main.o
    0x00002fe6   0x00002fe6   0x00000026   Code   RO           38    i._ZN5Image5eraseEii  main.o
    0x0000300c   0x0000300c   0x00000008   Code   RO           62    i._ZN5ImageC1EiiPKt  main.o
    0x00003014   0x00003014   0x00000010   Code   RO          408    i._ZN5Sound4stopEv  sound.o
    0x00003024   0x00003024   0x0000000a   Code   RO          414    i._ZN5SoundC1EPKhj  sound.o
    0x0000302e   0x0000302e   0x00000010   Code   RO           50    i._ZN6Sprite4drawEv  main.o
    0x0000303e   0x0000303e   0x00000008   Code   RO           56    i._ZN6SpriteC1EiiP5Image  main.o
    0x00003046   0x00003046   0x00000008   Code   RO          589    i._ZdlPv            cpprt_w.l(delete.o)
    0x0000304e   0x0000304e   0x00000002   PAD
    0x00003050   0x00003050   0x00000028   Code   RO          592    i._Znwj             cpprt_w.l(new.o)
    0x00003078   0x00003078   0x00000028   Code   RO          783    i.__ARM_fpclassify  m_ws.l(fpclassify.o)
    0x000030a0   0x000030a0   0x000000aa   Code   RO          785    i.__kernel_poly     m_ws.l(poly.o)
    0x0000314a   0x0000314a   0x00000002   PAD
    0x0000314c   0x0000314c   0x00000010   Code   RO          769    i.__mathlib_dbl_divzero  m_ws.l(dunder.o)
    0x0000315c   0x0000315c   0x00000004   Code   RO          771    i.__mathlib_dbl_infnan2  m_ws.l(dunder.o)
    0x00003160   0x00003160   0x0000000c   Code   RO          772    i.__mathlib_dbl_invalid  m_ws.l(dunder.o)
    0x0000316c   0x0000316c   0x0000000e   Code   RO          773    i.__mathlib_dbl_overflow  m_ws.l(dunder.o)
    0x0000317a   0x0000317a   0x00000002   PAD
    0x0000317c   0x0000317c   0x00000010   Code   RO          775    i.__mathlib_dbl_underflow  m_ws.l(dunder.o)
    0x0000318c   0x0000318c   0x000009d8   Code   RO          607    i.pow               m_ws.l(pow.o)
    0x00003b64   0x00003b64   0x0000004c   Code   RO          789    i.sqrt              m_ws.l(sqrt.o)
    0x00003bb0   0x00003bb0   0x00000150   Code   RO          750    x$fpl$dadd          fz_ws.l(daddsub_clz.o)
    0x00003d00   0x00003d00   0x00000010   Code   RO          977    x$fpl$dcheck1       fz_ws.l(dcheck1.o)
    0x00003d10   0x00003d10   0x00000018   Code   RO         1046    x$fpl$dcmpinf       fz_ws.l(dcmpi.o)
    0x00003d28   0x00003d28   0x000002b0   Code   RO          757    x$fpl$ddiv          fz_ws.l(ddiv.o)
    0x00003fd8   0x00003fd8   0x0000005e   Code   RO          596    x$fpl$dfix          fz_ws.l(dfix.o)
    0x00004036   0x00004036   0x0000002e   Code   RO          601    x$fpl$dflt          fz_ws.l(dflt_clz.o)
    0x00004064   0x00004064   0x00000078   Code   RO          979    x$fpl$dleqf         fz_ws.l(dleqf.o)
    0x000040dc   0x000040dc   0x00000154   Code   RO          760    x$fpl$dmul          fz_ws.l(dmul.o)
    0x00004230   0x00004230   0x0000009c   Code   RO          762    x$fpl$dnaninf       fz_ws.l(dnaninf.o)
    0x000042cc   0x000042cc   0x0000000c   Code   RO          981    x$fpl$dretinf       fz_ws.l(dretinf.o)
    0x000042d8   0x000042d8   0x0000006c   Code   RO          764    x$fpl$drleqf        fz_ws.l(drleqf.o)
    0x00004344   0x00004344   0x00000016   Code   RO          751    x$fpl$drsb          fz_ws.l(daddsub_clz.o)
    0x0000435a   0x0000435a   0x00000002   PAD
    0x0000435c   0x0000435c   0x00000198   Code   RO          983    x$fpl$dsqrt         fz_ws.l(dsqrt_umaal.o)
    0x000044f4   0x000044f4   0x000001d4   Code   RO          752    x$fpl$dsub          fz_ws.l(daddsub_clz.o)
    0x000046c8   0x000046c8   0x00000064   Code   RO         1048    x$fpl$retnan        fz_ws.l(retnan.o)
    0x0000472c   0x0000472c   0x0000005c   Code   RO          766    x$fpl$scalbn        fz_ws.l(scalbn.o)
    0x00004788   0x00004788   0x00000030   Code   RO         1086    x$fpl$trapveneer    fz_ws.l(trapv.o)
    0x000047b8   0x000047b8   0x00000000   Code   RO          768    x$fpl$usenofp       fz_ws.l(usenofp.o)
    0x000047b8   0x000047b8   0x000130e6   Data   RO           13    .constdata          main.o
    0x0001789e   0x0001789e   0x00000842   Data   RO          361    .constdata          st7735.o
    0x000180e0   0x000180e0   0x00026b59   Data   RO          395    .constdata          sound.o
    0x0003ec39   0x0003ec39   0x00000007   PAD
    0x0003ec40   0x0003ec40   0x00000088   Data   RO          608    .constdata          m_ws.l(pow.o)
    0x0003ecc8   0x0003ecc8   0x00000008   Data   RO          787    .constdata          m_ws.l(qnan.o)
    0x0003ecd0   0x0003ecd0   0x00000020   Data   RO         1144    Region$$Table       anon$$obj.o
    0x0003ecf0   0x0003ecf0   0x00000004   Data   RO           15    .init_array         main.o
    0x0003ecf4   0x0003ecf0   0x00000004   Data   RO          397    .init_array         sound.o
    0x0003ecf8   0x0003ecf0   0x00000004   Data   RO          474    .init_array         uart.o
    0x0003ecfc   0x0003ecf0   0x00000000   Data   RO          584    .init_array         c_w.l(init_aeabi.o)


    Execution Region RW_IRAM1 (Exec base: 0x20000000, Load base: 0x0003ecfc, Size: 0x00000968, Max: 0x00008000, ABSOLUTE)

    Exec Addr    Load Addr    Size         Type   Attr      Idx    E Section Name        Object

    0x20000000   0x0003ecfc   0x0000001c   Data   RW           14    .data               main.o
    0x2000001c   0x0003ed18   0x00000004   Data   RW          345    .data               random.o
    0x20000020   0x0003ed1c   0x0000002c   Data   RW          362    .data               st7735.o
    0x2000004c   0x0003ed48   0x00000004   Data   RW          396    .data               sound.o
    0x20000050   0x0003ed4c   0x00000004   Data   RW          441    .data               timer0.o
    0x20000054   0x0003ed50   0x00000005   Data   RW          457    .data               timer1.o
    0x20000059   0x0003ed55   0x00000003   PAD
    0x2000005c   0x0003ed58   0x0000000c   Data   RW          521    .data               sprite.o
    0x20000068   0x0003ed64   0x00000004   Data   RW          547    .data               images.o
    0x2000006c        -       0x00000044   Zero   RW           12    .bss                main.o
    0x200000b0        -       0x0000000c   Zero   RW          360    .bss                st7735.o
    0x200000bc        -       0x00000020   Zero   RW          394    .bss                sound.o
    0x200000dc        -       0x00000028   Zero   RW          473    .bss                uart.o
    0x20000104        -       0x00000060   Zero   RW          797    .bss                c_w.l(libspace.o)
    0x20000164   0x0003ed68   0x00000004   PAD
    0x20000168        -       0x00000400   Zero   RW            2    HEAP                startup_tm4c123.o
    0x20000568        -       0x00000400   Zero   RW            1    STACK               startup_tm4c123.o


==============================================================================

Image component sizes


      Code (inc. data)   RO Data    RW Data    ZI Data      Debug   Object Name

        92         14          0          0          0       1851   dac.o
        28          0          0          0          0       1272   fifo.o
        32          4          0          4          0       1158   images.o
      3828        516      78058         28         68      22040   main.o
       124          4          0          0          0        503   pll.o
        64         12          0          4          0        966   random.o
       372         26          0          0          0       2066   slidepot.o
       230         20     158557          4         32       5819   sound.o
       224         12          0         12          0       3779   sprite.o
      4394        232       2114         44         12      18016   st7735.o
       296         22        620          0       2048       5648   startup_tm4c123.o
       512         56          0          0          0       1609   texas.o
       116         22          0          4          0       1482   timer0.o
       140         26          0          5          0       1550   timer1.o
        92          4          4          0         40       2385   uart.o

    ----------------------------------------------------------------------
     10546        970     239392        108       2200      70144   Object Totals
         0          0         32          0          0          0   (incl. Generated)
         2          0          7          3          0          0   (incl. Padding)

    ----------------------------------------------------------------------

      Code (inc. data)   RO Data    RW Data    ZI Data      Debug   Library Member Name

         8          0          0          0          0         68   __main.o
         0          0          0          0          0          0   __rtentry.o
        12          0          0          0          0          0   __rtentry2.o
         6          0          0          0          0          0   __rtentry4.o
        52          8          0          0          0          0   __scatter.o
        26          0          0          0          0          0   __scatter_copy.o
        28          0          0          0          0          0   __scatter_zi.o
        22          0          0          0          0        100   _rserrno.o
        22          0          0          0          0         80   abort.o
        48         34          0          0          0         76   defsig_abrt_inner.o
        14          0          0          0          0         80   defsig_abrt_outer.o
        10          0          0          0          0         68   defsig_exit.o
        50          0          0          0          0         88   defsig_general.o
        80         58          0          0          0         76   defsig_rtmem_inner.o
        14          0          0          0          0         80   defsig_rtmem_outer.o
        18          0          0          0          0         80   exit.o
        94          0          0          0          0         80   h1_alloc.o
        52          0          0          0          0         68   h1_extend.o
        78          0          0          0          0         80   h1_free.o
        14          0          0          0          0         84   h1_init.o
         6          0          0          0          0        152   heapauxi.o
         4          0          0          0          0        136   hguard.o
         0          0          0          0          0          0   indicate_semi.o
        36         10          0          0          0         80   init_aeabi.o
       138          0          0          0          0        168   init_alloc.o
         2          0          0          0          0          0   libinit.o
        14          0          0          0          0          0   libinit2.o
         2          0          0          0          0          0   libshutdown.o
         2          0          0          0          0          0   libshutdown2.o
         8          4          0          0         96         68   libspace.o
         0          0          0          0          0          0   maybetermalloc1.o
         8          4          0          0          0         68   rt_eh_globals_addr_intlibspace.o
         8          4          0          0          0         68   rt_errno_addr_intlibspace.o
         8          4          0          0          0         68   rt_heap_descriptor_intlibspace.o
         8          4          0          0          0         68   rt_new_handler_addr_intlibspace.o
         2          0          0          0          0          0   rtexit.o
        10          0          0          0          0          0   rtexit2.o
        12          4          0          0          0         68   sys_exit.o
        74          0          0          0          0         80   sys_stackheap_outer.o
        14          0          0          0          0         76   sys_wrch.o
         2          0          0          0          0         68   use_no_semi.o
        80         12          0          0          0        104   arm_exceptions_globs.o
        60          0          0          0          0        108   arm_exceptions_mem.o
        26          0          0          0          0         76   arm_exceptions_terminate.o
         4          0          0          0          0         68   arm_newhandler_noexceptions.o
         8          0          0          0          0         76   delete.o
        40          6          0          0          0         76   new.o
       826         16          0          0          0        348   daddsub_clz.o
        16          4          0          0          0         68   dcheck1.o
        24          0          0          0          0         68   dcmpi.o
       688        140          0          0          0        208   ddiv.o
        94          4          0          0          0         92   dfix.o
        46          0          0          0          0         68   dflt_clz.o
       120          4          0          0          0         92   dleqf.o
       340         12          0          0          0        104   dmul.o
       156          4          0          0          0         92   dnaninf.o
        12          0          0          0          0         68   dretinf.o
       108          0          0          0          0         80   drleqf.o
       408         56          0          0          0        120   dsqrt_umaal.o
       100          0          0          0          0         68   retnan.o
        92          0          0          0          0         68   scalbn.o
        48          0          0          0          0         68   trapv.o
         0          0          0          0          0          0   usenofp.o
        62         10          0          0          0        340   dunder.o
        40          0          0          0          0         68   fpclassify.o
       170          0          0          0          0         96   poly.o
      2520        190        136          0          0        324   pow.o
         0          0          8          0          0          0   qnan.o
        76          0          0          0          0         84   sqrt.o

    ----------------------------------------------------------------------
      7194        592        144          0        100       5308   Library Totals
        24          0          0          0          4          0   (incl. Padding)

    ----------------------------------------------------------------------

      Code (inc. data)   RO Data    RW Data    ZI Data      Debug   Library Name

      1006        134          0          0         96       2276   c_w.l
       218         18          0          0          0        508   cpprt_w.l
      3078        240          0          0          0       1612   fz_ws.l
      2868        200        144          0          0        912   m_ws.l

    ----------------------------------------------------------------------
      7194        592        144          0        100       5308   Library Totals

    ----------------------------------------------------------------------

==============================================================================


      Code (inc. data)   RO Data    RW Data    ZI Data      Debug   

     17740       1562     239536        108       2300      70820   Grand Totals
     17740       1562     239536        108       2300      70820   ELF Image Totals
     17740       1562     239536        108          0          0   ROM Totals

==============================================================================

    Total RO  Size (Code + RO Data)               257276 ( 251.25kB)
    Total RW  Size (RW Data + ZI Data)              2408 (   2.35kB)
    Total ROM Size (Code + RO Data + RW Data)     257384 ( 251.35kB)

==============================================================================

